11-08 14:54:29.813 10815 10831 I TestRunner: started: testEventDetail(com.example.titans_project.MainActivityTest)
11-08 14:54:29.827 10815 10831 W Settings: Setting always_finish_activities has moved from android.provider.Settings.System to android.provider.Settings.Global, returning read-only value.
11-08 14:54:29.831   589   607 W InputManager-JNI: Input channel object '912e2d5 com.example.titans_project/com.example.titans_project.BrowseContentView (client)' was disposed without first being removed with the input manager!
11-08 14:54:29.857  1132  1132 I TopTaskTracker: onTaskRemoved: taskId=210
11-08 14:54:29.857  1132  1132 I TopTaskTracker: onTaskRemoved: taskId=210
11-08 14:54:29.870   589  1809 V GrammaticalInflectionUtils: AttributionSource: android.content.AttributionSource@269cd2af does not have READ_SYSTEM_GRAMMATICAL_GENDER permission.
11-08 14:54:29.885 10875 10875 W WindowOnBackDispatcher: sendCancelIfRunning: isInProgress=false callback=android.view.ViewRootImpl$$ExternalSyntheticLambda11@74a3fa6
11-08 14:54:29.903  1132  1132 W SplitSelectStateCtor: Missing session instanceIds
11-08 14:54:29.904  1132  1132 D StatsLog: LAUNCHER_SPLIT_SELECTION_EXIT_INTERRUPTED
11-08 14:54:29.916   589  1383 W InputManager-JNI: Input channel object '7c6d87c com.example.titans_project.test/androidx.test.core.app.InstrumentationActivityInvoker$EmptyActivity (client)' was disposed without first being removed with the input manager!
11-08 14:54:29.919   445   445 I BpBinder: onLastStrongRef automatically unlinking death recipients:
11-08 14:54:29.940  1132  1132 I TopTaskTracker: onTaskMovedToFront: (moved taskInfo to front) taskId=212, baseIntent=Intent { act=android.intent.action.MAIN cat=[android.intent.category.LAUNCHER] flg=0x10008000 cmp=com.example.titans_project/.MainActivity }
11-08 14:54:29.983 10815 10815 D LifecycleMonitor: Lifecycle status change: com.example.titans_project.MainActivity@83e15f7 in: PRE_ON_CREATE
11-08 14:54:29.984 10815 10815 V ActivityScenario: Activity lifecycle changed event received but ignored because the reported transition was not ON_CREATE while the last known transition was PRE_ON_CREATE
11-08 14:54:29.987  1132  1132 I TopTaskTracker: onTaskRemoved: taskId=211
11-08 14:54:30.078  1132  1132 I TopTaskTracker: onTaskRemoved: taskId=211
11-08 14:54:30.199 10815 10815 D AnonymousAuthActivity: User already signed in
11-08 14:54:30.208 10815 10815 D LifecycleMonitor: Lifecycle status change: com.example.titans_project.MainActivity@83e15f7 in: CREATED
11-08 14:54:30.208 10815 10815 V ActivityScenario: Update currentActivityStage to CREATED, currentActivity=com.example.titans_project.MainActivity@83e15f7
11-08 14:54:30.212 10815 10815 D LifecycleMonitor: Lifecycle status change: com.example.titans_project.MainActivity@83e15f7 in: STARTED
11-08 14:54:30.212 10815 10815 V ActivityScenario: Update currentActivityStage to STARTED, currentActivity=com.example.titans_project.MainActivity@83e15f7
11-08 14:54:30.217 10815 10815 D LifecycleMonitor: Lifecycle status change: com.example.titans_project.MainActivity@83e15f7 in: RESUMED
11-08 14:54:30.217 10815 10815 V ActivityScenario: Update currentActivityStage to RESUMED, currentActivity=com.example.titans_project.MainActivity@83e15f7
11-08 14:54:30.233 10815 10815 D AnonymousAuthActivity: Event(Orange Monkey, null) fetched
11-08 14:54:30.238 10815 10815 D AnonymousAuthActivity: Event(fakeEventTitle, null) fetched
11-08 14:54:30.239 10815 10815 D AnonymousAuthActivity: Event(testEventTitle, null) fetched
11-08 14:54:30.247 10815 10903 D ProfileInstaller: Installing profile for com.example.titans_project
11-08 14:54:30.393   384  3608 D android.hardware.audio@7.1-impl.ranchu: threadLoop: entering standby, frames: 16507136
11-08 14:54:30.412  1132  1132 D VRI[NexusLauncherActivity]: visibilityChanged oldVisibility=true newVisibility=false
11-08 14:54:30.413  1132  1132 D NexusLauncherModelDelegate: notifySmartspaceEvent: SmartspaceTargetEvent{mSmartspaceTarget=null, mSmartspaceActionId='null', mEventType=7}
11-08 14:54:30.427   589   612 W ziparchive: Unable to open '/data/app/~~bqoH5gK_9gQY_DuYSu6FYA==/com.example.titans_project-QUvj1pCANrfHS8AXEmjJHA==/base.dm': No such file or directory
11-08 14:54:30.471   589   612 I ActivityTaskManager: Displayed com.example.titans_project/.MainActivity for user 0: +563ms
11-08 14:54:30.484  1132  1547 D EGL_emulation: app_time_stats: avg=33.46ms min=1.64ms max=294.29ms count=28
11-08 14:54:30.589   589   710 I ImeTracker: com.example.titans_project:bc8c7048: onRequestHide at ORIGIN_SERVER reason HIDE_UNSPECIFIED_WINDOW fromUser false
11-08 14:54:30.595   589   710 I ImeTracker: com.example.titans_project:bc8c7048: onCancelled at PHASE_SERVER_SHOULD_HIDE
11-08 14:54:30.627 10815 10831 W SurfaceComposerClient: Sync transaction timed out waiting for commit callback.
11-08 14:54:30.649  1132  1132 D BaseDepthController: setSurface:
11-08 14:54:30.649  1132  1132 D BaseDepthController: 	mWaitingOnSurfaceValidity: false
11-08 14:54:30.649  1132  1132 D BaseDepthController: 	mSurface: null
11-08 14:54:30.652  1251  1251 I GoogleInputMethodService: GoogleInputMethodService.onFinishInput():3157
11-08 14:54:30.657  1251  1251 I GoogleInputMethodService: GoogleInputMethodService.updateDeviceLockedStatus():2248 repeatCheckTimes = 0, locked = false
11-08 14:54:30.657   589  1814 V GrammaticalInflectionUtils: AttributionSource: android.content.AttributionSource@328ebf08 does not have READ_SYSTEM_GRAMMATICAL_GENDER permission.
11-08 14:54:30.657  1251  1251 I GoogleInputMethodService: GoogleInputMethodService.onStartInput():1986 onStartInput(EditorInfo{EditorInfo{packageName=com.example.titans_project, inputType=0, inputTypeString=NULL, enableLearning=false, autoCorrection=false, autoComplete=false, imeOptions=0, privateImeOptions=null, actionName=UNSPECIFIED, actionLabel=null, initialSelStart=-1, initialSelEnd=-1, initialCapsMode=0, label=null, fieldId=0, fieldName=null, extras=null, hintText=null, hintLocales=[]}}, false)
11-08 14:54:30.658  1251  1251 I GoogleInputMethodService: GoogleInputMethodService.updateDeviceLockedStatus():2248 repeatCheckTimes = 1, locked = false
11-08 14:54:30.658  1251  1251 I AndroidIME: InputBundleManager.loadActiveInputBundleId():450 loadActiveInputBundleId: und-Latn-x-password, password
11-08 14:54:30.659  1132  1132 D BaseDepthController: mSurface is null and mCurrentBlur is: 0
11-08 14:54:30.660  1132  1132 D StateManager: goToState - fromState: Normal, toState: Normal, partial trace:
11-08 14:54:30.660  1132  1132 D StateManager: 	at com.android.launcher3.statemanager.StateManager.moveToRestState(go/retraceme 2855a437b73635ce9cad76b9289087e631bbb67fc90008a0da13d343a00e5041:4)
11-08 14:54:30.660  1132  1132 D StateManager: 	at com.android.launcher3.statemanager.StateManager.moveToRestState(go/retraceme 2855a437b73635ce9cad76b9289087e631bbb67fc90008a0da13d343a00e5041:1)
11-08 14:54:30.660  1132  1132 D StateManager: 	at com.android.launcher3.statemanager.StatefulActivity.onStop(go/retraceme 2855a437b73635ce9cad76b9289087e631bbb67fc90008a0da13d343a00e5041:34)
11-08 14:54:30.660  1132  1132 D StatsLog: LAUNCHER_ONSTOP
11-08 14:54:30.661  1132  1132 D StatsLog: LAUNCHER_GOOGLE_SEARCH_RESTORE_LIST_SIZE_AFTER_ACTIVITY_RESTART
11-08 14:54:30.668  1132  1634 D OneSearchSuggestProvider: Shut down the binder channel
11-08 14:54:30.671  1132  1437 I IPCThreadState: oneway function results for code 2 on binder at 0x7134c0d55870 will be dropped but finished with status UNKNOWN_TRANSACTION
11-08 14:54:30.725 10815 10815 D LifecycleMonitor: Lifecycle status change: com.example.titans_project.MainActivity@83e15f7 in: PAUSED
11-08 14:54:30.726 10815 10815 V ActivityScenario: Update currentActivityStage to PAUSED, currentActivity=com.example.titans_project.MainActivity@83e15f7
11-08 14:54:30.734   445   445 I BpBinder: onLastStrongRef automatically unlinking death recipients:
11-08 14:54:30.737  1132  1132 I TopTaskTracker: onTaskMovedToFront: (moved taskInfo to front) taskId=213, baseIntent=Intent { act=android.intent.action.MAIN cat=[android.intent.category.LAUNCHER] flg=0x10000000 cmp=com.example.titans_project.test/androidx.test.core.app.InstrumentationActivityInvoker$EmptyActivity }
11-08 14:54:30.836 10875 10890 I EGL_emulation: Opening libGLESv1_CM_emulation.so
11-08 14:54:30.836 10875 10890 I EGL_emulation: Opening libGLESv2_emulation.so
11-08 14:54:30.856 10875 10890 W HWUI    : Failed to choose config with EGL_SWAP_BEHAVIOR_PRESERVED, retrying without...
11-08 14:54:30.856 10875 10890 W HWUI    : Failed to initialize 101010-2 format, error = EGL_SUCCESS
11-08 14:54:31.071   841  1038 W WindowOnBackDispatcher: sendCancelIfRunning: isInProgress=false callback=android.view.ViewRootImpl$$ExternalSyntheticLambda11@fd8359
11-08 14:54:31.076   589  1807 W InputManager-JNI: Input channel object '8b0015b Splash Screen com.example.titans_project (client)' was disposed without first being removed with the input manager!
11-08 14:54:31.118   589   612 W ziparchive: Unable to open '/data/app/~~R1Wp93c2p2G0hCvePN2jTQ==/com.example.titans_project.test-HRnbUWcnXgpZiV1t80Bp0g==/base.dm': No such file or directory
11-08 14:54:31.120   589   612 I ActivityTaskManager: Displayed com.example.titans_project.test/androidx.test.core.app.InstrumentationActivityInvoker$EmptyActivity for user 0: +471ms
11-08 14:54:31.132  1132  1132 I TopTaskTracker: onTaskMovedToFront: (moved taskInfo to front) taskId=166, baseIntent=Intent { act=android.intent.action.MAIN cat=[android.intent.category.HOME] flg=0x10000100 cmp=com.google.android.apps.nexuslauncher/.NexusLauncherActivity }
11-08 14:54:31.144 10875 10880 I ns_project.test: Compiler allocated 5174KB to compile void android.view.ViewRootImpl.performTraversals()
11-08 14:54:31.160  1132  1132 D StatsLog: LAUNCHER_ONRESUME
11-08 14:54:31.167   589  1404 W AppSearchIcing: icing-search-engine.cc:321: Error: 5, Message: Document (com.google.android.googlequicksearchbox$OneSearchZeroStateGoogleSuggestions/default, zp) not found.
11-08 14:54:31.170  1132  1132 D NexusLauncherModelDelegate: notifySmartspaceEvent: SmartspaceTargetEvent{mSmartspaceTarget=null, mSmartspaceActionId='null', mEventType=6}
11-08 14:54:31.173  1132  1634 D OneSearchSuggestProvider: AppSearch 0-state cache not available, fallback to AGA
11-08 14:54:31.173  1132  1634 D OneSearchSuggestProvider: java.util.concurrent.CompletionException: java.util.NoSuchElementException: No value present
11-08 14:54:31.173  1132  1634 D OneSearchSuggestProvider: 	at java.util.concurrent.CompletableFuture.encodeThrowable(CompletableFuture.java:308)
11-08 14:54:31.173  1132  1634 D OneSearchSuggestProvider: 	at java.util.concurrent.CompletableFuture.completeThrowable(CompletableFuture.java:323)
11-08 14:54:31.173  1132  1634 D OneSearchSuggestProvider: 	at java.util.concurrent.CompletableFuture$UniAccept.tryFire(CompletableFuture.java:684)
11-08 14:54:31.173  1132  1634 D OneSearchSuggestProvider: 	at java.util.concurrent.CompletableFuture.postComplete(CompletableFuture.java:486)
11-08 14:54:31.173  1132  1634 D OneSearchSuggestProvider: 	at java.util.concurrent.CompletableFuture.completeExceptionally(CompletableFuture.java:2138)
11-08 14:54:31.173  1132  1634 D OneSearchSuggestProvider: 	at com.google.android.apps.nexuslauncher.allapps.E0.onResult(go/retraceme 2855a437b73635ce9cad76b9289087e631bbb67fc90008a0da13d343a00e5041:67)
11-08 14:54:31.173  1132  1634 D OneSearchSuggestProvider: 	at android.app.appsearch.SearchSessionUtil$1.lambda$onResult$0(go/retraceme 64eee9e9f568ff45978879ad2ff83146f2618ee8a88278736fbdf5fae931976e:144)
11-08 14:54:31.173  1132  1634 D OneSearchSuggestProvider: 	at android.app.appsearch.SearchSessionUtil$1.$r8$lambda$CEk3q8sDAQVhU3rQwVueB8FAj_M(go/retraceme 64eee9e9f568ff45978879ad2ff83146f2618ee8a88278736fbdf5fae931976e:1)
11-08 14:54:31.173  1132  1634 D OneSearchSuggestProvider: 	at android.app.appsearch.SearchSessionUtil$1$$ExternalSyntheticLambda0.run(go/retraceme 64eee9e9f568ff45978879ad2ff83146f2618ee8a88278736fbdf5fae931976e:22)
11-08 14:54:31.173  1132  1634 D OneSearchSuggestProvider: 	at android.os.Handler.handleCallback(Handler.java:959)
11-08 14:54:31.173  1132  1634 D OneSearchSuggestProvider: 	at android.os.Handler.dispatchMessage(Handler.java:100)
11-08 14:54:31.173  1132  1634 D OneSearchSuggestProvider: 	at android.os.Looper.loopOnce(Looper.java:232)
11-08 14:54:31.173  1132  1634 D OneSearchSuggestProvider: 	at android.os.Looper.loop(Looper.java:317)
11-08 14:54:31.173  1132  1634 D OneSearchSuggestProvider: 	at android.os.HandlerThread.run(HandlerThread.java:85)
11-08 14:54:31.173  1132  1634 D OneSearchSuggestProvider: Caused by: java.util.NoSuchElementException: No value present
11-08 14:54:31.173  1132  1634 D OneSearchSuggestProvider: 	at java.util.Optional.get(Optional.java:143)
11-08 14:54:31.173  1132  1634 D OneSearchSuggestProvider: 	at com.google.android.apps.nexuslauncher.allapps.E0.onResult(go/retraceme 2855a437b73635ce9cad76b9289087e631bbb67fc90008a0da13d343a00e5041:28)
11-08 14:54:31.173  1132  1634 D OneSearchSuggestProvider: 	... 8 more
11-08 14:54:31.174  1132  1634 D OneSearchSuggestProvider: Created the binder channel successfully for end point service =com.google.android.apps.search.googleapp.search.suggest.plugins.onesearch.server.OneSearchSuggestService , mChannel=i1{delegate=f{logId=149, target=directaddress:///AndroidComponentAddress%5BIntent%20%7B%20act=grpc.io.action.BIND%20cmp=com.google.android.googlequicksearchbox/com.google.android.apps.search.googleapp.search.suggest.plugins.onesearch.server.OneSearchSuggestService%20%7D%5D}} , mOneSearchConnection=l2.Z@48849b
11-08 14:54:31.175  1132  1170 D QuickstepModelDelegate: notifyAppTargetEvent action=1 launchLocation=workspace/0/[-1,-1]/[1,1]
11-08 14:54:31.196  7491  7491 I A       : (REDACTED) Created gRPC endpoint for service %s
11-08 14:54:31.196  1132  1132 D BaseDepthController: setSurface:
11-08 14:54:31.196  1132  1132 D BaseDepthController: 	mWaitingOnSurfaceValidity: false
11-08 14:54:31.196  1132  1132 D BaseDepthController: 	mSurface: Surface(name=com.google.android.apps.nexuslauncher/com.google.android.apps.nexuslauncher.NexusLauncherActivity)/@0x72ef57e
11-08 14:54:31.231  1364  1652 I AiAiEcho: Predicting[0]:  [CONTEXT sampling_count=5 ]
11-08 14:54:31.235  1364  1652 I AiAiEcho: EchoTargets:
11-08 14:54:31.235  1364  1652 I AiAiEcho: Filtered by AiAi flag check:
11-08 14:54:31.235  1364  1652 I AiAiEcho: [CONTEXT ratelimit_period="10 SECONDS" ]
11-08 14:54:31.236  1364  1652 I AiAiEcho: Ranked targets strategy: SORT, count: 0, ranking metadata:  [CONTEXT ratelimit_period="10 SECONDS" ]
11-08 14:54:31.240  1364  1652 I AiAiEcho: #remoteViewsTwiddler: feature disabled.
11-08 14:54:31.255  1364  1652 I AiAiEcho: #postPredictionTargets: Sending updates to UISurface home with targets# 0 (types=[])
11-08 14:54:31.271  1132  1132 D SsBaseTemplateCard: No text view can be set up
11-08 14:54:31.271  1132  1132 D SsBaseTemplateCard: Passed-in item info is null
11-08 14:54:31.271  1132  1132 D SsBaseTemplateCard: Passed-in item info is null
11-08 14:54:31.271  1132  1132 D SsBaseTemplateCard: Passed-in item info is null
11-08 14:54:31.271  1132  1132 I SsBaseTemplateCard: Secondary card pane is null
11-08 14:54:31.344 10815 10815 D VRI[MainActivity]: visibilityChanged oldVisibility=true newVisibility=false
11-08 14:54:31.375  1132  1132 D StateManager: createAtomicAnimation - fromState: Background, toState: Normal, partial trace:
11-08 14:54:31.375  1132  1132 D StateManager: 	at com.android.quickstep.util.WorkspaceRevealAnim.prepareToAnimate(go/retraceme 2855a437b73635ce9cad76b9289087e631bbb67fc90008a0da13d343a00e5041:22)
11-08 14:54:31.375  1132  1132 D StateManager: 	at com.android.quickstep.util.WorkspaceRevealAnim.<init>(go/retraceme 2855a437b73635ce9cad76b9289087e631bbb67fc90008a0da13d343a00e5041:11)
11-08 14:54:31.375  1132  1132 D StateManager: 	at com.android.launcher3.QuickstepTransitionManager.createWallpaperOpenAnimations(go/retraceme 2855a437b73635ce9cad76b9289087e631bbb67fc90008a0da13d343a00e5041:735)
11-08 14:54:31.403   589   710 I ImeTracker: com.google.android.apps.nexuslauncher:e8672ef4: onRequestHide at ORIGIN_SERVER reason HIDE_UNSPECIFIED_WINDOW fromUser false
11-08 14:54:31.408 10815 10815 D LifecycleMonitor: Lifecycle status change: com.example.titans_project.MainActivity@83e15f7 in: STOPPED
11-08 14:54:31.409 10815 10815 V ActivityScenario: Update currentActivityStage to STOPPED, currentActivity=com.example.titans_project.MainActivity@83e15f7
11-08 14:54:31.411 10815 10815 D LifecycleMonitor: Lifecycle status change: com.example.titans_project.MainActivity@83e15f7 in: DESTROYED
11-08 14:54:31.412 10815 10815 V ActivityScenario: Update currentActivityStage to DESTROYED, currentActivity=null
11-08 14:54:31.412 10815 10815 W WindowOnBackDispatcher: sendCancelIfRunning: isInProgress=false callback=android.view.ViewRootImpl$$ExternalSyntheticLambda11@369c178
11-08 14:54:31.412 10815 10831 I TestRunner: finished: testEventDetail(com.example.titans_project.MainActivityTest)
