11-08 15:47:08.576 14961 14977 E AndroidXTracer: 	at org.junit.runners.ParentRunner$1.schedule(ParentRunner.java:79)
11-08 15:47:08.576 14961 14977 E AndroidXTracer: 	at org.junit.runners.ParentRunner.runChildren(ParentRunner.java:329)
11-08 15:47:08.576 14961 14977 E AndroidXTracer: 	at org.junit.runners.ParentRunner.access$100(ParentRunner.java:66)
11-08 15:47:08.576 14961 14977 E AndroidXTracer: 	at org.junit.runners.ParentRunner$2.evaluate(ParentRunner.java:293)
11-08 15:47:08.576 14961 14977 E AndroidXTracer: 	at org.junit.runners.ParentRunner$3.evaluate(ParentRunner.java:306)
11-08 15:47:08.576 14961 14977 E AndroidXTracer: 	at org.junit.runners.ParentRunner.run(ParentRunner.java:413)
11-08 15:47:08.576 14961 14977 E AndroidXTracer: 	at androidx.test.ext.junit.runners.AndroidJUnit4.run(AndroidJUnit4.java:162)
11-08 15:47:08.576 14961 14977 E AndroidXTracer: 	at org.junit.runners.Suite.runChild(Suite.java:128)
11-08 15:47:08.576 14961 14977 E AndroidXTracer: 	at org.junit.runners.Suite.runChild(Suite.java:27)
11-08 15:47:08.576 14961 14977 E AndroidXTracer: 	at org.junit.runners.ParentRunner$4.run(ParentRunner.java:331)
11-08 15:47:08.576 14961 14977 E AndroidXTracer: 	at org.junit.runners.ParentRunner$1.schedule(ParentRunner.java:79)
11-08 15:47:08.576 14961 14977 E AndroidXTracer: 	at org.junit.runners.ParentRunner.runChildren(ParentRunner.java:329)
11-08 15:47:08.576 14961 14977 E AndroidXTracer: 	at org.junit.runners.ParentRunner.access$100(ParentRunner.java:66)
11-08 15:47:08.576 14961 14977 E AndroidXTracer: 	at org.junit.runners.ParentRunner$2.evaluate(ParentRunner.java:293)
11-08 15:47:08.576 14961 14977 E AndroidXTracer: 	at org.junit.runners.ParentRunner$3.evaluate(ParentRunner.java:306)
11-08 15:47:08.576 14961 14977 E AndroidXTracer: 	at org.junit.runners.ParentRunner.run(ParentRunner.java:413)
11-08 15:47:08.576 14961 14977 E AndroidXTracer: 	at org.junit.runner.JUnitCore.run(JUnitCore.java:137)
11-08 15:47:08.576 14961 14977 E AndroidXTracer: 	at org.junit.runner.JUnitCore.run(JUnitCore.java:115)
11-08 15:47:08.576 14961 14977 E AndroidXTracer: 	at androidx.test.internal.runner.TestExecutor.execute(TestExecutor.java:68)
11-08 15:47:08.576 14961 14977 E AndroidXTracer: 	at androidx.test.internal.runner.TestExecutor.execute(TestExecutor.java:59)
11-08 15:47:08.580 14961 14977 E AndroidXTracer: 	at androidx.test.runner.AndroidJUnitRunner.onStart(AndroidJUnitRunner.java:463)
11-08 15:47:08.580 14961 14977 E AndroidXTracer: 	at android.app.Instrumentation$InstrumentationThread.run(Instrumentation.java:2594)
11-08 15:47:08.580 14961 14977 I Tracing : Tracer added: class androidx.test.platform.tracing.AndroidXTracer
11-08 15:47:08.597 14961 15018 W .titans_project: Accessing hidden field Ljava/net/Socket;->impl:Ljava/net/SocketImpl; (unsupported, reflection, allowed)
11-08 15:47:08.600 14986 15062 W PlayCommon: [60] aueg.n(11): No account for auth token provided
11-08 15:47:08.601 14986 15062 I PlayCommon: [60] aueg.l(1904): Connecting to server: https://play.googleapis.com/play/log?format=raw&proto_v2=true
11-08 15:47:08.603 10342 11050 I Finsky:background: [58] mdm.apply(316): SCH: Scheduling expedited system job 10058
11-08 15:47:08.604 10342 10342 I Finsky:background: [2] aezy.onStartJob(127): SCH: job service start with id 10057.
11-08 15:47:08.623 10342 10411 I Finsky:background: [47] mdn.a(323): SCH: Satisfied jobs for 10057 are: 47-30
11-08 15:47:08.650 14961 14977 D CompatChangeReporter: Compat change id reported: 247079863; UID 10229; state: ENABLED
11-08 15:47:08.669 10342 10342 I Finsky:background: [2] aezy.onStartJob(127): SCH: job service start with id 10058.
11-08 15:47:08.691 10342 10419 I Finsky:background: [51] aeyi.q(56): SCH: jobFinished: 47-15. TimeElapsed: 886ms.
11-08 15:47:08.717 10342 10342 I Finsky:background: [2] abts.accept(98): SCH: Job 47-30 starting
11-08 15:47:08.718 10342 10342 I Finsky:background: [2] mly.ko(746): [AUC]: Finished flush job
11-08 15:47:08.725 10342 10342 I Finsky:background: [2] aeyi.q(56): SCH: jobFinished: 47-30. TimeElapsed: 6ms.
11-08 15:47:08.727 14986 15062 I PlayCommon: [60] aueg.l(2153): Successfully uploaded logs.
11-08 15:47:08.731 10342 15035 I Finsky:background: [77] mdn.a(323): SCH: Satisfied jobs for 10058 are: 47-30
11-08 15:47:08.742 10342 11057 I Finsky:background: [61] aeyb.a(15): SCH: no pending jobs to schedule.
11-08 15:47:08.744 10342 15039 I Finsky:background: [78] aezy.a(24): SCH: job service finished with id 10056.
11-08 15:47:08.751  1489  1907 I Finsky  : [53] oej.d(124): playLoggingServerUrl: https://play.googleapis.com/play/log
11-08 15:47:08.751  1489  1907 I Finsky  : [53] oej.d(143): playLoggingServerTimestampUrl: https://play.googleapis.com/play/log/timestamp
11-08 15:47:08.784 14961 14977 D EventInjectionStrategy: Creating injection strategy with input manager.
11-08 15:47:08.784 14961 14977 W .titans_project: Accessing hidden method Landroid/hardware/input/InputManager;->getInstance()Landroid/hardware/input/InputManager; (unsupported, reflection, allowed)
11-08 15:47:08.788 14961 14977 W .titans_project: Accessing hidden method Landroid/hardware/input/InputManager;->injectInputEvent(Landroid/view/InputEvent;I)Z (unsupported, reflection, allowed)
11-08 15:47:08.788 14961 14977 W .titans_project: Accessing hidden field Landroid/hardware/input/InputManager;->INJECT_INPUT_EVENT_MODE_WAIT_FOR_FINISH:I (unsupported, reflection, allowed)
11-08 15:47:08.805  1489 14037 I Finsky  : [445] aeyi.q(56): SCH: jobFinished: 10-12. TimeElapsed: 1567ms.
11-08 15:47:08.844 10342 11084 I Finsky:background: [62] qpi.accept(58): SCH: Scheduling phonesky job Id: 47-15, CT: 1731106028719, Constraints: [{ L: 3600000, D: 15484295, C: CHARGING_NONE, I: IDLE_REQUIRED, N: NET_NONE }]
11-08 15:47:08.868  1489  1976 I Finsky  : [59] qpi.accept(58): SCH: Scheduling phonesky job Id: 26-1414141414, CT: 1731090937863, Constraints: [{ L: 43199999, D: 44099999, C: CHARGING_NONE, I: IDLE_NONE, N: NET_NONE }]
11-08 15:47:08.871 10342 10432 I Finsky:background: [52] mdm.apply(151): SCH: Scheduling 1 system job(s)
11-08 15:47:08.871 10342 10432 I Finsky:background: [52] aeyd.b(244): SCH: Scheduling system job Id: 10059, L: 3599848, D: 15484143, C: false, I: true, N: 0
11-08 15:47:08.879 14961 14977 W .titans_project: Accessing hidden method Landroid/view/ViewConfiguration;->getDoubleTapMinTime()I (unsupported, reflection, allowed)
11-08 15:47:08.886 10342 11057 I Finsky:background: [61] aeyb.a(15): SCH: no pending jobs to schedule.
11-08 15:47:08.888  1489  1907 I Finsky  : [53] mdm.apply(151): SCH: Scheduling 1 system job(s)
11-08 15:47:08.889  1489  1907 W JobInfo : Job 'com.android.vending/com.google.android.finsky.scheduler.process.mainimpl.PhoneskyJobServiceMain#9834' has a deadline with no functional constraints. The deadline won't improve job execution latency. Consider removing the deadline.
11-08 15:47:08.889  1489  1907 I Finsky  : [53] aeyd.b(244): SCH: Scheduling system job Id: 9834, L: 28108974, D: 29008974, C: false, I: false, N: 0
11-08 15:47:08.890   589  1072 W JobInfo : Job 'com.android.vending/com.google.android.finsky.scheduler.process.mainimpl.PhoneskyJobServiceMain#9834' has a deadline with no functional constraints. The deadline won't improve job execution latency. Consider removing the deadline.
11-08 15:47:08.897 10342 11057 I Finsky:background: [61] aeyb.a(15): SCH: no pending jobs to schedule.
11-08 15:47:08.900  1489  1977 I Finsky  : [60] qpi.accept(58): SCH: Scheduling phonesky job Id: 1-1337, CT: 1731106027218, Constraints: [{ L: 37085788, D: 80285788, C: CHARGING_NONE, I: IDLE_NONE, N: NET_ANY }]
11-08 15:47:08.900 10342 15039 I Finsky:background: [78] aezy.a(24): SCH: job service finished with id 10058.
11-08 15:47:08.901  1489 14870 I Finsky  : [460] aezy.a(24): SCH: job service finished with id 9786.
11-08 15:47:08.908  1489  1976 I Finsky  : [59] mdm.apply(151): SCH: Scheduling 1 system job(s)
11-08 15:47:08.908 10342 15039 I Finsky:background: [78] aezy.a(24): SCH: job service finished with id 10057.
11-08 15:47:08.917  1489  1976 I Finsky  : [59] aeyd.b(244): SCH: Scheduling system job Id: 9835, L: 37084098, D: 80284098, C: false, I: false, N: 1
11-08 15:47:08.921 14961 14961 W .titans_project: Accessing hidden method Landroid/os/MessageQueue;->next()Landroid/os/Message; (unsupported, reflection, allowed)
11-08 15:47:08.921 14961 14961 W .titans_project: Accessing hidden field Landroid/os/MessageQueue;->mMessages:Landroid/os/Message; (unsupported, reflection, allowed)
11-08 15:47:08.921 14961 14961 W .titans_project: Accessing hidden method Landroid/os/Message;->recycleUnchecked()V (unsupported, reflection, allowed)
11-08 15:47:08.938  1489 14870 I Finsky  : [460] aezy.a(24): SCH: job service finished with id 9819.
11-08 15:47:08.973  1489  1489 I Finsky  : [2] xnn.onTrimMemory(11): Memory trim requested to level 40
11-08 15:47:08.973  1489  1489 I Finsky  : [2] abvq.accept(118): Flushing in-memory image cache
11-08 15:47:08.983 10342 10342 I Finsky:background: [2] xnn.onTrimMemory(11): Memory trim requested to level 40
11-08 15:47:08.984 14986 14986 I Finsky:quick_launch: [2] xnn.onTrimMemory(11): Memory trim requested to level 40
11-08 15:47:09.007   589   670 D ConnectivityService: requestNetwork for uid/pid:10229/14961 activeRequest: null callbackRequest: 379 [NetworkRequest [ REQUEST id=380, [ Capabilities: INTERNET&NOT_RESTRICTED&TRUSTED&NOT_VCN_MANAGED&NOT_BANDWIDTH_CONSTRAINED Uid: 10229 RequestorUid: 10229 RequestorPkg: com.example.titans_project UnderlyingNetworks: Null] ]] callback flags: 0 order: 2147483647 isUidTracked: false
11-08 15:47:09.008   589   745 D ConnectivityService: NetReassign [380 : null → 104] [c 0] [a 1] [i 0]
11-08 15:47:09.009   589   738 D WifiNetworkFactory: got request NetworkRequest [ REQUEST id=380, [ Capabilities: INTERNET&NOT_RESTRICTED&TRUSTED&NOT_VCN_MANAGED&NOT_BANDWIDTH_CONSTRAINED Uid: 10229 RequestorUid: 10229 RequestorPkg: com.example.titans_project UnderlyingNetworks: Null] ]
11-08 15:47:09.009   589   738 D UntrustedWifiNetworkFactory: got request NetworkRequest [ REQUEST id=380, [ Capabilities: INTERNET&NOT_RESTRICTED&TRUSTED&NOT_VCN_MANAGED&NOT_BANDWIDTH_CONSTRAINED Uid: 10229 RequestorUid: 10229 RequestorPkg: com.example.titans_project UnderlyingNetworks: Null] ]
11-08 15:47:09.009   589   738 D OemPaidWifiNetworkFactory: got request NetworkRequest [ REQUEST id=380, [ Capabilities: INTERNET&NOT_RESTRICTED&TRUSTED&NOT_VCN_MANAGED&NOT_BANDWIDTH_CONSTRAINED Uid: 10229 RequestorUid: 10229 RequestorPkg: com.example.titans_project UnderlyingNetworks: Null] ]
11-08 15:47:09.009   589   738 D MultiInternetWifiNetworkFactory: got request NetworkRequest [ REQUEST id=380, [ Capabilities: INTERNET&NOT_RESTRICTED&TRUSTED&NOT_VCN_MANAGED&NOT_BANDWIDTH_CONSTRAINED Uid: 10229 RequestorUid: 10229 RequestorPkg: com.example.titans_project UnderlyingNetworks: Null] ]
11-08 15:47:09.029 14961 15018 W .titans_project: Accessing hidden method Ljava/security/spec/ECParameterSpec;->setCurveName(Ljava/lang/String;)V (unsupported, reflection, allowed)
11-08 15:47:09.043 14961 14961 I ViewInteraction: Performing 'single click' action on view view.getId() is <2131230799/com.example.titans_project:id/admin_mode>
11-08 15:47:09.108 14961 14979 D EGL_emulation: app_time_stats: avg=129.48ms min=21.91ms max=752.63ms count=8
11-08 15:47:09.222   589   670 V GrammaticalInflectionUtils: AttributionSource: android.content.AttributionSource@48bdbf1b does not have READ_SYSTEM_GRAMMATICAL_GENDER permission.
11-08 15:47:09.251 14961 15084 D TrafficStats: tagSocket(159) with statsTag=0xffffffff, statsUid=-1
11-08 15:47:09.268   445   445 I BpBinder: onLastStrongRef automatically unlinking death recipients:
11-08 15:47:09.281   436  1592 D audioserver: logFgsApiBegin: FGS Logger Transaction failed, -129
11-08 15:47:09.281   589  1072 W AS.PlaybackActivityMon: No piid assigned for invalid/internal port id 15
11-08 15:47:09.299 14961 14961 D LifecycleMonitor: Lifecycle status change: com.example.titans_project.MainActivity@cd683d6 in: PAUSED
11-08 15:47:09.299 14961 14961 V ActivityScenario: Update currentActivityStage to PAUSED, currentActivity=com.example.titans_project.MainActivity@cd683d6
11-08 15:47:09.315 14961 15018 D FirebaseAuth: Notifying id token listeners about user ( aZGt0hAgqCYG6biXU5LpkOhSTAD2 ).
11-08 15:47:09.317 14961 15018 D FirebaseAuth: Notifying auth state listeners about user ( aZGt0hAgqCYG6biXU5LpkOhSTAD2 ).
11-08 15:47:09.371 14961 14961 D LifecycleMonitor: Lifecycle status change: com.example.titans_project.BrowseContentView@f6e43b2 in: PRE_ON_CREATE
11-08 15:47:09.371 14961 14961 V ActivityScenario: Activity lifecycle changed event received but ignored because the intent does not match. startActivityIntent=Intent { act=android.intent.action.MAIN cat=[android.intent.category.LAUNCHER] flg=0x10008000 cmp=com.example.titans_project/.MainActivity }, activity.getIntent()=Intent { cmp=com.example.titans_project/.BrowseContentView }, activity=com.example.titans_project.BrowseContentView@f6e43b2
11-08 15:47:09.433 14961 14961 D LifecycleMonitor: Lifecycle status change: com.example.titans_project.BrowseContentView@f6e43b2 in: CREATED
11-08 15:47:09.433 14961 14961 V ActivityScenario: Activity lifecycle changed event received but ignored because the intent does not match. startActivityIntent=Intent { act=android.intent.action.MAIN cat=[android.intent.category.LAUNCHER] flg=0x10008000 cmp=com.example.titans_project/.MainActivity }, activity.getIntent()=Intent { cmp=com.example.titans_project/.BrowseContentView }, activity=com.example.titans_project.BrowseContentView@f6e43b2
11-08 15:47:09.444 14961 14961 D LifecycleMonitor: Lifecycle status change: com.example.titans_project.BrowseContentView@f6e43b2 in: STARTED
11-08 15:47:09.445 14961 14961 V ActivityScenario: Activity lifecycle changed event received but ignored because the intent does not match. startActivityIntent=Intent { act=android.intent.action.MAIN cat=[android.intent.category.LAUNCHER] flg=0x10008000 cmp=com.example.titans_project/.MainActivity }, activity.getIntent()=Intent { cmp=com.example.titans_project/.BrowseContentView }, activity=com.example.titans_project.BrowseContentView@f6e43b2
11-08 15:47:09.447 14961 14961 D LifecycleMonitor: Lifecycle status change: com.example.titans_project.BrowseContentView@f6e43b2 in: RESUMED
11-08 15:47:09.448   436   541 D audioserver: logFgsApiEnd: FGS Logger Transaction failed, -129
11-08 15:47:09.448 14961 14961 V ActivityScenario: Activity lifecycle changed event received but ignored because the intent does not match. startActivityIntent=Intent { act=android.intent.action.MAIN cat=[android.intent.category.LAUNCHER] flg=0x10008000 cmp=com.example.titans_project/.MainActivity }, activity.getIntent()=Intent { cmp=com.example.titans_project/.BrowseContentView }, activity=com.example.titans_project.BrowseContentView@f6e43b2
11-08 15:47:09.524 14961 14961 D AnonymousAuthActivity: signInAnonymously:success
11-08 15:47:09.850   589   612 I ActivityTaskManager: Displayed com.example.titans_project/.BrowseContentView for user 0: +627ms
11-08 15:47:10.113 14961 14979 D EGL_emulation: app_time_stats: avg=23.93ms min=3.49ms max=118.09ms count=31
11-08 15:47:10.144 14961 14961 D AnonymousAuthActivity: Event(Orange Monkey, null) fetched
11-08 15:47:10.148 14961 14961 D AnonymousAuthActivity: Event(fakeEventTitle, null) fetched
11-08 15:47:10.151 14961 14961 D AnonymousAuthActivity: Event(testEventTitle, null) fetched
11-08 15:47:10.215  1406  2295 I BugleRcsEngine: handleMessage processing message:[NOTIFY_UPTIME_IGNORE_STATE_CHANGED] with [non-null]:RcsEngineImpl reference [CONTEXT log_prefix="RcsEngineImpl[DUAL_REG]:[3746f072-2d6c]>Handler" thread_id=64 ]
11-08 15:47:10.225   589   745 W IPCThreadState: Sending oneway calls to frozen process.
11-08 15:47:10.236  1406  1855 I BugleRcsEngine: Connected state: [1], networkType: [WIFI] [CONTEXT thread_id=58 ]
11-08 15:47:10.238  1081  1095 I ChimeraSrvcProxy: NullBinder for android.net.action.RECOMMEND_NETWORKS triggering remote TransactionTooLargeException due to Service without Chimera impl
11-08 15:47:10.239  1081  1095 W .gms.persistent: Large reply transaction of 1056768 bytes, interface descriptor , code 1
11-08 15:47:10.240   589   745 W IPCThreadState: Sending oneway calls to frozen process.
11-08 15:47:10.264  1406  2295 I BugleRcsEngine: No RCS Configuration was found in Bugle for simID: redacted-pii:sim_id[chars:20,last3:897] [CONTEXT log_prefix="ProvisioningEngineDataRetriever" thread_id=64 ]
11-08 15:47:10.337   589   710 I ImeTracker: com.example.titans_project:244aacda: onRequestHide at ORIGIN_SERVER reason HIDE_UNSPECIFIED_WINDOW fromUser false
11-08 15:47:10.337   589   710 I ImeTracker: com.example.titans_project:244aacda: onCancelled at PHASE_SERVER_SHOULD_HIDE
11-08 15:47:10.341  1251  1251 I GoogleInputMethodService: GoogleInputMethodService.onFinishInput():3157
11-08 15:47:10.355  1251  1251 I GoogleInputMethodService: GoogleInputMethodService.updateDeviceLockedStatus():2248 repeatCheckTimes = 0, locked = false
11-08 15:47:10.357  1251  1251 I GoogleInputMethodService: GoogleInputMethodService.onStartInput():1986 onStartInput(EditorInfo{EditorInfo{packageName=com.example.titans_project, inputType=0, inputTypeString=NULL, enableLearning=false, autoCorrection=false, autoComplete=false, imeOptions=0, privateImeOptions=null, actionName=UNSPECIFIED, actionLabel=null, initialSelStart=-1, initialSelEnd=-1, initialCapsMode=0, label=null, fieldId=0, fieldName=null, extras=null, hintText=null, hintLocales=[]}}, false)
11-08 15:47:10.358  1251  1251 I GoogleInputMethodService: GoogleInputMethodService.updateDeviceLockedStatus():2248 repeatCheckTimes = 1, locked = false
11-08 15:47:10.358  1251  1251 I AndroidIME: InputBundleManager.loadActiveInputBundleId():450 loadActiveInputBundleId: und-Latn-x-password, password
11-08 15:47:10.393 14961 14965 I .titans_project: Compiler allocated 5174KB to compile void android.view.ViewRootImpl.performTraversals()
11-08 15:47:10.552 14961 14961 I ViewInteraction: Checking 'MatchesViewAssertion{viewMatcher=(view has effective visibility <VISIBLE> and view.getGlobalVisibleRect() to return non-empty rectangle)}' assertion on view an instance of android.widget.TextView and view.getText() with or without transformation to match: is "Browse Content"
11-08 15:47:10.565   589  1381 V GrammaticalInflectionUtils: AttributionSource: android.content.AttributionSource@4a7297ba does not have READ_SYSTEM_GRAMMATICAL_GENDER permission.
11-08 15:47:10.583   589   615 V GrammaticalInflectionUtils: AttributionSource: android.content.AttributionSource@4a7297ba does not have READ_SYSTEM_GRAMMATICAL_GENDER permission.
11-08 15:47:10.593 14961 14961 D LifecycleMonitor: Lifecycle status change: com.example.titans_project.BrowseContentView@f6e43b2 in: PAUSED
11-08 15:47:10.593 14961 14961 V ActivityScenario: Activity lifecycle changed event received but ignored because the intent does not match. startActivityIntent=Intent { act=android.intent.action.MAIN cat=[android.intent.category.LAUNCHER] flg=0x10008000 cmp=com.example.titans_project/.MainActivity }, activity.getIntent()=Intent { cmp=com.example.titans_project/.BrowseContentView }, activity=com.example.titans_project.BrowseContentView@f6e43b2
11-08 15:47:10.604  1132  1132 I TopTaskTracker: onTaskMovedToFront: (moved taskInfo to front) taskId=244, baseIntent=Intent { act=android.intent.action.MAIN cat=[android.intent.category.LAUNCHER] flg=0x10000000 cmp=com.example.titans_project.test/androidx.test.core.app.InstrumentationActivityInvoker$EmptyActivity }
11-08 15:47:10.629   376   376 D Zygote  : Forked child process 15091
11-08 15:47:10.655 15091 15091 I ns_project.test: Late-enabling -Xcheck:jni
11-08 15:47:10.683 15091 15091 I ns_project.test: Using CollectorTypeCMC GC.
11-08 15:47:10.684 15091 15091 W ns_project.test: Unexpected CPU variant for x86: x86_64.
11-08 15:47:10.684 15091 15091 W ns_project.test: Known variants: atom, sandybridge, silvermont, goldmont, goldmont-plus, goldmont-without-sha-xsaves, tremont, kabylake, default
11-08 15:47:10.698   453   466 I adbd    : jdwp connection from 15091
11-08 15:47:10.705 15091 15091 D nativeloader: Load libframework-connectivity-tiramisu-jni.so using APEX ns com_android_tethering for caller /apex/com.android.tethering/javalib/framework-connectivity-t.jar: ok
11-08 15:47:10.748 14961 14961 D VRI[MainActivity]: visibilityChanged oldVisibility=true newVisibility=false
11-08 15:47:10.982 14961 14979 D EGL_emulation: app_time_stats: avg=109.54ms min=7.66ms max=462.94ms count=10
11-08 15:47:11.008 15091 15091 D CompatChangeReporter: Compat change id reported: 242716250; UID 10230; state: ENABLED
11-08 15:47:11.031 15091 15091 D ApplicationLoaders: Returning zygote-cached class loader: /system/framework/android.test.base.jar
11-08 15:47:11.044 15091 15091 D nativeloader: Configuring clns-7 for other apk /system/framework/android.test.mock.jar. target_sdk_version=34, uses_libraries=ALL, library_path=/data/app/~~HXru9AB_c9kIwU1wqBHH5g==/com.example.titans_project.test-3XjHbeI6ZEnT7Bm47DxM6w==/lib/x86_64, permitted_path=/data:/mnt/expand:/data/user/0/com.example.titans_project.test
11-08 15:47:11.060 15091 15091 D ApplicationLoaders: Returning zygote-cached class loader: /system/framework/android.test.base.jar
11-08 15:47:11.064 15091 15091 D nativeloader: Configuring clns-8 for other apk /system/framework/android.test.runner.jar. target_sdk_version=34, uses_libraries=ALL, library_path=/data/app/~~HXru9AB_c9kIwU1wqBHH5g==/com.example.titans_project.test-3XjHbeI6ZEnT7Bm47DxM6w==/lib/x86_64, permitted_path=/data:/mnt/expand:/data/user/0/com.example.titans_project.test
11-08 15:47:11.064 15091 15091 W ziparchive: Unable to open '/data/app/~~HXru9AB_c9kIwU1wqBHH5g==/com.example.titans_project.test-3XjHbeI6ZEnT7Bm47DxM6w==/base.dm': No such file or directory
11-08 15:47:11.064 15091 15091 W ziparchive: Unable to open '/data/app/~~HXru9AB_c9kIwU1wqBHH5g==/com.example.titans_project.test-3XjHbeI6ZEnT7Bm47DxM6w==/base.dm': No such file or directory
11-08 15:47:11.090 15091 15091 D nativeloader: Configuring clns-9 for other apk /data/app/~~HXru9AB_c9kIwU1wqBHH5g==/com.example.titans_project.test-3XjHbeI6ZEnT7Bm47DxM6w==/base.apk. target_sdk_version=34, uses_libraries=, library_path=/data/app/~~HXru9AB_c9kIwU1wqBHH5g==/com.example.titans_project.test-3XjHbeI6ZEnT7Bm47DxM6w==/lib/x86_64, permitted_path=/data:/mnt/expand:/data/user/0/com.example.titans_project.test
11-08 15:47:11.105 15091 15091 V GraphicsEnvironment: Currently set values for:
11-08 15:47:11.105 15091 15091 V GraphicsEnvironment:   angle_gl_driver_selection_pkgs=[]
11-08 15:47:11.105 15091 15091 V GraphicsEnvironment:   angle_gl_driver_selection_values=[]
11-08 15:47:11.105 15091 15091 V GraphicsEnvironment: Global.Settings values are invalid: number of packages: 0, number of values: 0
11-08 15:47:11.105 15091 15091 V GraphicsEnvironment: Neither updatable production driver nor prerelease driver is supported.
11-08 15:47:11.206 14961 15108 D ProfileInstaller: Installing profile for com.example.titans_project
11-08 15:47:11.233 15091 15091 W HWUI    : Unknown dataspace 0
11-08 15:47:11.282   445   455 W ServiceManagerCppClient: Permission failure: android.permission.ACCESS_SURFACE_FLINGER from uid=10230 pid=0
11-08 15:47:11.282   445   455 D PermissionCache: checking android.permission.ACCESS_SURFACE_FLINGER for uid=10230 => denied (651 us)
11-08 15:47:11.285   445   455 W ServiceManagerCppClient: Permission failure: android.permission.ROTATE_SURFACE_FLINGER from uid=10230 pid=0
11-08 15:47:11.285   445   455 D PermissionCache: checking android.permission.ROTATE_SURFACE_FLINGER for uid=10230 => denied (2619 us)
11-08 15:47:11.286   445   455 W ServiceManagerCppClient: Permission failure: android.permission.INTERNAL_SYSTEM_WINDOW from uid=10230 pid=0
11-08 15:47:11.286   445   455 D PermissionCache: checking android.permission.INTERNAL_SYSTEM_WINDOW for uid=10230 => denied (732 us)
11-08 15:47:11.287   445   456 W ServiceManagerCppClient: Permission failure: android.permission.ROTATE_SURFACE_FLINGER from uid=10230 pid=15091
11-08 15:47:11.287   445   456 D PermissionCache: checking android.permission.ROTATE_SURFACE_FLINGER for uid=10230 => denied (4083 us)
11-08 15:47:11.289 15091 15105 I EGL_emulation: Opening libGLESv1_CM_emulation.so
11-08 15:47:11.290 15091 15105 I EGL_emulation: Opening libGLESv2_emulation.so
11-08 15:47:11.315 15091 15105 W HWUI    : Failed to choose config with EGL_SWAP_BEHAVIOR_PRESERVED, retrying without...
11-08 15:47:11.319 15091 15105 W HWUI    : Failed to initialize 101010-2 format, error = EGL_SUCCESS
11-08 15:47:11.469   159   159 I hwservicemanager: getTransport: Cannot find entry android.hardware.graphics.mapper@4.0::IMapper/default in either framework or device VINTF manifest.
11-08 15:47:11.472 15091 15105 I Gralloc4: mapper 4.x is not supported
11-08 15:47:11.541 14961 14961 D VRI[BrowseContentView]: visibilityChanged oldVisibility=true newVisibility=false
11-08 15:47:11.675   589  1807 W ServiceManagerCppClient: Permission failure: android.permission.ACCESS_SURFACE_FLINGER from uid=10230 pid=0
11-08 15:47:11.675   589  1807 D PermissionCache: checking android.permission.ACCESS_SURFACE_FLINGER for uid=10230 => denied (136 us)
11-08 15:47:11.675   589  1807 W ServiceManagerCppClient: Permission failure: android.permission.ROTATE_SURFACE_FLINGER from uid=10230 pid=0
11-08 15:47:11.675   589  1807 D PermissionCache: checking android.permission.ROTATE_SURFACE_FLINGER for uid=10230 => denied (380 us)
11-08 15:47:11.675   589  1807 W ServiceManagerCppClient: Permission failure: android.permission.INTERNAL_SYSTEM_WINDOW from uid=10230 pid=0
11-08 15:47:11.675   589  1807 D PermissionCache: checking android.permission.INTERNAL_SYSTEM_WINDOW for uid=10230 => denied (177 us)
11-08 15:47:11.682   589   612 W ziparchive: Unable to open '/data/app/~~HXru9AB_c9kIwU1wqBHH5g==/com.example.titans_project.test-3XjHbeI6ZEnT7Bm47DxM6w==/base.dm': No such file or directory
11-08 15:47:11.710   589   612 I ActivityTaskManager: Displayed com.example.titans_project.test/androidx.test.core.app.InstrumentationActivityInvoker$EmptyActivity for user 0: +1s118ms
11-08 15:47:11.727 14961 14961 D VRI[BrowseContentView]: visibilityChanged oldVisibility=false newVisibility=true
11-08 15:47:11.735   445   445 I BpBinder: onLastStrongRef automatically unlinking death recipients:
11-08 15:47:11.895  1132  1132 I TopTaskTracker: onTaskMovedToFront: (moved taskInfo to front) taskId=243, baseIntent=Intent { act=android.intent.action.MAIN cat=[android.intent.category.LAUNCHER] flg=0x10008000 cmp=com.example.titans_project/.MainActivity }
11-08 15:47:11.956 14961 14961 D LifecycleMonitor: Lifecycle status change: com.example.titans_project.BrowseContentView@f6e43b2 in: RESUMED
11-08 15:47:11.958 14961 14961 V ActivityScenario: Activity lifecycle changed event received but ignored because the intent does not match. startActivityIntent=Intent { act=android.intent.action.MAIN cat=[android.intent.category.LAUNCHER] flg=0x10008000 cmp=com.example.titans_project/.MainActivity }, activity.getIntent()=Intent { cmp=com.example.titans_project/.BrowseContentView }, activity=com.example.titans_project.BrowseContentView@f6e43b2
11-08 15:47:11.985 14961 15066 E FrameEvents: addRelease: Did not find frame.
11-08 15:47:11.998 14961 14961 D LifecycleMonitor: Lifecycle status change: com.example.titans_project.MainActivity@cd683d6 in: STOPPED
11-08 15:47:12.000 14961 14961 V ActivityScenario: Update currentActivityStage to STOPPED, currentActivity=com.example.titans_project.MainActivity@cd683d6
11-08 15:47:12.035   445   445 E SurfaceFlinger: Out of order buffers detected for RequestedLayerState{com.example.titans_project/com.example.titans_project.BrowseContentView#4048 parentId=4047} producedId=2 frameNumber=27 -> producedId=2 frameNumber=2
11-08 15:47:12.051 14961 14961 D LifecycleMonitor: Lifecycle status change: com.example.titans_project.MainActivity@cd683d6 in: DESTROYED
11-08 15:47:12.051 14961 14961 V ActivityScenario: Update currentActivityStage to DESTROYED, currentActivity=null
11-08 15:47:12.051   841  1038 W WindowOnBackDispatcher: sendCancelIfRunning: isInProgress=false callback=android.view.ViewRootImpl$$ExternalSyntheticLambda11@99936
11-08 15:47:12.051 14961 14961 W WindowOnBackDispatcher: sendCancelIfRunning: isInProgress=false callback=android.view.ViewRootImpl$$ExternalSyntheticLambda11@8878038
11-08 15:47:12.055 14961 14977 I TestRunner: finished: testSwitchMode(com.example.titans_project.MainActivityTest)
