11-21 19:35:11.813  1651  2632 W GmsStrictMode: 	at rsv.a(:com.google.android.gms@244337038@24.43.37 (260800-693941914):17)
11-21 19:35:11.813  1651  2632 W GmsStrictMode: 	at rsv.i(:com.google.android.gms@244337038@24.43.37 (260800-693941914):156)
11-21 19:35:11.813  1651  2632 W GmsStrictMode: 	at rti.gC(:com.google.android.gms@244337038@24.43.37 (260800-693941914):9)
11-21 19:35:11.813  1651  2632 W GmsStrictMode: 	at dref.run(:com.google.android.gms@244337038@24.43.37 (260800-693941914):18)
11-21 19:35:11.813  1651  2632 W GmsStrictMode: 	at annd.c(:com.google.android.gms@244337038@24.43.37 (260800-693941914):12)
11-21 19:35:11.813  1651  2632 W GmsStrictMode: 	at bbwj.run(:com.google.android.gms@244337038@24.43.37 (260800-693941914):5)
11-21 19:35:11.813  1651  2632 W GmsStrictMode: 	at android.os.Handler.handleCallback(Handler.java:959)
11-21 19:35:11.813  1651  2632 W GmsStrictMode: 	at android.os.Handler.dispatchMessage(Handler.java:100)
11-21 19:35:11.813  1651  2632 W GmsStrictMode: 	at bskq.mC(:com.google.android.gms@244337038@24.43.37 (260800-693941914):1)
11-21 19:35:11.813  1651  2632 W GmsStrictMode: 	at bskq.dispatchMessage(:com.google.android.gms@244337038@24.43.37 (260800-693941914):138)
11-21 19:35:11.813  1651  2632 W GmsStrictMode: 	at android.os.Looper.loopOnce(Looper.java:232)
11-21 19:35:11.813  1651  2632 W GmsStrictMode: 	at android.os.Looper.loop(Looper.java:317)
11-21 19:35:11.813  1651  2632 W GmsStrictMode: 	at android.app.ActivityThread.main(ActivityThread.java:8705)
11-21 19:35:11.813  1651  2632 W GmsStrictMode: 	at java.lang.reflect.Method.invoke(Native Method)
11-21 19:35:11.813  1651  2632 W GmsStrictMode: 	at com.android.internal.os.RuntimeInit$MethodAndArgsCaller.run(RuntimeInit.java:580)
11-21 19:35:11.813  1651  2632 W GmsStrictMode: 	at com.android.internal.os.ZygoteInit.main(ZygoteInit.java:886)
11-21 19:35:11.813  1651  2632 W GmsStrictMode: DISK_READ [CONTEXT service_id=256 ]
11-21 19:35:11.813  1651  2632 W GmsStrictMode: android.os.strictmode.DiskReadViolation
11-21 19:35:11.813  1651  2632 W GmsStrictMode: 	at android.os.StrictMode$AndroidBlockGuardPolicy.onReadFromDisk(StrictMode.java:1683)
11-21 19:35:11.813  1651  2632 W GmsStrictMode: 	at libcore.io.BlockGuardOs.fstat(BlockGuardOs.java:194)
11-21 19:35:11.813  1651  2632 W GmsStrictMode: 	at libcore.io.ForwardingOs.fstat(ForwardingOs.java:261)
11-21 19:35:11.813  1651  2632 W GmsStrictMode: 	at libcore.io.IoBridge.open(IoBridge.java:563)
11-21 19:35:11.813  1651  2632 W GmsStrictMode: 	at java.io.FileInputStream.<init>(FileInputStream.java:179)
11-21 19:35:11.813  1651  2632 W GmsStrictMode: 	at blsq.a(:com.google.android.gms@244337038@24.43.37 (260800-693941914):127)
11-21 19:35:11.813  1651  2632 W GmsStrictMode: 	at exdu.a(:com.google.android.gms@244337038@24.43.37 (260800-693941914):16)
11-21 19:35:11.813  1651  2632 W GmsStrictMode: 	at blst.a(:com.google.android.gms@244337038@24.43.37 (260800-693941914):31)
11-21 19:35:11.813  1651  2632 W GmsStrictMode: 	at blgz.s(:com.google.android.gms@244337038@24.43.37 (260800-693941914):20)
11-21 19:35:11.813  1651  2632 W GmsStrictMode: 	at blgz.i(:com.google.android.gms@244337038@24.43.37 (260800-693941914):309)
11-21 19:35:11.813  1651  2632 W GmsStrictMode: 	at blgz.g(:com.google.android.gms@244337038@24.43.37 (260800-693941914):9)
11-21 19:35:11.813  1651  2632 W GmsStrictMode: 	at blgz.r(:com.google.android.gms@244337038@24.43.37 (260800-693941914):2)
11-21 19:35:11.813  1651  2632 W GmsStrictMode: 	at blme.g(:com.google.android.gms@244337038@24.43.37 (260800-693941914):91)
11-21 19:35:11.813  1651  2632 W GmsStrictMode: 	at blme.o(:com.google.android.gms@244337038@24.43.37 (260800-693941914):3)
11-21 19:35:11.813  1651  2632 W GmsStrictMode: 	at blme.j(:com.google.android.gms@244337038@24.43.37 (260800-693941914):27)
11-21 19:35:11.813  1651  2632 W GmsStrictMode: 	at blme.i(:com.google.android.gms@244337038@24.43.37 (260800-693941914):2)
11-21 19:35:11.813  1651  2632 W GmsStrictMode: 	at rsv.a(:com.google.android.gms@244337038@24.43.37 (260800-693941914):17)
11-21 19:35:11.813  1651  2632 W GmsStrictMode: 	at rsv.i(:com.google.android.gms@244337038@24.43.37 (260800-693941914):156)
11-21 19:35:11.813  1651  2632 W GmsStrictMode: 	at rti.gC(:com.google.android.gms@244337038@24.43.37 (260800-693941914):9)
11-21 19:35:11.813  1651  2632 W GmsStrictMode: 	at dref.run(:com.google.android.gms@244337038@24.43.37 (260800-693941914):18)
11-21 19:35:11.813  1651  2632 W GmsStrictMode: 	at annd.c(:com.google.android.gms@244337038@24.43.37 (260800-693941914):12)
11-21 19:35:11.813  1651  2632 W GmsStrictMode: 	at bbwj.run(:com.google.android.gms@244337038@24.43.37 (260800-693941914):5)
11-21 19:35:11.813  1651  2632 W GmsStrictMode: 	at android.os.Handler.handleCallback(Handler.java:959)
11-21 19:35:11.813  1651  2632 W GmsStrictMode: 	at android.os.Handler.dispatchMessage(Handler.java:100)
11-21 19:35:11.813  1651  2632 W GmsStrictMode: 	at bskq.mC(:com.google.android.gms@244337038@24.43.37 (260800-693941914):1)
11-21 19:35:11.813  1651  2632 W GmsStrictMode: 	at bskq.dispatchMessage(:com.google.android.gms@244337038@24.43.37 (260800-693941914):138)
11-21 19:35:11.813  1651  2632 W GmsStrictMode: 	at android.os.Looper.loopOnce(Looper.java:232)
11-21 19:35:11.813  1651  2632 W GmsStrictMode: 	at android.os.Looper.loop(Looper.java:317)
11-21 19:35:11.813  1651  2632 W GmsStrictMode: 	at android.app.ActivityThread.main(ActivityThread.java:8705)
11-21 19:35:11.813  1651  2632 W GmsStrictMode: 	at java.lang.reflect.Method.invoke(Native Method)
11-21 19:35:11.813  1651  2632 W GmsStrictMode: 	at com.android.internal.os.RuntimeInit$MethodAndArgsCaller.run(RuntimeInit.java:580)
11-21 19:35:11.813  1651  2632 W GmsStrictMode: 	at com.android.internal.os.ZygoteInit.main(ZygoteInit.java:886)
11-21 19:35:11.813  1651  2632 W GmsStrictMode: DISK_READ [CONTEXT service_id=256 ]
11-21 19:35:11.813  1651  2632 W GmsStrictMode: android.os.strictmode.DiskReadViolation
11-21 19:35:11.813  1651  2632 W GmsStrictMode: 	at android.os.StrictMode$AndroidBlockGuardPolicy.onReadFromDisk(StrictMode.java:1683)
11-21 19:35:11.813  1651  2632 W GmsStrictMode: 	at libcore.io.BlockGuardOs.read(BlockGuardOs.java:324)
11-21 19:35:11.813  1651  2632 W GmsStrictMode: 	at libcore.io.ForwardingOs.read(ForwardingOs.java:613)
11-21 19:35:11.813  1651  2632 W GmsStrictMode: 	at libcore.io.IoBridge.read(IoBridge.java:604)
11-21 19:35:11.813  1651  2632 W GmsStrictMode: 	at java.io.FileInputStream.read(FileInputStream.java:353)
11-21 19:35:11.813  1651  2632 W GmsStrictMode: 	at ftxc.X(:com.google.android.gms@244337038@24.43.37 (260800-693941914):1)
11-21 19:35:11.813  1651  2632 W GmsStrictMode: 	at ftxc.ab(:com.google.android.gms@244337038@24.43.37 (260800-693941914):65)
11-21 19:35:11.813  1651  2632 W GmsStrictMode: 	at ftxc.D(:com.google.android.gms@244337038@24.43.37 (260800-693941914):8)
11-21 19:35:11.813  1651  2632 W GmsStrictMode: 	at blsq.a(:com.google.android.gms@244337038@24.43.37 (260800-693941914):134)
11-21 19:35:11.813  1651  2632 W GmsStrictMode: 	at exdu.a(:com.google.android.gms@244337038@24.43.37 (260800-693941914):16)
11-21 19:35:11.813  1651  2632 W GmsStrictMode: 	at blst.a(:com.google.android.gms@244337038@24.43.37 (260800-693941914):31)
11-21 19:35:11.813  1651  2632 W GmsStrictMode: 	at blgz.s(:com.google.android.gms@244337038@24.43.37 (260800-693941914):20)
11-21 19:35:11.813  1651  2632 W GmsStrictMode: 	at blgz.i(:com.google.android.gms@244337038@24.43.37 (260800-693941914):309)
11-21 19:35:11.813  1651  2632 W GmsStrictMode: 	at blgz.g(:com.google.android.gms@244337038@24.43.37 (260800-693941914):9)
11-21 19:35:11.813  1651  2632 W GmsStrictMode: 	at blgz.r(:com.google.android.gms@244337038@24.43.37 (260800-693941914):2)
11-21 19:35:11.813  1651  2632 W GmsStrictMode: 	at blme.g(:com.google.android.gms@244337038@24.43.37 (260800-693941914):91)
11-21 19:35:11.813  1651  2632 W GmsStrictMode: 	at blme.o(:com.google.android.gms@244337038@24.43.37 (260800-693941914):3)
11-21 19:35:11.813  1651  2632 W GmsStrictMode: 	at blme.j(:com.google.android.gms@244337038@24.43.37 (260800-693941914):27)
11-21 19:35:11.813  1651  2632 W GmsStrictMode: 	at blme.i(:com.google.android.gms@244337038@24.43.37 (260800-693941914):2)
11-21 19:35:11.813  1651  2632 W GmsStrictMode: 	at rsv.a(:com.google.android.gms@244337038@24.43.37 (260800-693941914):17)
11-21 19:35:11.813  1651  2632 W GmsStrictMode: 	at rsv.i(:com.google.android.gms@244337038@24.43.37 (260800-693941914):156)
11-21 19:35:11.813  1651  2632 W GmsStrictMode: 	at rti.gC(:com.google.android.gms@244337038@24.43.37 (260800-693941914):9)
11-21 19:35:11.813  1651  2632 W GmsStrictMode: 	at dref.run(:com.google.android.gms@244337038@24.43.37 (260800-693941914):18)
11-21 19:35:11.813  1651  2632 W GmsStrictMode: 	at annd.c(:com.google.android.gms@244337038@24.43.37 (260800-693941914):12)
11-21 19:35:11.813  1651  2632 W GmsStrictMode: 	at bbwj.run(:com.google.android.gms@244337038@24.43.37 (260800-693941914):5)
11-21 19:35:11.813  1651  2632 W GmsStrictMode: 	at android.os.Handler.handleCallback(Handler.java:959)
11-21 19:35:11.813  1651  2632 W GmsStrictMode: 	at android.os.Handler.dispatchMessage(Handler.java:100)
11-21 19:35:11.813  1651  2632 W GmsStrictMode: 	at bskq.mC(:com.google.android.gms@244337038@24.43.37 (260800-693941914):1)
11-21 19:35:11.813  1651  2632 W GmsStrictMode: 	at bskq.dispatchMessage(:com.google.android.gms@244337038@24.43.37 (260800-693941914):138)
11-21 19:35:11.813  1651  2632 W GmsStrictMode: 	at android.os.Looper.loopOnce(Looper.java:232)
11-21 19:35:11.813  1651  2632 W GmsStrictMode: 	at android.os.Looper.loop(Looper.java:317)
11-21 19:35:11.813  1651  2632 W GmsStrictMode: 	at android.app.ActivityThread.main(ActivityThread.java:8705)
11-21 19:35:11.813  1651  2632 W GmsStrictMode: 	at java.lang.reflect.Method.invoke(Native Method)
11-21 19:35:11.813  1651  2632 W GmsStrictMode: 	at com.android.internal.os.RuntimeInit$MethodAndArgsCaller.run(RuntimeInit.java:580)
11-21 19:35:11.813  1651  2632 W GmsStrictMode: 	at com.android.internal.os.ZygoteInit.main(ZygoteInit.java:886)
11-21 19:35:11.830  3025  3025 I AidlLazyServiceRegistrar: Registering service android.hardware.drm.IDrmFactory/clearkey
11-21 19:35:11.833  2964  2964 E ConfigUpdater: ignoring update request
11-21 19:35:11.834  1651  3041 W ChimeraUtils: Module com.google.android.gms.auth_authzen__phone missing resource null(0)
11-21 19:35:11.836  3025  3025 I AidlLazyServiceRegistrar: Process has 1 (of 1 available) client(s) in use after notification android.hardware.drm.IDrmFactory/clearkey has clients: 1
11-21 19:35:11.843  1651  3041 I Authzen : [AuthZenEventHandler] Handling event: android.intent.action.BOOT_COMPLETED
11-21 19:35:11.843  1651  3041 I Authzen : [TransactionCache] Clearing transaction cache
11-21 19:35:11.844   424  1009 W ServiceManagerCppClient: Permission failure: android.permission.ACCESS_SURFACE_FLINGER from uid=10212 pid=2980
11-21 19:35:11.844   424  1009 D PermissionCache: checking android.permission.ACCESS_SURFACE_FLINGER for uid=10212 => denied (353 us)
11-21 19:35:11.845  2964  2964 E ConfigUpdater: ignoring update request
11-21 19:35:11.846   424  1009 W ServiceManagerCppClient: Permission failure: android.permission.ROTATE_SURFACE_FLINGER from uid=10212 pid=2980
11-21 19:35:11.846   424  1009 D PermissionCache: checking android.permission.ROTATE_SURFACE_FLINGER for uid=10212 => denied (1715 us)
11-21 19:35:11.845  2926  3012 I DrmUtils: found IDrmFactory. Instance name:[android.hardware.drm.IDrmFactory/clearkey]
11-21 19:35:11.847   424  1009 W ServiceManagerCppClient: Permission failure: android.permission.INTERNAL_SYSTEM_WINDOW from uid=10212 pid=2980
11-21 19:35:11.847   424  1009 D PermissionCache: checking android.permission.INTERNAL_SYSTEM_WINDOW for uid=10212 => denied (737 us)
11-21 19:35:11.851  2980  3005 I EGL_emulation: Opening libGLESv1_CM_emulation.so
11-21 19:35:11.852  2980  3005 I EGL_emulation: Opening libGLESv2_emulation.so
11-21 19:35:11.856  1651  2762 I RecoverableKeyStoreGms: [RecoverableKeyStoreGmsInitOperation] Initializing auth_folsom
11-21 19:35:11.857  2980  3005 W HWUI    : Failed to choose config with EGL_SWAP_BEHAVIOR_PRESERVED, retrying without...
11-21 19:35:11.859   424   462 W ServiceManagerCppClient: Permission failure: android.permission.ACCESS_SURFACE_FLINGER from uid=10212 pid=0
11-21 19:35:11.859   424   462 D PermissionCache: checking android.permission.ACCESS_SURFACE_FLINGER for uid=10212 => denied (15438 us)
11-21 19:35:11.861  2926  3012 I DrmUtils: found IDrmFactory. Instance name:[android.hardware.drm.IDrmFactory/widevine]
11-21 19:35:11.866  1103  2357 W WearableService: onGetService: Wear is not available on this device.
11-21 19:35:11.867  1651  2576 I native  : I0000 00:00:1732242911.791355    2576 flash-index.cc:1533] Flash index sort hb 126 prefix-hits 278 -> 267 at 228.150ms
11-21 19:35:11.867  1651  2762 I RecoverableKeyStoreGms: [RecoverableKeyStoreGmsInitOperation] com.google.android.gms.auth.folsom.service.FolsomPublicKeyUpdateService is already enabled. Ignore.
11-21 19:35:11.868  2980  3005 W HWUI    : Failed to initialize 101010-2 format, error = EGL_SUCCESS
11-21 19:35:11.870  1651  2762 I RecoverableKeyStoreGms: [RecoverableKeyStoreGmsInitOperation] com.google.android.gms.auth.folsom.service.GcmReceiverService is already enabled. Ignore.
11-21 19:35:11.873  2045  2164 I Bugle   : BugleStartup: Updating app config...
11-21 19:35:11.876  2926  3011 V RkpdServerInterface: Network request completed successfully.
11-21 19:35:11.886  3022  3022 D ApplicationLoaders: Returning zygote-cached class loader: /system/framework/org.apache.http.legacy.jar
11-21 19:35:11.889  2926  3011 I RkpdPeriodicProvisioner: Total services found implementing IRPC: 1
11-21 19:35:11.892  2926  3011 I RkpdPeriodicProvisioner: Starting provisioning for com.android.rkpdapp.interfaces.SystemInterface{android.hardware.security.keymint.IRemotelyProvisionedComponent/default}
11-21 19:35:11.893  3022  3022 D ApplicationLoaders: Returning zygote-cached class loader: /system_ext/framework/androidx.window.extensions.jar
11-21 19:35:11.893  3022  3022 D ApplicationLoaders: Returning zygote-cached class loader: /system_ext/framework/androidx.window.sidecar.jar
11-21 19:35:11.902  2926  3011 I RkpdKeyPoolStats: Sufficient keys are available, no CSR needed.
11-21 19:35:11.903  2926  3011 I RkpdKeyPoolStats: PoolStats{keysInUse=2, idealTotalSignedKeys=14, keysToGenerate=0, keysUnassigned=10}
11-21 19:35:11.903  2926  3011 I RkpdProvisioner: Requested number of keys for provisioning: 0
11-21 19:35:11.907  2926  3011 I RkpdPeriodicProvisioner: Logging atom metric for pool status, total: 12, numExpiring: 0, numUnassigned: 10
11-21 19:35:11.907  2926  3011 I RkpdPeriodicProvisioner: Successfully provisioned com.android.rkpdapp.interfaces.SystemInterface{android.hardware.security.keymint.IRemotelyProvisionedComponent/default}
11-21 19:35:11.917   582  1774 V RecoverableKeyStoreMgr: Not updating secret types - same as old value.
11-21 19:35:11.927   412   412 I WVCdm   : [cdm_engine.cpp(1092):IsSecurityLevelSupported] level = L1
11-21 19:35:11.929  1651  2762 I RecoverableKeyStoreGms: [RecoverableKeyStoreGmsInitOperation] Setting vault handle
11-21 19:35:11.931   582  1923 V RecoverableKeyStoreMgr: Not updating server params - same as old value.
11-21 19:35:11.933   582   620 I RecoverySnapshotLstnrs: Registered listener for agent with uid 10144
11-21 19:35:11.940  2926  2959 I WM-WorkerWrapper: Worker result SUCCESS for Work [ id=72e6ced1-572c-444e-8a2d-cf9de3bba4cd, tags={ com.android.rkpdapp.provisioner.PeriodicProvisioner } ]
11-21 19:35:11.941  2964  2964 E ConfigUpdater: ignoring update request
11-21 19:35:11.942  2926  2926 D WM-Processor: Processor 72e6ced1-572c-444e-8a2d-cf9de3bba4cd executed; reschedule = false
11-21 19:35:11.943  2926  2926 D WM-GreedyScheduler: Stopping tracking for WorkGenerationalId(workSpecId=72e6ced1-572c-444e-8a2d-cf9de3bba4cd, generation=0)
11-21 19:35:11.943   412   412 I WVCdm   : [file_utils.cpp(38):Exists] stat failed: ENOENT
11-21 19:35:11.944   412   412 I WVCdm   : [oemcrypto_adapter_dynamic.cpp(826):Initialize] Level 3 Build Info (v18): {"soc_vendor":"L3_33100","soc_model":"X86 64 bit","ta_ver":"18.1.0+Feb 20 2024_20:28:28_","uses_opk":false,"tee_os":"none","tee_os_ver":"0.0.0","form_factor":"L3","implementer":"Widevine","fused":false}
11-21 19:35:11.945   412  3046 I WVCdm   : [(0):] Level3 Library 33100 Feb 20 2024 20:28:28
11-21 19:35:11.959   855   855 D TileServices: Couldn't find tile for ComponentInfo{com.google.android.apps.wellbeing/com.google.android.apps.wellbeing.screen.ui.GrayscaleTileService}(0)
11-21 19:35:11.970  3022  3022 W ziparchive: Unable to open '/data/app/~~Ces5rELffmHDjWpwmZaoHQ==/com.android.vending-cHJPph0Cwh1Ys7yVAGq9Rw==/split_config.en.dm': No such file or directory
11-21 19:35:11.971  3022  3022 W ziparchive: Unable to open '/data/app/~~Ces5rELffmHDjWpwmZaoHQ==/com.android.vending-cHJPph0Cwh1Ys7yVAGq9Rw==/split_config.en.dm': No such file or directory
11-21 19:35:11.976  3022  3022 W android.vending: Entry not found
11-21 19:35:11.977  3022  3022 W ziparchive: Unable to open '/data/app/~~Ces5rELffmHDjWpwmZaoHQ==/com.android.vending-cHJPph0Cwh1Ys7yVAGq9Rw==/split_config.x86_64.dm': No such file or directory
11-21 19:35:11.977  3022  3022 W ziparchive: Unable to open '/data/app/~~Ces5rELffmHDjWpwmZaoHQ==/com.android.vending-cHJPph0Cwh1Ys7yVAGq9Rw==/split_config.x86_64.dm': No such file or directory
11-21 19:35:11.977   412   412 I WVCdm   : [oemcrypto_adapter_dynamic.cpp(841):Initialize] L3 Initialized. Trying L1.
11-21 19:35:11.977  2045  2164 I Bugle   : BugleStartup: Done with SIM change receiver & app config.
11-21 19:35:11.978  3022  3022 W android.vending: Entry not found
11-21 19:35:11.979  2045  2164 I Bugle   : BugleStartup: Handling shared prefs upgrade & Load MMS Configuration...
11-21 19:35:11.979  3022  3022 W ziparchive: Unable to open '/data/app/~~Ces5rELffmHDjWpwmZaoHQ==/com.android.vending-cHJPph0Cwh1Ys7yVAGq9Rw==/split_phonesky_data_loader.dm': No such file or directory
11-21 19:35:11.979  3022  3022 W ziparchive: Unable to open '/data/app/~~Ces5rELffmHDjWpwmZaoHQ==/com.android.vending-cHJPph0Cwh1Ys7yVAGq9Rw==/split_phonesky_data_loader.dm': No such file or directory
11-21 19:35:11.980  3022  3022 W android.vending: Entry not found
11-21 19:35:11.980  3022  3022 W ziparchive: Unable to open '/data/app/~~Ces5rELffmHDjWpwmZaoHQ==/com.android.vending-cHJPph0Cwh1Ys7yVAGq9Rw==/split_phonesky_data_loader.config.x86_64.dm': No such file or directory
11-21 19:35:11.980  3022  3022 W ziparchive: Unable to open '/data/app/~~Ces5rELffmHDjWpwmZaoHQ==/com.android.vending-cHJPph0Cwh1Ys7yVAGq9Rw==/split_phonesky_data_loader.config.x86_64.dm': No such file or directory
11-21 19:35:11.980   412   412 W WVCdm   : [oemcrypto_adapter_dynamic.cpp(854):Initialize] Could not load oemcrypto from path liboemcrypto.so.  dlopen failed: library "liboemcrypto.so" not found
11-21 19:35:11.980   412   412 W WVCdm   : [oemcrypto_adapter_dynamic.cpp(858):Initialize] Could not load oemcrypto. Falling back to L3.
11-21 19:35:11.980   412   412 E WVCdm   : [oemcrypto_adapter_dynamic.cpp(1326):ValidateOrInstallL1KeyboxOrCert] L1 not initialized. Falling back to L3
11-21 19:35:11.980   412   412 I WVCdm   : [file_utils.cpp(38):Exists] stat failed: ENOENT
11-21 19:35:11.980   412   412 W WVCdm   : [oemcrypto_adapter_dynamic.cpp(1531):OEMCrypto_InitializeAndCheckKeybox] Keybox error: 25. Falling back to L3.
11-21 19:35:11.980   412   412 I WVCdm   : [oemcrypto_adapter_dynamic.cpp(890):Level1Terminate] L1 Terminate not needed
11-21 19:35:11.982  3022  3022 W android.vending: Entry not found
11-21 19:35:11.983  3022  3022 D nativeloader: Configuring clns-7 for other apk /data/app/~~Ces5rELffmHDjWpwmZaoHQ==/com.android.vending-cHJPph0Cwh1Ys7yVAGq9Rw==/base.apk:/data/app/~~Ces5rELffmHDjWpwmZaoHQ==/com.android.vending-cHJPph0Cwh1Ys7yVAGq9Rw==/split_config.en.apk:/data/app/~~Ces5rELffmHDjWpwmZaoHQ==/com.android.vending-cHJPph0Cwh1Ys7yVAGq9Rw==/split_config.x86_64.apk:/data/app/~~Ces5rELffmHDjWpwmZaoHQ==/com.android.vending-cHJPph0Cwh1Ys7yVAGq9Rw==/split_phonesky_data_loader.apk:/data/app/~~Ces5rELffmHDjWpwmZaoHQ==/com.android.vending-cHJPph0Cwh1Ys7yVAGq9Rw==/split_phonesky_data_loader.config.x86_64.apk. target_sdk_version=35, uses_libraries=, library_path=/data/app/~~Ces5rELffmHDjWpwmZaoHQ==/com.android.vending-cHJPph0Cwh1Ys7yVAGq9Rw==/lib/x86_64:/data/app/~~Ces5rELffmHDjWpwmZaoHQ==/com.android.vending-cHJPph0Cwh1Ys7yVAGq9Rw==/base.apk!/lib/x86_64:/data/app/~~Ces5rELffmHDjWpwmZaoHQ==/com.android.vending-cHJPph0Cwh1Ys7yVAGq9Rw==/split_config.en.apk!/lib/x86_64:/data/app/~~Ces5rELffmHDjWpwmZaoHQ==/com.android.vending-cHJPph0Cwh1Ys7yVAGq9Rw==/split
11-21 19:35:11.986   412   412 D WVCdm   : [crypto_session.cpp(444):CacheVersion] OEMCrypto version (default security level): 18.3
11-21 19:35:11.987   412   412 D WVCdm   : [crypto_session.cpp(453):CacheVersion] OEMCrypto version (L3 security level): 18.3
11-21 19:35:11.990   160   160 I hwservicemanager: getTransport: Cannot find entry android.hardware.graphics.mapper@4.0::IMapper/default in either framework or device VINTF manifest.
11-21 19:35:11.990  2980  3005 I Gralloc4: mapper 4.x is not supported
11-21 19:35:11.997   412   412 I WVCdm   : [(0):] L3 Terminate.
11-21 19:35:11.999   412   412 I WVCdm-DrmFactory: [app][com.google.android.rkpdapp] calling virtual ::ndk::ScopedAStatus wvdrm::hardware::drm::widevine::WVDrmFactory::createDrmPlugin(const Uuid &, const string &, std::shared_ptr< ::aidl::android::hardware::drm::IDrmPlugin> *)
11-21 19:35:11.999   412   412 D WVCdm   : Instantiating CDM metrics queue
11-21 19:35:11.999   412   412 D WVCdm   : Instantiating CDM.
11-21 19:35:12.003  3022  3022 D CompatChangeReporter: Compat change id reported: 202956589; UID 10142; state: ENABLED
11-21 19:35:12.017   412   412 D WVCdm   : [cdm_engine.cpp(583):QueryStatus] security_level = Default, query_token = WidevineCdmVersion
11-21 19:35:12.017   412   412 I WVCdm   : [file_utils.cpp(38):Exists] stat failed: ENOENT
11-21 19:35:12.017   412   412 I WVCdm   : [oemcrypto_adapter_dynamic.cpp(826):Initialize] Level 3 Build Info (v18): {"soc_vendor":"L3_33100","soc_model":"X86 64 bit","ta_ver":"18.1.0+Feb 20 2024_20:28:28_","uses_opk":false,"tee_os":"none","tee_os_ver":"0.0.0","form_factor":"L3","implementer":"Widevine","fused":false}
11-21 19:35:12.017   412  3050 I WVCdm   : [(0):] Level3 Library 33100 Feb 20 2024 20:28:28
11-21 19:35:12.020   412   412 I WVCdm   : [oemcrypto_adapter_dynamic.cpp(841):Initialize] L3 Initialized. Trying L1.
11-21 19:35:12.020   412   412 W WVCdm   : [oemcrypto_adapter_dynamic.cpp(854):Initialize] Could not load oemcrypto from path liboemcrypto.so.  dlopen failed: library "liboemcrypto.so" not found
11-21 19:35:12.020   412   412 W WVCdm   : [oemcrypto_adapter_dynamic.cpp(858):Initialize] Could not load oemcrypto. Falling back to L3.
11-21 19:35:12.020   412   412 E WVCdm   : [oemcrypto_adapter_dynamic.cpp(1326):ValidateOrInstallL1KeyboxOrCert] L1 not initialized. Falling back to L3
11-21 19:35:12.020   412   412 I WVCdm   : [file_utils.cpp(38):Exists] stat failed: ENOENT
11-21 19:35:12.020   412   412 W WVCdm   : [oemcrypto_adapter_dynamic.cpp(1531):OEMCrypto_InitializeAndCheckKeybox] Keybox error: 25. Falling back to L3.
11-21 19:35:12.020   412   412 I WVCdm   : [oemcrypto_adapter_dynamic.cpp(890):Level1Terminate] L1 Terminate not needed
11-21 19:35:12.020   412   412 D WVCdm   : [crypto_session.cpp(444):CacheVersion] OEMCrypto version (default security level): 18.3
11-21 19:35:12.020   412   412 D WVCdm   : [crypto_session.cpp(453):CacheVersion] OEMCrypto version (L3 security level): 18.3
11-21 19:35:12.021   412   412 D WVCdm   : [cdm_engine.cpp(583):QueryStatus] security_level = Default, query_token = ProvisioningModel
11-21 19:35:12.021  2926  3012 I RkpdWidevine: Not a WV provisioning 4.0 device. No provisioning required.
11-21 19:35:12.027   483   790 D statsd_drm: statsd_mediadrm skipping empty entry
11-21 19:35:12.044  1651  2762 I RecoverableKeyStoreGms: [EnrollmentManager] Returning certificates list from cache [CONTEXT service_id=172 ]
11-21 19:35:12.044  3022  3022 V GraphicsEnvironment: Currently set values for:
11-21 19:35:12.044  3022  3022 V GraphicsEnvironment:   angle_gl_driver_selection_pkgs=[]
11-21 19:35:12.044  3022  3022 V GraphicsEnvironment:   angle_gl_driver_selection_values=[]
11-21 19:35:12.044  3022  3022 V GraphicsEnvironment: Global.Settings values are invalid: number of packages: 0, number of values: 0
11-21 19:35:12.044  3022  3022 V GraphicsEnvironment: Neither updatable production driver nor prerelease driver is supported.
11-21 19:35:12.053   412   412 I WVCdm   : [(0):] L3 Terminate.
11-21 19:35:12.057   582  1920 D SafetySourceDataValidat: No cert check requested for package com.google.android.permissioncontroller
11-21 19:35:12.096  2964  2964 E ConfigUpdater: ignoring update request
11-21 19:35:12.105  1103  2578 I NearbyDiscovery: (REDACTED) FastPairHandler: Received action %s
11-21 19:35:12.111   582  1783 W ServiceManagerCppClient: Permission failure: android.permission.ACCESS_SURFACE_FLINGER from uid=10212 pid=0
11-21 19:35:12.111   582  1783 D PermissionCache: checking android.permission.ACCESS_SURFACE_FLINGER for uid=10212 => denied (103 us)
11-21 19:35:12.111   582  1783 W ServiceManagerCppClient: Permission failure: android.permission.ROTATE_SURFACE_FLINGER from uid=10212 pid=0
11-21 19:35:12.111   582  1783 D PermissionCache: checking android.permission.ROTATE_SURFACE_FLINGER for uid=10212 => denied (66 us)
11-21 19:35:12.111   582  1783 W ServiceManagerCppClient: Permission failure: android.permission.INTERNAL_SYSTEM_WINDOW from uid=10212 pid=0
11-21 19:35:12.111   582  1783 D PermissionCache: checking android.permission.INTERNAL_SYSTEM_WINDOW for uid=10212 => denied (52 us)
11-21 19:35:12.114  1103  2578 I NearbyDiscovery: (REDACTED) FastPairHandler: Received action %s
11-21 19:35:12.117  1103  1276 W ctxmgr  : [WorkManager] Long workInfo: pkg=com.google.android.gms, lbl=DispatcherDeliver, start=2024-11-21 19:35:06.683-0700, stop=2024-11-21 19:35:12.116-0700, durtn=5433ms [CONTEXT service_id=47 ]
11-21 19:35:12.139   483  3052 W s       : AIBinder_linkToDeath is being called with a non-null cookie and no onUnlink callback set. This might not be intended. AIBinder_DeathRecipient_setOnUnlinked should be called first.
11-21 19:35:12.143  2552  2552 D LifecycleMonitor: Lifecycle status change: com.example.titans_project.MainActivity@d89bf2a in: STOPPED
11-21 19:35:12.143  2552  2552 V ActivityScenario: Update currentActivityStage to STOPPED, currentActivity=com.example.titans_project.MainActivity@d89bf2a
11-21 19:35:12.153   582   626 W ziparchive: Unable to open '/data/app/~~nHdxPu7WuTuKdiVHvHCOpg==/com.example.titans_project.test-wcyILS7USOyjebiFw9hM8Q==/base.dm': No such file or directory
11-21 19:35:12.171  2964  2964 E ConfigUpdater: ignoring update request
11-21 19:35:12.177  2964  2964 E ConfigUpdater: ignoring update request
11-21 19:35:12.186   582   724 I ImeTracker: com.example.titans_project.test:bd9be79d: onRequestHide at ORIGIN_SERVER reason HIDE_UNSPECIFIED_WINDOW fromUser false
11-21 19:35:12.186   582   724 I ImeTracker: com.example.titans_project.test:bd9be79d: onCancelled at PHASE_SERVER_SHOULD_HIDE
11-21 19:35:12.192  2552  2559 W .titans_project: Cleared Reference was only reachable from finalizer (only reported once)
11-21 19:35:12.200  1308  1308 I GoogleInputMethodService: GoogleInputMethodService.onFinishInput():3157
11-21 19:35:12.200   369   369 D Zygote  : Forked child process 3055
11-21 19:35:12.209  1277  1277 I SafetyLabelChangesJobService: Detect updates job scheduled successfully.
11-21 19:35:12.209  1277  1277 I SafetyLabelChangesJobService: Not scheduling notification job: already scheduled.
11-21 19:35:12.218  1308  1308 I GoogleInputMethodService: GoogleInputMethodService.updateDeviceLockedStatus():2248 repeatCheckTimes = 0, locked = false
11-21 19:35:12.218  1308  1308 I GoogleInputMethodService: GoogleInputMethodService.onStartInput():1986 onStartInput(EditorInfo{EditorInfo{packageName=com.example.titans_project.test, inputType=0, inputTypeString=NULL, enableLearning=false, autoCorrection=false, autoComplete=false, imeOptions=0, privateImeOptions=null, actionName=UNSPECIFIED, actionLabel=null, initialSelStart=-1, initialSelEnd=-1, initialCapsMode=0, label=null, fieldId=0, fieldName=null, extras=null, hintText=null, hintLocales=[]}}, false)
11-21 19:35:12.219  1308  1308 I GoogleInputMethodService: GoogleInputMethodService.updateDeviceLockedStatus():2248 repeatCheckTimes = 1, locked = false
11-21 19:35:12.219  1308  1308 I AndroidIME: InputBundleManager.loadActiveInputBundleId():450 loadActiveInputBundleId: und-Latn-x-password, password
11-21 19:35:12.235  2045  2412 W Bugle   : BuglePhoneNumberUtils: canonicalizeMccMnc: invalid mccmnc. mcc: null, mnc: null
11-21 19:35:12.235   582   626 I ActivityTaskManager: Displayed com.example.titans_project.test/androidx.test.core.app.InstrumentationActivityInvoker$EmptyActivity for user 0: +1s583ms
11-21 19:35:12.255   582   828 D androidtc: Initializing SystemTextClassifier, type = System
11-21 19:35:12.255  3055  3055 I nect.controller: Using CollectorTypeCMC GC.
11-21 19:35:12.260  3055  3055 W nect.controller: Unexpected CPU variant for x86: x86_64.
11-21 19:35:12.260  3055  3055 W nect.controller: Known variants: atom, sandybridge, silvermont, goldmont, goldmont-plus, goldmont-without-sha-xsaves, tremont, kabylake, default
11-21 19:35:12.264  3055  3055 E nect.controller: Not starting debugger since process cannot load the jdwp agent.
11-21 19:35:12.288  3055  3055 D nativeloader: Load libframework-connectivity-tiramisu-jni.so using APEX ns com_android_tethering for caller /apex/com.android.tethering/javalib/framework-connectivity-t.jar: ok
11-21 19:35:12.299  1308  1308 W NotificationCenter: NotificationCenter$ListenerData.notifyOnExecutor():672 Heavy notify work detected on UI thread: |kga->jjc| takes 75ms
11-21 19:35:12.310   582  1860 I RecoverableKeyStoreMgr: The cert file serial number is the same, so skip updating.
11-21 19:35:12.319  1651  2762 I RecoverableKeyStoreGms: [EnrollmentManager] Recovery service is initialized. [CONTEXT service_id=172 ]
11-21 19:35:12.328  3022  3022 I Finsky  : [2] mfp.j(82): Process created at version: 43.4.23-31 [0] [PR] 689948425
11-21 19:35:12.348  2552  2552 D LifecycleMonitor: Lifecycle status change: com.example.titans_project.MainActivity@d89bf2a in: DESTROYED
11-21 19:35:12.349  2552  2552 V ActivityScenario: Update currentActivityStage to DESTROYED, currentActivity=null
11-21 19:35:12.350  2552  2552 W WindowOnBackDispatcher: sendCancelIfRunning: isInProgress=false callback=android.view.ViewRootImpl$$ExternalSyntheticLambda11@88fb440
11-21 19:35:12.355   582  1860 W InputManager-JNI: Input channel object 'af91219 com.example.titans_project/com.example.titans_project.MainActivity (client)' was disposed without first being removed with the input manager!
11-21 19:35:12.369  2552  2559 I .titans_project: Background concurrent mark compact GC freed 8229KB AllocSpace bytes, 39(1100KB) LOS objects, 49% free, 6499KB/12MB, paused 2.361ms,51.703ms total 217.978ms
11-21 19:35:12.369  2552  2663 I TestRunner: finished: testSwitchUserMode(com.example.titans_project.MainActivityTest)
