11-08 14:54:24.796 10815 10831 I TestRunner: started: testSwitchMode(com.example.titans_project.MainActivityTest)
11-08 14:54:24.831 10815 10831 W Settings: Setting always_finish_activities has moved from android.provider.Settings.System to android.provider.Settings.Global, returning read-only value.
11-08 14:54:24.868   589  1814 V GrammaticalInflectionUtils: AttributionSource: android.content.AttributionSource@269cd2af does not have READ_SYSTEM_GRAMMATICAL_GENDER permission.
11-08 14:54:24.901   445   445 I BpBinder: onLastStrongRef automatically unlinking death recipients:
11-08 14:54:24.901  1132  1132 W SplitSelectStateCtor: Missing session instanceIds
11-08 14:54:24.902  1132  1132 D StatsLog: LAUNCHER_SPLIT_SELECTION_EXIT_INTERRUPTED
11-08 14:54:24.929  1132  1132 I TopTaskTracker: onTaskMovedToFront: (moved taskInfo to front) taskId=210, baseIntent=Intent { act=android.intent.action.MAIN cat=[android.intent.category.LAUNCHER] flg=0x10008000 cmp=com.example.titans_project/.MainActivity }
11-08 14:54:25.005  1132  1547 D EGL_emulation: app_time_stats: avg=141.56ms min=3.04ms max=2932.99ms count=22
11-08 14:54:25.143 10815 10815 D AppCompatDelegate: Checking for metadata for AppLocalesMetadataHolderService : Service not found
11-08 14:54:25.146  1132  1547 D EGL_emulation: app_time_stats: avg=3186.88ms min=8.92ms max=44250.73ms count=14
11-08 14:54:25.173   841  1073 D EGL_emulation: app_time_stats: avg=25146.42ms min=25146.42ms max=25146.42ms count=1
11-08 14:54:25.181 10815 10815 D LifecycleMonitor: Lifecycle status change: com.example.titans_project.MainActivity@cd683d6 in: PRE_ON_CREATE
11-08 14:54:25.182 10815 10815 V ActivityScenario: Activity lifecycle changed event received but ignored because the reported transition was not ON_CREATE while the last known transition was PRE_ON_CREATE
11-08 14:54:25.408 10815 10815 W .titans_project: Accessing hidden method Landroid/view/ViewGroup;->makeOptionalFitsSystemWindows()V (unsupported, reflection, allowed)
11-08 14:54:25.410  1132  1132 D VRI[NexusLauncherActivity]: visibilityChanged oldVisibility=true newVisibility=false
11-08 14:54:25.420  1132  1132 D NexusLauncherModelDelegate: notifySmartspaceEvent: SmartspaceTargetEvent{mSmartspaceTarget=null, mSmartspaceActionId='null', mEventType=7}
11-08 14:54:25.626 10815 10815 D CompatChangeReporter: Compat change id reported: 3400644; UID 10209; state: ENABLED
11-08 14:54:25.709 10815 10819 I .titans_project: Compiler allocated 4219KB to compile void android.widget.TextView.<init>(android.content.Context, android.util.AttributeSet, int, int)
11-08 14:54:25.725 10815 10815 D FirebaseAuth: Notifying id token listeners about user ( ubPF3WuEB4QFaRLV5HKmx9NszW73 ).
11-08 14:54:25.795 10815 10815 D AnonymousAuthActivity: User already signed in
11-08 14:54:25.942   589  1809 D ConnectivityService: requestNetwork for uid/pid:10209/10815 activeRequest: null callbackRequest: 310 [NetworkRequest [ REQUEST id=311, [ Capabilities: INTERNET&NOT_RESTRICTED&TRUSTED&NOT_VCN_MANAGED&NOT_BANDWIDTH_CONSTRAINED Uid: 10209 RequestorUid: 10209 RequestorPkg: com.example.titans_project UnderlyingNetworks: Null] ]] callback flags: 0 order: 2147483647 isUidTracked: false
11-08 14:54:25.949   589   745 D ConnectivityService: NetReassign [311 : null → 103] [c 0] [a 5] [i 2]
11-08 14:54:25.949   589   738 D WifiNetworkFactory: got request NetworkRequest [ REQUEST id=311, [ Capabilities: INTERNET&NOT_RESTRICTED&TRUSTED&NOT_VCN_MANAGED&NOT_BANDWIDTH_CONSTRAINED Uid: 10209 RequestorUid: 10209 RequestorPkg: com.example.titans_project UnderlyingNetworks: Null] ]
11-08 14:54:25.949   589   738 D UntrustedWifiNetworkFactory: got request NetworkRequest [ REQUEST id=311, [ Capabilities: INTERNET&NOT_RESTRICTED&TRUSTED&NOT_VCN_MANAGED&NOT_BANDWIDTH_CONSTRAINED Uid: 10209 RequestorUid: 10209 RequestorPkg: com.example.titans_project UnderlyingNetworks: Null] ]
11-08 14:54:25.950   589   738 D OemPaidWifiNetworkFactory: got request NetworkRequest [ REQUEST id=311, [ Capabilities: INTERNET&NOT_RESTRICTED&TRUSTED&NOT_VCN_MANAGED&NOT_BANDWIDTH_CONSTRAINED Uid: 10209 RequestorUid: 10209 RequestorPkg: com.example.titans_project UnderlyingNetworks: Null] ]
11-08 14:54:25.952   589   738 D MultiInternetWifiNetworkFactory: got request NetworkRequest [ REQUEST id=311, [ Capabilities: INTERNET&NOT_RESTRICTED&TRUSTED&NOT_VCN_MANAGED&NOT_BANDWIDTH_CONSTRAINED Uid: 10209 RequestorUid: 10209 RequestorPkg: com.example.titans_project UnderlyingNetworks: Null] ]
11-08 14:54:25.983 10815 10843 W DynamiteModule: Local module descriptor class for com.google.android.gms.providerinstaller.dynamite not found.
11-08 14:54:25.999  1081  2403 W ProviderHelper: Unknown dynamite feature providerinstaller.dynamite
11-08 14:54:26.003 10815 10815 D LifecycleMonitor: Lifecycle status change: com.example.titans_project.MainActivity@cd683d6 in: CREATED
11-08 14:54:26.004 10815 10815 V ActivityScenario: Update currentActivityStage to CREATED, currentActivity=com.example.titans_project.MainActivity@cd683d6
11-08 14:54:26.006 10815 10843 I DynamiteModule: Considering local module com.google.android.gms.providerinstaller.dynamite:0 and remote module com.google.android.gms.providerinstaller.dynamite:0
11-08 14:54:26.011 10815 10843 W ProviderInstaller: Failed to load providerinstaller module: No acceptable module com.google.android.gms.providerinstaller.dynamite found. Local version is 0 and remote version is 0.
11-08 14:54:26.024 10815 10843 D ApplicationLoaders: Returning zygote-cached class loader: /system/framework/org.apache.http.legacy.jar
11-08 14:54:26.049 10815 10815 D LifecycleMonitor: Lifecycle status change: com.example.titans_project.MainActivity@cd683d6 in: STARTED
11-08 14:54:26.049 10815 10815 V ActivityScenario: Update currentActivityStage to STARTED, currentActivity=com.example.titans_project.MainActivity@cd683d6
11-08 14:54:26.060 10815 10843 D nativeloader: Configuring clns-10 for other apk /system/framework/com.android.media.remotedisplay.jar. target_sdk_version=35, uses_libraries=ALL, library_path=/data/app/~~4HWBWauerLNSQZwl_bBw1w==/com.google.android.gms--q-pkihPRoSPUmDjOyoRPQ==/lib/x86_64:/data/app/~~4HWBWauerLNSQZwl_bBw1w==/com.google.android.gms--q-pkihPRoSPUmDjOyoRPQ==/base.apk!/lib/x86_64, permitted_path=/data:/mnt/expand:/data/user/0/com.google.android.gms
11-08 14:54:26.079 10815 10815 D LifecycleMonitor: Lifecycle status change: com.example.titans_project.MainActivity@cd683d6 in: RESUMED
11-08 14:54:26.079 10815 10815 V ActivityScenario: Update currentActivityStage to RESUMED, currentActivity=com.example.titans_project.MainActivity@cd683d6
11-08 14:54:26.100 10815 10815 W HWUI    : Unknown dataspace 0
11-08 14:54:26.100 10815 10843 D nativeloader: Configuring clns-11 for other apk /system/framework/com.android.location.provider.jar. target_sdk_version=35, uses_libraries=ALL, library_path=/data/app/~~4HWBWauerLNSQZwl_bBw1w==/com.google.android.gms--q-pkihPRoSPUmDjOyoRPQ==/lib/x86_64:/data/app/~~4HWBWauerLNSQZwl_bBw1w==/com.google.android.gms--q-pkihPRoSPUmDjOyoRPQ==/base.apk!/lib/x86_64, permitted_path=/data:/mnt/expand:/data/user/0/com.google.android.gms
11-08 14:54:26.103 10815 10843 D ApplicationLoaders: Returning zygote-cached class loader: /system_ext/framework/androidx.window.extensions.jar
11-08 14:54:26.103 10815 10843 D ApplicationLoaders: Returning zygote-cached class loader: /system_ext/framework/androidx.window.sidecar.jar
11-08 14:54:26.142 10815 10843 W .titans_project: Loading /data/app/~~4HWBWauerLNSQZwl_bBw1w==/com.google.android.gms--q-pkihPRoSPUmDjOyoRPQ==/oat/x86_64/base.odex non-executable as it requires an image which we failed to load
11-08 14:54:26.157 10815 10843 D nativeloader: Configuring clns-12 for other apk /data/app/~~4HWBWauerLNSQZwl_bBw1w==/com.google.android.gms--q-pkihPRoSPUmDjOyoRPQ==/base.apk. target_sdk_version=35, uses_libraries=, library_path=/data/app/~~4HWBWauerLNSQZwl_bBw1w==/com.google.android.gms--q-pkihPRoSPUmDjOyoRPQ==/lib/x86_64:/data/app/~~4HWBWauerLNSQZwl_bBw1w==/com.google.android.gms--q-pkihPRoSPUmDjOyoRPQ==/base.apk!/lib/x86_64, permitted_path=/data:/mnt/expand:/data/user/0/com.google.android.gms
11-08 14:54:26.201 10815 10843 W ProviderInstaller: Failed to report request stats: com.google.android.gms.common.security.ProviderInstallerImpl.reportRequestStats [class android.content.Context, long, long]
11-08 14:54:26.225 10815 10833 I EGL_emulation: Opening libGLESv1_CM_emulation.so
11-08 14:54:26.228 10815 10833 I EGL_emulation: Opening libGLESv2_emulation.so
11-08 14:54:26.288 10815 10833 W HWUI    : Failed to choose config with EGL_SWAP_BEHAVIOR_PRESERVED, retrying without...
11-08 14:54:26.288 10815 10833 W HWUI    : Failed to initialize 101010-2 format, error = EGL_SUCCESS
11-08 14:54:26.374   159   159 I hwservicemanager: getTransport: Cannot find entry android.hardware.graphics.mapper@4.0::IMapper/default in either framework or device VINTF manifest.
11-08 14:54:26.374 10815 10833 I Gralloc4: mapper 4.x is not supported
11-08 14:54:26.412 10815 10843 D nativeloader: Load /data/app/~~4HWBWauerLNSQZwl_bBw1w==/com.google.android.gms--q-pkihPRoSPUmDjOyoRPQ==/base.apk!/lib/x86_64/libconscrypt_gmscore_jni.so using ns clns-12 from class loader (caller=/data/app/~~4HWBWauerLNSQZwl_bBw1w==/com.google.android.gms--q-pkihPRoSPUmDjOyoRPQ==/base.apk!classes3.dex): ok
11-08 14:54:26.417 10815 10843 V NativeCrypto: Registering com/google/android/gms/org/conscrypt/NativeCrypto's 305 native methods...
11-08 14:54:26.496 10815 10854 W .titans_project: Accessing hidden method Ldalvik/system/VMStack;->getStackClass2()Ljava/lang/Class; (unsupported, reflection, allowed)
11-08 14:54:26.523   589   612 W ziparchive: Unable to open '/data/app/~~bqoH5gK_9gQY_DuYSu6FYA==/com.example.titans_project-QUvj1pCANrfHS8AXEmjJHA==/base.dm': No such file or directory
11-08 14:54:26.524   589   612 I ActivityTaskManager: Displayed com.example.titans_project/.MainActivity for user 0: +1s663ms
11-08 14:54:26.551  1132  1132 D BaseDepthController: setSurface:
11-08 14:54:26.551  1132  1132 D BaseDepthController: 	mWaitingOnSurfaceValidity: false
11-08 14:54:26.551  1132  1132 D BaseDepthController: 	mSurface: null
11-08 14:54:26.560  1132  1132 D BaseDepthController: mSurface is null and mCurrentBlur is: 0
11-08 14:54:26.571   589   710 I ImeTracker: com.example.titans_project:52cb067a: onRequestHide at ORIGIN_SERVER reason HIDE_UNSPECIFIED_WINDOW fromUser false
11-08 14:54:26.573   589   710 I ImeTracker: com.example.titans_project:52cb067a: onCancelled at PHASE_SERVER_SHOULD_HIDE
11-08 14:54:26.579  1132  1132 D StateManager: goToState - fromState: Normal, toState: Normal, partial trace:
11-08 14:54:26.579  1132  1132 D StateManager: 	at com.android.launcher3.statemanager.StateManager.moveToRestState(go/retraceme 2855a437b73635ce9cad76b9289087e631bbb67fc90008a0da13d343a00e5041:4)
11-08 14:54:26.579  1132  1132 D StateManager: 	at com.android.launcher3.statemanager.StateManager.moveToRestState(go/retraceme 2855a437b73635ce9cad76b9289087e631bbb67fc90008a0da13d343a00e5041:1)
11-08 14:54:26.579  1132  1132 D StateManager: 	at com.android.launcher3.statemanager.StatefulActivity.onStop(go/retraceme 2855a437b73635ce9cad76b9289087e631bbb67fc90008a0da13d343a00e5041:34)
11-08 14:54:26.579  1132  1132 D StatsLog: LAUNCHER_ONSTOP
11-08 14:54:26.583 10815 10854 I ejky.a  : Unable to retrieve flag snapshot for com.google.android.gms.providerinstaller#com.google.android.gms, using defaults.
11-08 14:54:26.584  1132  1634 D OneSearchSuggestProvider: Shut down the binder channel
11-08 14:54:26.584  1132  1132 D StatsLog: LAUNCHER_GOOGLE_SEARCH_RESTORE_LIST_SIZE_AFTER_ACTIVITY_RESTART
11-08 14:54:26.587  1132  1437 I IPCThreadState: oneway function results for code 2 on binder at 0x7134c0d54070 will be dropped but finished with status UNKNOWN_TRANSACTION
11-08 14:54:26.594  1251  1251 I GoogleInputMethodService: GoogleInputMethodService.onFinishInput():3157
11-08 14:54:26.609  1251  1251 I GoogleInputMethodService: GoogleInputMethodService.updateDeviceLockedStatus():2248 repeatCheckTimes = 0, locked = false
11-08 14:54:26.611  1251  1251 I GoogleInputMethodService: GoogleInputMethodService.onStartInput():1986 onStartInput(EditorInfo{EditorInfo{packageName=com.example.titans_project, inputType=0, inputTypeString=NULL, enableLearning=false, autoCorrection=false, autoComplete=false, imeOptions=0, privateImeOptions=null, actionName=UNSPECIFIED, actionLabel=null, initialSelStart=-1, initialSelEnd=-1, initialCapsMode=0, label=null, fieldId=0, fieldName=null, extras=null, hintText=null, hintLocales=[]}}, false)
11-08 14:54:26.612 10815 10843 W .titans_project: Accessing hidden method Ljava/security/spec/ECParameterSpec;->getCurveName()Ljava/lang/String; (unsupported, reflection, allowed)
11-08 14:54:26.619  1251  1251 I GoogleInputMethodService: GoogleInputMethodService.updateDeviceLockedStatus():2248 repeatCheckTimes = 1, locked = false
11-08 14:54:26.619  1251  1251 I AndroidIME: InputBundleManager.loadActiveInputBundleId():450 loadActiveInputBundleId: und-Latn-x-password, password
11-08 14:54:26.699  1081  1953 I FontLog : (REDACTED) Received query %s, URI %s
11-08 14:54:26.699  1081  1953 I FontLog : (REDACTED) Query [%s] resolved to %s
11-08 14:54:26.703  1081  1953 I FontLog : (REDACTED) Fetch %s end status %s
11-08 14:54:26.731  1081  1953 I FontLog : (REDACTED) Pulling font file for id = %d, cache size = %d
11-08 14:54:26.745  1081  2403 I FontLog : (REDACTED) Pulling font file for id = %d, cache size = %d
11-08 14:54:26.747 10815 10850 E GoogleApiManager: Failed to get service from broker.
11-08 14:54:26.747 10815 10850 E GoogleApiManager: java.lang.SecurityException: Unknown calling package name 'com.google.android.gms'.
11-08 14:54:26.747 10815 10850 E GoogleApiManager: 	at android.os.Parcel.createExceptionOrNull(Parcel.java:3242)
11-08 14:54:26.747 10815 10850 E GoogleApiManager: 	at android.os.Parcel.createException(Parcel.java:3226)
11-08 14:54:26.747 10815 10850 E GoogleApiManager: 	at android.os.Parcel.readException(Parcel.java:3209)
11-08 14:54:26.747 10815 10850 E GoogleApiManager: 	at android.os.Parcel.readException(Parcel.java:3151)
11-08 14:54:26.747 10815 10850 E GoogleApiManager: 	at amxe.a(:com.google.android.gms@244337038@24.43.37 (260800-693941914):36)
11-08 14:54:26.747 10815 10850 E GoogleApiManager: 	at amvl.z(:com.google.android.gms@244337038@24.43.37 (260800-693941914):143)
11-08 14:54:26.747 10815 10850 E GoogleApiManager: 	at amcs.run(:com.google.android.gms@244337038@24.43.37 (260800-693941914):54)
11-08 14:54:26.747 10815 10850 E GoogleApiManager: 	at android.os.Handler.handleCallback(Handler.java:959)
11-08 14:54:26.747 10815 10850 E GoogleApiManager: 	at android.os.Handler.dispatchMessage(Handler.java:100)
11-08 14:54:26.747 10815 10850 E GoogleApiManager: 	at bskq.mC(:com.google.android.gms@244337038@24.43.37 (260800-693941914):1)
11-08 14:54:26.747 10815 10850 E GoogleApiManager: 	at bskq.dispatchMessage(:com.google.android.gms@244337038@24.43.37 (260800-693941914):5)
11-08 14:54:26.747 10815 10850 E GoogleApiManager: 	at android.os.Looper.loopOnce(Looper.java:232)
11-08 14:54:26.747 10815 10850 E GoogleApiManager: 	at android.os.Looper.loop(Looper.java:317)
11-08 14:54:26.747 10815 10850 E GoogleApiManager: 	at android.os.HandlerThread.run(HandlerThread.java:85)
11-08 14:54:26.783 10815 10847 W CondFlagRegistrar: Failed to register com.google.android.gms.providerinstaller#com.google.android.gms
11-08 14:54:26.783 10815 10847 W CondFlagRegistrar: ejlj: 17: 17: API: Phenotype.API is not available on this device. Connection failed with: ConnectionResult{statusCode=DEVELOPER_ERROR, resolution=null, message=null}
11-08 14:54:26.783 10815 10847 W CondFlagRegistrar: 	at ejll.a(:com.google.android.gms@244337038@24.43.37 (260800-693941914):13)
11-08 14:54:26.783 10815 10847 W CondFlagRegistrar: 	at fcqn.d(:com.google.android.gms@244337038@24.43.37 (260800-693941914):3)
11-08 14:54:26.783 10815 10847 W CondFlagRegistrar: 	at fcqp.run(:com.google.android.gms@244337038@24.43.37 (260800-693941914):130)
11-08 14:54:26.783 10815 10847 W CondFlagRegistrar: 	at fcsi.execute(:com.google.android.gms@244337038@24.43.37 (260800-693941914):1)
11-08 14:54:26.783 10815 10847 W CondFlagRegistrar: 	at fcqq.h(:com.google.android.gms@244337038@24.43.37 (260800-693941914):1)
11-08 14:54:26.783 10815 10847 W CondFlagRegistrar: 	at fcqq.l(:com.google.android.gms@244337038@24.43.37 (260800-693941914):101)
11-08 14:54:26.783 10815 10847 W CondFlagRegistrar: 	at fcqq.p(:com.google.android.gms@244337038@24.43.37 (260800-693941914):19)
11-08 14:54:26.783 10815 10847 W CondFlagRegistrar: 	at ebqt.hE(:com.google.android.gms@244337038@24.43.37 (260800-693941914):35)
11-08 14:54:26.783 10815 10847 W CondFlagRegistrar: 	at drdz.run(:com.google.android.gms@244337038@24.43.37 (260800-693941914):14)
11-08 14:54:26.783 10815 10847 W CondFlagRegistrar: 	at fcsi.execute(:com.google.android.gms@244337038@24.43.37 (260800-693941914):1)
11-08 14:54:26.783 10815 10847 W CondFlagRegistrar: 	at drea.b(:com.google.android.gms@244337038@24.43.37 (260800-693941914):18)
11-08 14:54:26.783 10815 10847 W CondFlagRegistrar: 	at drep.b(:com.google.android.gms@244337038@24.43.37 (260800-693941914):36)
11-08 14:54:26.783 10815 10847 W CondFlagRegistrar: 	at drer.c(:com.google.android.gms@244337038@24.43.37 (260800-693941914):26)
11-08 14:54:26.783 10815 10847 W CondFlagRegistrar: 	at amaa.c(:com.google.android.gms@244337038@24.43.37 (260800-693941914):9)
11-08 14:54:26.783 10815 10847 W CondFlagRegistrar: 	at amcq.q(:com.google.android.gms@244337038@24.43.37 (260800-693941914):48)
11-08 14:54:26.783 10815 10847 W CondFlagRegistrar: 	at amcq.d(:com.google.android.gms@244337038@24.43.37 (260800-693941914):10)
11-08 14:54:26.783 10815 10847 W CondFlagRegistrar: 	at amcq.g(:com.google.android.gms@244337038@24.43.37 (260800-693941914):211)
11-08 14:54:26.783 10815 10847 W CondFlagRegistrar: 	at amcq.onConnectionFailed(:com.google.android.gms@244337038@24.43.37 (260800-693941914):2)
11-08 14:54:26.783 10815 10847 W CondFlagRegistrar: 	at amcs.run(:com.google.android.gms@244337038@24.43.37 (260800-693941914):82)
11-08 14:54:26.783 10815 10847 W CondFlagRegistrar: 	at android.os.Handler.handleCallback(Handler.java:959)
11-08 14:54:26.783 10815 10847 W CondFlagRegistrar: 	at android.os.Handler.dispatchMessage(Handler.java:100)
11-08 14:54:26.783 10815 10847 W CondFlagRegistrar: 	at bskq.mC(:com.google.android.gms@244337038@24.43.37 (260800-693941914):1)
11-08 14:54:26.783 10815 10847 W CondFlagRegistrar: 	at bskq.dispatchMessage(:com.google.android.gms@244337038@24.43.37 (260800-693941914):5)
11-08 14:54:26.783 10815 10847 W CondFlagRegistrar: 	at android.os.Looper.loopOnce(Looper.java:232)
11-08 14:54:26.783 10815 10847 W CondFlagRegistrar: 	at android.os.Looper.loop(Looper.java:317)
11-08 14:54:26.783 10815 10847 W CondFlagRegistrar: 	at android.os.HandlerThread.run(HandlerThread.java:85)
11-08 14:54:26.783 10815 10847 W CondFlagRegistrar: Caused by: alys: 17: API: Phenotype.API is not available on this device. Connection failed with: ConnectionResult{statusCode=DEVELOPER_ERROR, resolution=null, message=null}
11-08 14:54:26.783 10815 10847 W CondFlagRegistrar: 	at amux.a(:com.google.android.gms@244337038@24.43.37 (260800-693941914):15)
11-08 14:54:26.783 10815 10847 W CondFlagRegistrar: 	at amad.a(:com.google.android.gms@244337038@24.43.37 (260800-693941914):1)
11-08 14:54:26.783 10815 10847 W CondFlagRegistrar: 	at amaa.c(:com.google.android.gms@244337038@24.43.37 (260800-693941914):5)
11-08 14:54:26.783 10815 10847 W CondFlagRegistrar: 	... 12 more
11-08 14:54:26.800 10815 10815 D AnonymousAuthActivity: Event(Orange Monkey, null) fetched
11-08 14:54:26.807 10815 10815 D AnonymousAuthActivity: Event(fakeEventTitle, null) fetched
11-08 14:54:26.807 10815 10815 D AnonymousAuthActivity: Event(testEventTitle, null) fetched
11-08 14:54:26.809 10815 10831 W FileTestStorage: Output properties is not supported.
11-08 14:54:26.826 10815 10831 E AndroidXTracer: enableTracing failed. You may need to upgrade your androidx.tracing:tracing version
11-08 14:54:26.826 10815 10831 E AndroidXTracer: java.lang.NoSuchMethodError: No static method forceEnableAppTracing()V in class Landroidx/tracing/Trace; or its super classes (declaration of 'androidx.tracing.Trace' appears in /data/app/~~bqoH5gK_9gQY_DuYSu6FYA==/com.example.titans_project-QUvj1pCANrfHS8AXEmjJHA==/base.apk)
11-08 14:54:26.826 10815 10831 E AndroidXTracer: 	at androidx.test.platform.tracing.AndroidXTracer.enableTracing(AndroidXTracer.java:57)
11-08 14:54:26.826 10815 10831 E AndroidXTracer: 	at androidx.test.platform.tracing.Tracing.<init>(Tracing.java:53)
11-08 14:54:26.826 10815 10831 E AndroidXTracer: 	at androidx.test.platform.tracing.Tracing.<clinit>(Tracing.java:49)
11-08 14:54:26.826 10815 10831 E AndroidXTracer: 	at androidx.test.espresso.base.BaseLayerModule.providesTracing(BaseLayerModule.java:190)
11-08 14:54:26.826 10815 10831 E AndroidXTracer: 	at androidx.test.espresso.base.BaseLayerModule_ProvidesTracingFactory.providesTracing(BaseLayerModule_ProvidesTracingFactory.java:37)
11-08 14:54:26.826 10815 10831 E AndroidXTracer: 	at androidx.test.espresso.base.BaseLayerModule_ProvidesTracingFactory.get(BaseLayerModule_ProvidesTracingFactory.java:29)
11-08 14:54:26.826 10815 10831 E AndroidXTracer: 	at androidx.test.espresso.base.BaseLayerModule_ProvidesTracingFactory.get(BaseLayerModule_ProvidesTracingFactory.java:11)
11-08 14:54:26.826 10815 10831 E AndroidXTracer: 	at androidx.test.espresso.core.internal.deps.dagger.internal.DoubleCheck.get(DoubleCheck.java:47)
11-08 14:54:26.826 10815 10831 E AndroidXTracer: 	at androidx.test.espresso.base.IdlingResourceRegistry_Factory.get(IdlingResourceRegistry_Factory.java:34)
11-08 14:54:26.826 10815 10831 E AndroidXTracer: 	at androidx.test.espresso.base.IdlingResourceRegistry_Factory.get(IdlingResourceRegistry_Factory.java:12)
11-08 14:54:26.826 10815 10831 E AndroidXTracer: 	at androidx.test.espresso.core.internal.deps.dagger.internal.DoubleCheck.get(DoubleCheck.java:47)
11-08 14:54:26.826 10815 10831 E AndroidXTracer: 	at androidx.test.espresso.DaggerBaseLayerComponent$BaseLayerComponentImpl.idlingResourceRegistry(DaggerBaseLayerComponent.java:275)
11-08 14:54:26.826 10815 10831 E AndroidXTracer: 	at androidx.test.espresso.Espresso.<clinit>(Espresso.java:64)
11-08 14:54:26.826 10815 10831 E AndroidXTracer: 	at com.example.titans_project.MainActivityTest.testSwitchMode(MainActivityTest.java:43)
11-08 14:54:26.826 10815 10831 E AndroidXTracer: 	at java.lang.reflect.Method.invoke(Native Method)
11-08 14:54:26.826 10815 10831 E AndroidXTracer: 	at org.junit.runners.model.FrameworkMethod$1.runReflectiveCall(FrameworkMethod.java:59)
11-08 14:54:26.826 10815 10831 E AndroidXTracer: 	at org.junit.internal.runners.model.ReflectiveCallable.run(ReflectiveCallable.java:12)
11-08 14:54:26.826 10815 10831 E AndroidXTracer: 	at org.junit.runners.model.FrameworkMethod.invokeExplosively(FrameworkMethod.java:56)
11-08 14:54:26.826 10815 10831 E AndroidXTracer: 	at org.junit.internal.runners.statements.InvokeMethod.evaluate(InvokeMethod.java:17)
11-08 14:54:26.826 10815 10831 E AndroidXTracer: 	at org.junit.rules.ExternalResource$1.evaluate(ExternalResource.java:54)
11-08 14:54:26.826 10815 10831 E AndroidXTracer: 	at org.junit.runners.ParentRunner$3.evaluate(ParentRunner.java:306)
11-08 14:54:26.826 10815 10831 E AndroidXTracer: 	at org.junit.runners.BlockJUnit4ClassRunner$1.evaluate(BlockJUnit4ClassRunner.java:100)
11-08 14:54:26.826 10815 10831 E AndroidXTracer: 	at org.junit.runners.ParentRunner.runLeaf(ParentRunner.java:366)
11-08 14:54:26.826 10815 10831 E AndroidXTracer: 	at org.junit.runners.BlockJUnit4ClassRunner.runChild(BlockJUnit4ClassRunner.java:103)
11-08 14:54:26.826 10815 10831 E AndroidXTracer: 	at org.junit.runners.BlockJUnit4ClassRunner.runChild(BlockJUnit4ClassRunner.java:63)
11-08 14:54:26.826 10815 10831 E AndroidXTracer: 	at org.junit.runners.ParentRunner$4.run(ParentRunner.java:331)
11-08 14:54:26.826 10815 10831 E AndroidXTracer: 	at org.junit.runners.ParentRunner$1.schedule(ParentRunner.java:79)
11-08 14:54:26.826 10815 10831 E AndroidXTracer: 	at org.junit.runners.ParentRunner.runChildren(ParentRunner.java:329)
11-08 14:54:26.826 10815 10831 E AndroidXTracer: 	at org.junit.runners.ParentRunner.access$100(ParentRunner.java:66)
11-08 14:54:26.826 10815 10831 E AndroidXTracer: 	at org.junit.runners.ParentRunner$2.evaluate(ParentRunner.java:293)
11-08 14:54:26.826 10815 10831 E AndroidXTracer: 	at org.junit.runners.ParentRunner$3.evaluate(ParentRunner.java:306)
11-08 14:54:26.826 10815 10831 E AndroidXTracer: 	at org.junit.runners.ParentRunner.run(ParentRunner.java:413)
11-08 14:54:26.826 10815 10831 E AndroidXTracer: 	at androidx.test.ext.junit.runners.AndroidJUnit4.run(AndroidJUnit4.java:162)
11-08 14:54:26.826 10815 10831 E AndroidXTracer: 	at org.junit.runners.Suite.runChild(Suite.java:128)
11-08 14:54:26.826 10815 10831 E AndroidXTracer: 	at org.junit.runners.Suite.runChild(Suite.java:27)
11-08 14:54:26.826 10815 10831 E AndroidXTracer: 	at org.junit.runners.ParentRunner$4.run(ParentRunner.java:331)
11-08 14:54:26.826 10815 10831 E AndroidXTracer: 	at org.junit.runners.ParentRunner$1.schedule(ParentRunner.java:79)
11-08 14:54:26.826 10815 10831 E AndroidXTracer: 	at org.junit.runners.ParentRunner.runChildren(ParentRunner.java:329)
11-08 14:54:26.826 10815 10831 E AndroidXTracer: 	at org.junit.runners.ParentRunner.access$100(ParentRunner.java:66)
11-08 14:54:26.826 10815 10831 E AndroidXTracer: 	at org.junit.runners.ParentRunner$2.evaluate(ParentRunner.java:293)
11-08 14:54:26.826 10815 10831 E AndroidXTracer: 	at org.junit.runners.ParentRunner$3.evaluate(ParentRunner.java:306)
11-08 14:54:26.826 10815 10831 E AndroidXTracer: 	at org.junit.runners.ParentRunner.run(ParentRunner.java:413)
11-08 14:54:26.826 10815 10831 E AndroidXTracer: 	at org.junit.runner.JUnitCore.run(JUnitCore.java:137)
11-08 14:54:26.826 10815 10831 E AndroidXTracer: 	at org.junit.runner.JUnitCore.run(JUnitCore.java:115)
11-08 14:54:26.826 10815 10831 E AndroidXTracer: 	at androidx.test.internal.runner.TestExecutor.execute(TestExecutor.java:68)
11-08 14:54:26.826 10815 10831 E AndroidXTracer: 	at androidx.test.internal.runner.TestExecutor.execute(TestExecutor.java:59)
11-08 14:54:26.827 10815 10831 E AndroidXTracer: 	at androidx.test.runner.AndroidJUnitRunner.onStart(AndroidJUnitRunner.java:463)
11-08 14:54:26.827 10815 10831 E AndroidXTracer: 	at android.app.Instrumentation$InstrumentationThread.run(Instrumentation.java:2594)
11-08 14:54:26.828 10815 10831 I Tracing : Tracer added: class androidx.test.platform.tracing.AndroidXTracer
11-08 14:54:26.841   841  1038 W WindowOnBackDispatcher: sendCancelIfRunning: isInProgress=false callback=android.view.ViewRootImpl$$ExternalSyntheticLambda11@169cd8f
11-08 14:54:26.842   589   607 W InputManager-JNI: Input channel object '2ae841e Splash Screen com.example.titans_project (client)' was disposed without first being removed with the input manager!
11-08 14:54:26.855 10815 10831 D CompatChangeReporter: Compat change id reported: 247079863; UID 10209; state: ENABLED
11-08 14:54:26.900 10815 10831 D EventInjectionStrategy: Creating injection strategy with input manager.
11-08 14:54:26.908 10815 10843 I ProviderInstaller: Installed default security provider GmsCore_OpenSSL
11-08 14:54:26.908 10815 10831 W .titans_project: Accessing hidden method Landroid/hardware/input/InputManager;->getInstance()Landroid/hardware/input/InputManager; (unsupported, reflection, allowed)
11-08 14:54:26.919 10815 10831 W .titans_project: Accessing hidden method Landroid/hardware/input/InputManager;->injectInputEvent(Landroid/view/InputEvent;I)Z (unsupported, reflection, allowed)
11-08 14:54:26.919 10815 10831 W .titans_project: Accessing hidden field Landroid/hardware/input/InputManager;->INJECT_INPUT_EVENT_MODE_WAIT_FOR_FINISH:I (unsupported, reflection, allowed)
11-08 14:54:26.964  7491  7496 W earchbox:search: Reducing the number of considered missed Gc histogram windows from 128 to 100
11-08 14:54:26.979 10815 10831 W .titans_project: Accessing hidden method Landroid/view/ViewConfiguration;->getDoubleTapMinTime()I (unsupported, reflection, allowed)
11-08 14:54:27.025 10815 10815 W .titans_project: Accessing hidden method Landroid/os/MessageQueue;->next()Landroid/os/Message; (unsupported, reflection, allowed)
11-08 14:54:27.025 10815 10815 W .titans_project: Accessing hidden field Landroid/os/MessageQueue;->mMessages:Landroid/os/Message; (unsupported, reflection, allowed)
11-08 14:54:27.026 10815 10815 W .titans_project: Accessing hidden method Landroid/os/Message;->recycleUnchecked()V (unsupported, reflection, allowed)
11-08 14:54:27.177   589   607 D ConnectivityService: requestNetwork for uid/pid:10209/10815 activeRequest: null callbackRequest: 312 [NetworkRequest [ REQUEST id=313, [ Capabilities: INTERNET&NOT_RESTRICTED&TRUSTED&NOT_VCN_MANAGED&NOT_BANDWIDTH_CONSTRAINED Uid: 10209 RequestorUid: 10209 RequestorPkg: com.example.titans_project UnderlyingNetworks: Null] ]] callback flags: 0 order: 2147483647 isUidTracked: false
11-08 14:54:27.180   589   745 D ConnectivityService: NetReassign [313 : null → 103] [c 0] [a 0] [i 1]
11-08 14:54:27.181   589   738 D WifiNetworkFactory: got request NetworkRequest [ REQUEST id=313, [ Capabilities: INTERNET&NOT_RESTRICTED&TRUSTED&NOT_VCN_MANAGED&NOT_BANDWIDTH_CONSTRAINED Uid: 10209 RequestorUid: 10209 RequestorPkg: com.example.titans_project UnderlyingNetworks: Null] ]
11-08 14:54:27.181   589   738 D UntrustedWifiNetworkFactory: got request NetworkRequest [ REQUEST id=313, [ Capabilities: INTERNET&NOT_RESTRICTED&TRUSTED&NOT_VCN_MANAGED&NOT_BANDWIDTH_CONSTRAINED Uid: 10209 RequestorUid: 10209 RequestorPkg: com.example.titans_project UnderlyingNetworks: Null] ]
11-08 14:54:27.181   589   738 D OemPaidWifiNetworkFactory: got request NetworkRequest [ REQUEST id=313, [ Capabilities: INTERNET&NOT_RESTRICTED&TRUSTED&NOT_VCN_MANAGED&NOT_BANDWIDTH_CONSTRAINED Uid: 10209 RequestorUid: 10209 RequestorPkg: com.example.titans_project UnderlyingNetworks: Null] ]
11-08 14:54:27.182   589   738 D MultiInternetWifiNetworkFactory: got request NetworkRequest [ REQUEST id=313, [ Capabilities: INTERNET&NOT_RESTRICTED&TRUSTED&NOT_VCN_MANAGED&NOT_BANDWIDTH_CONSTRAINED Uid: 10209 RequestorUid: 10209 RequestorPkg: com.example.titans_project UnderlyingNetworks: Null] ]
11-08 14:54:27.204 10815 10815 I ViewInteraction: Performing 'single click' action on view view.getId() is <2131230799/com.example.titans_project:id/admin_mode>
11-08 14:54:27.316   589  1807 V GrammaticalInflectionUtils: AttributionSource: android.content.AttributionSource@269cd2af does not have READ_SYSTEM_GRAMMATICAL_GENDER permission.
11-08 14:54:27.334   445   445 I BpBinder: onLastStrongRef automatically unlinking death recipients:
11-08 14:54:27.345   436  7080 D audioserver: logFgsApiBegin: FGS Logger Transaction failed, -129
11-08 14:54:27.345   589   889 W AS.PlaybackActivityMon: No piid assigned for invalid/internal port id 15
11-08 14:54:27.348 10815 10815 D LifecycleMonitor: Lifecycle status change: com.example.titans_project.MainActivity@cd683d6 in: PAUSED
11-08 14:54:27.348 10815 10815 V ActivityScenario: Update currentActivityStage to PAUSED, currentActivity=com.example.titans_project.MainActivity@cd683d6
11-08 14:54:27.396 10815 10815 D LifecycleMonitor: Lifecycle status change: com.example.titans_project.BrowseContentView@f97fbaa in: PRE_ON_CREATE
11-08 14:54:27.397 10815 10815 V ActivityScenario: Activity lifecycle changed event received but ignored because the intent does not match. startActivityIntent=Intent { act=android.intent.action.MAIN cat=[android.intent.category.LAUNCHER] flg=0x10008000 cmp=com.example.titans_project/.MainActivity }, activity.getIntent()=Intent { cmp=com.example.titans_project/.BrowseContentView }, activity=com.example.titans_project.BrowseContentView@f97fbaa
11-08 14:54:27.450 10815 10872 D TrafficStats: tagSocket(142) with statsTag=0xffffffff, statsUid=-1
11-08 14:54:27.461 10815 10815 D LifecycleMonitor: Lifecycle status change: com.example.titans_project.BrowseContentView@f97fbaa in: CREATED
11-08 14:54:27.461 10815 10815 V ActivityScenario: Activity lifecycle changed event received but ignored because the intent does not match. startActivityIntent=Intent { act=android.intent.action.MAIN cat=[android.intent.category.LAUNCHER] flg=0x10008000 cmp=com.example.titans_project/.MainActivity }, activity.getIntent()=Intent { cmp=com.example.titans_project/.BrowseContentView }, activity=com.example.titans_project.BrowseContentView@f97fbaa
11-08 14:54:27.465 10815 10815 D LifecycleMonitor: Lifecycle status change: com.example.titans_project.BrowseContentView@f97fbaa in: STARTED
11-08 14:54:27.466 10815 10815 V ActivityScenario: Activity lifecycle changed event received but ignored because the intent does not match. startActivityIntent=Intent { act=android.intent.action.MAIN cat=[android.intent.category.LAUNCHER] flg=0x10008000 cmp=com.example.titans_project/.MainActivity }, activity.getIntent()=Intent { cmp=com.example.titans_project/.BrowseContentView }, activity=com.example.titans_project.BrowseContentView@f97fbaa
11-08 14:54:27.469 10815 10815 D LifecycleMonitor: Lifecycle status change: com.example.titans_project.BrowseContentView@f97fbaa in: RESUMED
11-08 14:54:27.470 10815 10815 V ActivityScenario: Activity lifecycle changed event received but ignored because the intent does not match. startActivityIntent=Intent { act=android.intent.action.MAIN cat=[android.intent.category.LAUNCHER] flg=0x10008000 cmp=com.example.titans_project/.MainActivity }, activity.getIntent()=Intent { cmp=com.example.titans_project/.BrowseContentView }, activity=com.example.titans_project.BrowseContentView@f97fbaa
11-08 14:54:27.511   436   541 D audioserver: logFgsApiEnd: FGS Logger Transaction failed, -129
11-08 14:54:27.557 10815 10872 W .titans_project: Accessing hidden field Ljava/net/Socket;->impl:Ljava/net/SocketImpl; (unsupported, reflection, allowed)
11-08 14:54:27.606 10815 10833 D EGL_emulation: app_time_stats: avg=42.10ms min=2.96ms max=435.89ms count=25
11-08 14:54:27.645   589   612 I ActivityTaskManager: Displayed com.example.titans_project/.BrowseContentView for user 0: +323ms
11-08 14:54:27.699 10815 10872 W .titans_project: Accessing hidden method Ljava/security/spec/ECParameterSpec;->setCurveName(Ljava/lang/String;)V (unsupported, reflection, allowed)
11-08 14:54:27.927   589   710 I ImeTracker: com.example.titans_project:7500ed98: onRequestHide at ORIGIN_SERVER reason HIDE_UNSPECIFIED_WINDOW fromUser false
11-08 14:54:27.928   589   710 I ImeTracker: com.example.titans_project:7500ed98: onCancelled at PHASE_SERVER_SHOULD_HIDE
11-08 14:54:27.930  1251  1251 I GoogleInputMethodService: GoogleInputMethodService.onFinishInput():3157
11-08 14:54:27.933  1251  1251 I GoogleInputMethodService: GoogleInputMethodService.updateDeviceLockedStatus():2248 repeatCheckTimes = 0, locked = false
11-08 14:54:27.933  1251  1251 I GoogleInputMethodService: GoogleInputMethodService.onStartInput():1986 onStartInput(EditorInfo{EditorInfo{packageName=com.example.titans_project, inputType=0, inputTypeString=NULL, enableLearning=false, autoCorrection=false, autoComplete=false, imeOptions=0, privateImeOptions=null, actionName=UNSPECIFIED, actionLabel=null, initialSelStart=-1, initialSelEnd=-1, initialCapsMode=0, label=null, fieldId=0, fieldName=null, extras=null, hintText=null, hintLocales=[]}}, false)
11-08 14:54:27.938  1251  1251 I GoogleInputMethodService: GoogleInputMethodService.updateDeviceLockedStatus():2248 repeatCheckTimes = 1, locked = false
11-08 14:54:27.939  1251  1251 I AndroidIME: InputBundleManager.loadActiveInputBundleId():450 loadActiveInputBundleId: und-Latn-x-password, password
11-08 14:54:27.952 10815 10819 I .titans_project: Compiler allocated 5174KB to compile void android.view.ViewRootImpl.performTraversals()
11-08 14:54:28.179   841  1073 D EGL_emulation: app_time_stats: avg=110.77ms min=2.31ms max=2004.72ms count=19
11-08 14:54:28.278 10815 10815 D VRI[MainActivity]: visibilityChanged oldVisibility=true newVisibility=false
11-08 14:54:28.300 10815 10815 D LifecycleMonitor: Lifecycle status change: com.example.titans_project.MainActivity@cd683d6 in: STOPPED
11-08 14:54:28.300 10815 10815 V ActivityScenario: Update currentActivityStage to STOPPED, currentActivity=com.example.titans_project.MainActivity@cd683d6
11-08 14:54:28.344 10815 10815 I ViewInteraction: Checking 'MatchesViewAssertion{viewMatcher=(view has effective visibility <VISIBLE> and view.getGlobalVisibleRect() to return non-empty rectangle)}' assertion on view an instance of android.widget.TextView and view.getText() with or without transformation to match: is "Browse Content"
11-08 14:54:28.357   589   607 V GrammaticalInflectionUtils: AttributionSource: android.content.AttributionSource@328ebf08 does not have READ_SYSTEM_GRAMMATICAL_GENDER permission.
11-08 14:54:28.376   589   615 V GrammaticalInflectionUtils: AttributionSource: android.content.AttributionSource@328ebf08 does not have READ_SYSTEM_GRAMMATICAL_GENDER permission.
11-08 14:54:28.377  1132  1132 I TopTaskTracker: onTaskMovedToFront: (moved taskInfo to front) taskId=211, baseIntent=Intent { act=android.intent.action.MAIN cat=[android.intent.category.LAUNCHER] flg=0x10000000 cmp=com.example.titans_project.test/androidx.test.core.app.InstrumentationActivityInvoker$EmptyActivity }
11-08 14:54:28.381 10815 10815 D LifecycleMonitor: Lifecycle status change: com.example.titans_project.BrowseContentView@f97fbaa in: PAUSED
11-08 14:54:28.381 10815 10815 V ActivityScenario: Activity lifecycle changed event received but ignored because the intent does not match. startActivityIntent=Intent { act=android.intent.action.MAIN cat=[android.intent.category.LAUNCHER] flg=0x10008000 cmp=com.example.titans_project/.MainActivity }, activity.getIntent()=Intent { cmp=com.example.titans_project/.BrowseContentView }, activity=com.example.titans_project.BrowseContentView@f97fbaa
11-08 14:54:28.385   445   445 I BpBinder: onLastStrongRef automatically unlinking death recipients:
11-08 14:54:28.392   376   376 D Zygote  : Forked child process 10875
11-08 14:54:28.410 10875 10875 I ns_project.test: Late-enabling -Xcheck:jni
11-08 14:54:28.418   589   889 W InputManager-JNI: Input channel object 'f6e96e8 Toast (client)' was disposed without first being removed with the input manager!
11-08 14:54:28.496 10875 10875 I ns_project.test: Using CollectorTypeCMC GC.
11-08 14:54:28.501 10875 10875 W ns_project.test: Unexpected CPU variant for x86: x86_64.
11-08 14:54:28.501 10875 10875 W ns_project.test: Known variants: atom, sandybridge, silvermont, goldmont, goldmont-plus, goldmont-without-sha-xsaves, tremont, kabylake, default
11-08 14:54:28.515   453   466 I adbd    : jdwp connection from 10875
11-08 14:54:28.526 10875 10875 D nativeloader: Load libframework-connectivity-tiramisu-jni.so using APEX ns com_android_tethering for caller /apex/com.android.tethering/javalib/framework-connectivity-t.jar: ok
11-08 14:54:28.628 10875 10875 D CompatChangeReporter: Compat change id reported: 242716250; UID 10216; state: ENABLED
11-08 14:54:28.663 10875 10875 D ApplicationLoaders: Returning zygote-cached class loader: /system/framework/android.test.base.jar
11-08 14:54:28.671 10875 10875 D nativeloader: Configuring clns-7 for other apk /system/framework/android.test.mock.jar. target_sdk_version=34, uses_libraries=ALL, library_path=/data/app/~~R1Wp93c2p2G0hCvePN2jTQ==/com.example.titans_project.test-HRnbUWcnXgpZiV1t80Bp0g==/lib/x86_64, permitted_path=/data:/mnt/expand:/data/user/0/com.example.titans_project.test
11-08 14:54:28.679 10875 10875 D ApplicationLoaders: Returning zygote-cached class loader: /system/framework/android.test.base.jar
11-08 14:54:28.684 10875 10875 D nativeloader: Configuring clns-8 for other apk /system/framework/android.test.runner.jar. target_sdk_version=34, uses_libraries=ALL, library_path=/data/app/~~R1Wp93c2p2G0hCvePN2jTQ==/com.example.titans_project.test-HRnbUWcnXgpZiV1t80Bp0g==/lib/x86_64, permitted_path=/data:/mnt/expand:/data/user/0/com.example.titans_project.test
11-08 14:54:28.685 10875 10875 W ziparchive: Unable to open '/data/app/~~R1Wp93c2p2G0hCvePN2jTQ==/com.example.titans_project.test-HRnbUWcnXgpZiV1t80Bp0g==/base.dm': No such file or directory
11-08 14:54:28.685 10875 10875 W ziparchive: Unable to open '/data/app/~~R1Wp93c2p2G0hCvePN2jTQ==/com.example.titans_project.test-HRnbUWcnXgpZiV1t80Bp0g==/base.dm': No such file or directory
11-08 14:54:28.717 10875 10875 D nativeloader: Configuring clns-9 for other apk /data/app/~~R1Wp93c2p2G0hCvePN2jTQ==/com.example.titans_project.test-HRnbUWcnXgpZiV1t80Bp0g==/base.apk. target_sdk_version=34, uses_libraries=, library_path=/data/app/~~R1Wp93c2p2G0hCvePN2jTQ==/com.example.titans_project.test-HRnbUWcnXgpZiV1t80Bp0g==/lib/x86_64, permitted_path=/data:/mnt/expand:/data/user/0/com.example.titans_project.test
11-08 14:54:28.744 10875 10875 V GraphicsEnvironment: Currently set values for:
11-08 14:54:28.744 10875 10875 V GraphicsEnvironment:   angle_gl_driver_selection_pkgs=[]
11-08 14:54:28.744 10875 10875 V GraphicsEnvironment:   angle_gl_driver_selection_values=[]
11-08 14:54:28.744 10875 10875 V GraphicsEnvironment: Global.Settings values are invalid: number of packages: 0, number of values: 0
11-08 14:54:28.744 10875 10875 V GraphicsEnvironment: Neither updatable production driver nor prerelease driver is supported.
11-08 14:54:28.876 10815 10815 D LifecycleMonitor: Lifecycle status change: com.example.titans_project.MainActivity@cd683d6 in: DESTROYED
11-08 14:54:28.879 10815 10815 V ActivityScenario: Update currentActivityStage to DESTROYED, currentActivity=null
11-08 14:54:28.879 10815 10815 W WindowOnBackDispatcher: sendCancelIfRunning: isInProgress=false callback=android.view.ViewRootImpl$$ExternalSyntheticLambda11@4cfbaab
11-08 14:54:28.879 10875 10875 W HWUI    : Unknown dataspace 0
11-08 14:54:28.883   589   607 W InputManager-JNI: Input channel object 'a5b272c com.example.titans_project/com.example.titans_project.MainActivity (client)' was disposed without first being removed with the input manager!
11-08 14:54:28.895 10815 10831 I TestRunner: finished: testSwitchMode(com.example.titans_project.MainActivityTest)
