11-21 19:35:06.800  2045  2412 D MddListenableWorkerFactory: createWorker for class: com.google.android.apps.messaging.shared.datamodel.workqueue.WorkQueueWorkerShim
11-21 19:35:06.809  1103  1103 D BoundBrokerSvc: onBind: Intent { act=com.google.android.gms.clearcut.bootcount.service.START pkg=com.google.android.gms }
11-21 19:35:06.809  1103  1103 D BoundBrokerSvc: Loading bound service for intent: Intent { act=com.google.android.gms.clearcut.bootcount.service.START pkg=com.google.android.gms }
11-21 19:35:06.814  1651  1651 D BoundBrokerSvc: onBind: Intent { act=com.google.android.mdd.service.START dat=chimera-action:/... cmp=com.google.android.gms/.chimera.GmsBoundBrokerService }
11-21 19:35:06.814   855   944 W WindowOnBackDispatcher: sendCancelIfRunning: isInProgress=false callback=android.view.ViewRootImpl$$ExternalSyntheticLambda11@6bd50e9
11-21 19:35:06.815  2045  2169 D nativeloader: Load /data/app/~~4HWBWauerLNSQZwl_bBw1w==/com.google.android.gms--q-pkihPRoSPUmDjOyoRPQ==/split_CronetDynamite_installtime.apk!/lib/x86_64/libcronet.131.0.6738.0.so using isolated ns clns-13 (caller=/data/app/~~4HWBWauerLNSQZwl_bBw1w==/com.google.android.gms--q-pkihPRoSPUmDjOyoRPQ==/split_CronetDynamite_installtime.apk): ok
11-21 19:35:06.816  1308  1308 I GoogleInputMethodService: GoogleInputMethodService.updateDeviceLockedStatus():2248 repeatCheckTimes = 0, locked = false
11-21 19:35:06.817  2045  2817 I cr_CronetLibraryLoader: HTTP flags log line: Using live production flag values from Google
11-21 19:35:06.817  1651  1651 D BoundBrokerSvc: Loading bound service for intent: Intent { act=com.google.android.mdd.service.START dat=chimera-action:/... cmp=com.google.android.gms/.chimera.GmsBoundBrokerService }
11-21 19:35:06.819  1308  1308 I GoogleInputMethodService: GoogleInputMethodService.onStartInput():1986 onStartInput(EditorInfo{EditorInfo{packageName=com.example.titans_project, inputType=0, inputTypeString=NULL, enableLearning=false, autoCorrection=false, autoComplete=false, imeOptions=0, privateImeOptions=null, actionName=UNSPECIFIED, actionLabel=null, initialSelStart=-1, initialSelEnd=-1, initialCapsMode=0, label=null, fieldId=0, fieldName=null, extras=null, hintText=null, hintLocales=[]}}, false)
11-21 19:35:06.819  1308  1308 I GoogleInputMethodService: GoogleInputMethodService.updateDeviceLockedStatus():2248 repeatCheckTimes = 1, locked = false
11-21 19:35:06.827  2552  2663 W FileTestStorage: Output properties is not supported.
11-21 19:35:06.827  2552  2758 I ProviderInstaller: Installed default security provider GmsCore_OpenSSL
11-21 19:35:06.843  2045  2412 I WM-WorkerWrapper: Worker result SUCCESS for Work [ id=78691005-80af-4252-a98d-579f21b71cbe, tags={ com.google.android.apps.messaging.shared.datamodel.workqueue.WorkQueueWorkerShim,shared_notification_queue_name-NT_INCOMING_MESSAGE } ]
11-21 19:35:06.846  2552  2663 E AndroidXTracer: enableTracing failed. You may need to upgrade your androidx.tracing:tracing version
11-21 19:35:06.846  2552  2663 E AndroidXTracer: java.lang.NoSuchMethodError: No static method forceEnableAppTracing()V in class Landroidx/tracing/Trace; or its super classes (declaration of 'androidx.tracing.Trace' appears in /data/app/~~SSQvOr_N65ZL7xhIukG3XA==/com.example.titans_project-vb8pQJkpoigtjETuHV8Cuw==/base.apk)
11-21 19:35:06.846  2552  2663 E AndroidXTracer: 	at androidx.test.platform.tracing.AndroidXTracer.enableTracing(AndroidXTracer.java:57)
11-21 19:35:06.846  2552  2663 E AndroidXTracer: 	at androidx.test.platform.tracing.Tracing.<init>(Tracing.java:53)
11-21 19:35:06.846  2552  2663 E AndroidXTracer: 	at androidx.test.platform.tracing.Tracing.<clinit>(Tracing.java:49)
11-21 19:35:06.846  2552  2663 E AndroidXTracer: 	at androidx.test.espresso.base.BaseLayerModule.providesTracing(BaseLayerModule.java:190)
11-21 19:35:06.846  2552  2663 E AndroidXTracer: 	at androidx.test.espresso.base.BaseLayerModule_ProvidesTracingFactory.providesTracing(BaseLayerModule_ProvidesTracingFactory.java:37)
11-21 19:35:06.846  2552  2663 E AndroidXTracer: 	at androidx.test.espresso.base.BaseLayerModule_ProvidesTracingFactory.get(BaseLayerModule_ProvidesTracingFactory.java:29)
11-21 19:35:06.846  2552  2663 E AndroidXTracer: 	at androidx.test.espresso.base.BaseLayerModule_ProvidesTracingFactory.get(BaseLayerModule_ProvidesTracingFactory.java:11)
11-21 19:35:06.846  2552  2663 E AndroidXTracer: 	at androidx.test.espresso.core.internal.deps.dagger.internal.DoubleCheck.get(DoubleCheck.java:47)
11-21 19:35:06.846  2552  2663 E AndroidXTracer: 	at androidx.test.espresso.base.IdlingResourceRegistry_Factory.get(IdlingResourceRegistry_Factory.java:34)
11-21 19:35:06.846  2552  2663 E AndroidXTracer: 	at androidx.test.espresso.base.IdlingResourceRegistry_Factory.get(IdlingResourceRegistry_Factory.java:12)
11-21 19:35:06.846  2552  2663 E AndroidXTracer: 	at androidx.test.espresso.core.internal.deps.dagger.internal.DoubleCheck.get(DoubleCheck.java:47)
11-21 19:35:06.846  2552  2663 E AndroidXTracer: 	at androidx.test.espresso.DaggerBaseLayerComponent$BaseLayerComponentImpl.idlingResourceRegistry(DaggerBaseLayerComponent.java:275)
11-21 19:35:06.846  2552  2663 E AndroidXTracer: 	at androidx.test.espresso.Espresso.<clinit>(Espresso.java:64)
11-21 19:35:06.846  2552  2663 E AndroidXTracer: 	at com.example.titans_project.MainActivityTest.testSwitchUserMode(MainActivityTest.java:54)
11-21 19:35:06.846  2552  2663 E AndroidXTracer: 	at java.lang.reflect.Method.invoke(Native Method)
11-21 19:35:06.846  2552  2663 E AndroidXTracer: 	at org.junit.runners.model.FrameworkMethod$1.runReflectiveCall(FrameworkMethod.java:59)
11-21 19:35:06.846  2552  2663 E AndroidXTracer: 	at org.junit.internal.runners.model.ReflectiveCallable.run(ReflectiveCallable.java:12)
11-21 19:35:06.846  2552  2663 E AndroidXTracer: 	at org.junit.runners.model.FrameworkMethod.invokeExplosively(FrameworkMethod.java:56)
11-21 19:35:06.846  2552  2663 E AndroidXTracer: 	at org.junit.internal.runners.statements.InvokeMethod.evaluate(InvokeMethod.java:17)
11-21 19:35:06.846  2552  2663 E AndroidXTracer: 	at org.junit.rules.ExternalResource$1.evaluate(ExternalResource.java:54)
11-21 19:35:06.846  2552  2663 E AndroidXTracer: 	at org.junit.runners.ParentRunner$3.evaluate(ParentRunner.java:306)
11-21 19:35:06.846  2552  2663 E AndroidXTracer: 	at org.junit.runners.BlockJUnit4ClassRunner$1.evaluate(BlockJUnit4ClassRunner.java:100)
11-21 19:35:06.846  2552  2663 E AndroidXTracer: 	at org.junit.runners.ParentRunner.runLeaf(ParentRunner.java:366)
11-21 19:35:06.846  2552  2663 E AndroidXTracer: 	at org.junit.runners.BlockJUnit4ClassRunner.runChild(BlockJUnit4ClassRunner.java:103)
11-21 19:35:06.846  2552  2663 E AndroidXTracer: 	at org.junit.runners.BlockJUnit4ClassRunner.runChild(BlockJUnit4ClassRunner.java:63)
11-21 19:35:06.846  2552  2663 E AndroidXTracer: 	at org.junit.runners.ParentRunner$4.run(ParentRunner.java:331)
11-21 19:35:06.846  2552  2663 E AndroidXTracer: 	at org.junit.runners.ParentRunner$1.schedule(ParentRunner.java:79)
11-21 19:35:06.846  2552  2663 E AndroidXTracer: 	at org.junit.runners.ParentRunner.runChildren(ParentRunner.java:329)
11-21 19:35:06.846  2552  2663 E AndroidXTracer: 	at org.junit.runners.ParentRunner.access$100(ParentRunner.java:66)
11-21 19:35:06.846  2552  2663 E AndroidXTracer: 	at org.junit.runners.ParentRunner$2.evaluate(ParentRunner.java:293)
11-21 19:35:06.846  2552  2663 E AndroidXTracer: 	at org.junit.runners.ParentRunner$3.evaluate(ParentRunner.java:306)
11-21 19:35:06.846  2552  2663 E AndroidXTracer: 	at org.junit.runners.ParentRunner.run(ParentRunner.java:413)
11-21 19:35:06.846  2552  2663 E AndroidXTracer: 	at androidx.test.ext.junit.runners.AndroidJUnit4.run(AndroidJUnit4.java:162)
11-21 19:35:06.846  2552  2663 E AndroidXTracer: 	at org.junit.runners.Suite.runChild(Suite.java:128)
11-21 19:35:06.846  2552  2663 E AndroidXTracer: 	at org.junit.runners.Suite.runChild(Suite.java:27)
11-21 19:35:06.846  2552  2663 E AndroidXTracer: 	at org.junit.runners.ParentRunner$4.run(ParentRunner.java:331)
11-21 19:35:06.846  2552  2663 E AndroidXTracer: 	at org.junit.runners.ParentRunner$1.schedule(ParentRunner.java:79)
11-21 19:35:06.846  2552  2663 E AndroidXTracer: 	at org.junit.runners.ParentRunner.runChildren(ParentRunner.java:329)
11-21 19:35:06.846  2552  2663 E AndroidXTracer: 	at org.junit.runners.ParentRunner.access$100(ParentRunner.java:66)
11-21 19:35:06.846  2552  2663 E AndroidXTracer: 	at org.junit.runners.ParentRunner$2.evaluate(ParentRunner.java:293)
11-21 19:35:06.846  2552  2663 E AndroidXTracer: 	at org.junit.runners.ParentRunner$3.evaluate(ParentRunner.java:306)
11-21 19:35:06.846  2552  2663 E AndroidXTracer: 	at org.junit.runners.ParentRunner.run(ParentRunner.java:413)
11-21 19:35:06.846  2552  2663 E AndroidXTracer: 	at org.junit.runner.JUnitCore.run(JUnitCore.java:137)
11-21 19:35:06.846  2552  2663 E AndroidXTracer: 	at org.junit.runner.JUnitCore.run(JUnitCore.java:115)
11-21 19:35:06.846  2552  2663 E AndroidXTracer: 	at androidx.test.internal.runner.TestExecutor.execute(TestExecutor.java:68)
11-21 19:35:06.846  2552  2663 E AndroidXTracer: 	at androidx.test.internal.runner.TestExecutor.execute(TestExecutor.java:59)
11-21 19:35:06.847  2552  2663 E AndroidXTracer: 	at androidx.test.runner.AndroidJUnitRunner.onStart(AndroidJUnitRunner.java:463)
11-21 19:35:06.847  2552  2663 E AndroidXTracer: 	at android.app.Instrumentation$InstrumentationThread.run(Instrumentation.java:2594)
11-21 19:35:06.848   582   999 D ConnectivityService: requestNetwork for uid/pid:10140/2045 activeRequest: null callbackRequest: 113 [NetworkRequest [ TRACK_DEFAULT id=114, [ Capabilities: INTERNET&NOT_RESTRICTED&TRUSTED&NOT_VCN_MANAGED&NOT_BANDWIDTH_CONSTRAINED Uid: 10140 RequestorUid: 10140 RequestorPkg: com.google.android.apps.messaging UnderlyingNetworks: Null] ], NetworkRequest [ REQUEST id=115, [ Transports: SATELLITE Capabilities: INTERNET&TRUSTED&NOT_VCN_MANAGED Uid: 10140 RequestorUid: 10140 RequestorPkg: com.google.android.apps.messaging UnderlyingNetworks: Null] ]] callback flags: 0 order: 2147483647 isUidTracked: false
11-21 19:35:06.848  2552  2663 I Tracing : Tracer added: class androidx.test.platform.tracing.AndroidXTracer
11-21 19:35:06.851   582   640 I libprocessgroup: Removed cgroup /sys/fs/cgroup/uid_10107/pid_2692
11-21 19:35:06.851   582   640 I libprocessgroup: Removed cgroup /sys/fs/cgroup/uid_10139/pid_2631
11-21 19:35:06.858  2045  2169 I cr_CronetLibraryLoader: Cronet version: 131.0.6738.0, arch: x86_64
11-21 19:35:06.859   582  1781 W InputManager-JNI: Input channel object '583854c Splash Screen com.example.titans_project (client)' was disposed without first being removed with the input manager!
11-21 19:35:06.860   582   759 D ConnectivityService: NetReassign [114 : null  100] [c 0] [a 1] [i 0]
11-21 19:35:06.861  2711  2818 D nativeloader: Load /product/app/Drive/Drive.apk!/lib/x86_64/libnative_crash_handler_jni.so using ns product-clns-7 from class loader (caller=/product/app/Drive/Drive.apk!classes2.dex): ok
11-21 19:35:06.865   855   944 W FrameTracker: Missed App frame:UNKNOWN: 24, 8289, 0, CUJ=J<SPLASHSCREEN_EXIT_ANIM>
11-21 19:35:06.865   855   944 W FrameTracker: Missed SF frame:UNKNOWN: 24, 8289, 0, CUJ=J<SPLASHSCREEN_EXIT_ANIM>
11-21 19:35:06.865   855   944 W FrameTracker: Missing HWUI jank callback for vsyncId: 8289, CUJ=J<SPLASHSCREEN_EXIT_ANIM>
11-21 19:35:06.865   855   944 W FrameTracker: Missed App frame:UNKNOWN: 88, 8297, 66007416, CUJ=J<SPLASHSCREEN_EXIT_ANIM>
11-21 19:35:06.865   855   944 W FrameTracker: Missed SF frame:UNKNOWN: 88, 8297, 66007416, CUJ=J<SPLASHSCREEN_EXIT_ANIM>
11-21 19:35:06.865   855   944 W FrameTracker: Missed SF frame:UNKNOWN: 80, 8312, 65130550, CUJ=J<SPLASHSCREEN_EXIT_ANIM>
11-21 19:35:06.865   855   944 W FrameTracker: Missed App frame:UNKNOWN: 88, 8320, 67726784, CUJ=J<SPLASHSCREEN_EXIT_ANIM>
11-21 19:35:06.866   855   944 W FrameTracker: Missed SF frame:UNKNOWN: 88, 8320, 67726784, CUJ=J<SPLASHSCREEN_EXIT_ANIM>
11-21 19:35:06.866   855   944 W FrameTracker: Missed SF frame:UNKNOWN: 80, 8343, 0, CUJ=J<SPLASHSCREEN_EXIT_ANIM>
11-21 19:35:06.866   855   944 W FrameTracker: Missing HWUI jank callback for vsyncId: 8343, CUJ=J<SPLASHSCREEN_EXIT_ANIM>
11-21 19:35:06.866   855   944 W FrameTracker: Missed SF frame:UNKNOWN: 80, 8351, 31796820, CUJ=J<SPLASHSCREEN_EXIT_ANIM>
11-21 19:35:06.866   855   944 W FrameTracker: Missed SF frame:UNKNOWN: 80, 8366, 0, CUJ=J<SPLASHSCREEN_EXIT_ANIM>
11-21 19:35:06.866   855   944 W FrameTracker: Missing HWUI jank callback for vsyncId: 8366, CUJ=J<SPLASHSCREEN_EXIT_ANIM>
11-21 19:35:06.866   855   944 W FrameTracker: Missed SF frame:UNKNOWN: 80, 8381, 28642988, CUJ=J<SPLASHSCREEN_EXIT_ANIM>
11-21 19:35:06.868   855   944 W FrameTracker: Missed SF frame:UNKNOWN: 80, 8396, 25882622, CUJ=J<SPLASHSCREEN_EXIT_ANIM>
11-21 19:35:06.868   855   944 W FrameTracker: Missed SF frame:UNKNOWN: 80, 8411, 28473256, CUJ=J<SPLASHSCREEN_EXIT_ANIM>
11-21 19:35:06.868   855   944 W FrameTracker: Missed SF frame:UNKNOWN: 80, 8426, 29797390, CUJ=J<SPLASHSCREEN_EXIT_ANIM>
11-21 19:35:06.868   855   944 W FrameTracker: Missed SF frame:UNKNOWN: 80, 8441, 34147124, CUJ=J<SPLASHSCREEN_EXIT_ANIM>
11-21 19:35:06.868   855   944 W FrameTracker: Missed SF frame:UNKNOWN: 80, 8463, 31318558, CUJ=J<SPLASHSCREEN_EXIT_ANIM>
11-21 19:35:06.878  1103  1497 I FontLog : (REDACTED) Pulling font file for id = %d, cache size = %d
11-21 19:35:06.878  1103  2315 D nativeloader: Load /data/app/~~4HWBWauerLNSQZwl_bBw1w==/com.google.android.gms--q-pkihPRoSPUmDjOyoRPQ==/base.apk!/lib/x86_64/libsemanticlocation_inference_jni.so using ns clns-9 from class loader (caller=/data/app/~~4HWBWauerLNSQZwl_bBw1w==/com.google.android.gms--q-pkihPRoSPUmDjOyoRPQ==/base.apk!classes3.dex): ok
11-21 19:35:06.878  1103  2345 W WearableService: onGetService: Wear is not available on this device.
11-21 19:35:06.879  2777  2777 D PrimesApiImpl: Primes instant initialization
11-21 19:35:06.898  2552  2663 D CompatChangeReporter: Compat change id reported: 247079863; UID 10209; state: ENABLED
11-21 19:35:06.899  1149  1149 D StatsLog: LAUNCHER_ONSTOP
11-21 19:35:06.912  1308  1308 I AndroidIME: InputBundleManager.loadActiveInputBundleId():450 loadActiveInputBundleId: und-Latn-x-password, password
11-21 19:35:06.927   582   759 D ConnectivityService: NetReassign [no changes] [c 5] [a 20] [i 0]
11-21 19:35:06.938  1103  1538 W DynamiteModule: Local module descriptor class for com.google.android.gms.tflite_dynamite not found.
11-21 19:35:06.938  1103  1538 I DynamiteModule: Considering local module com.google.android.gms.tflite_dynamite:0 and remote module com.google.android.gms.tflite_dynamite:242327804
11-21 19:35:06.938  1103  1538 I DynamiteModule: Selected remote version of com.google.android.gms.tflite_dynamite, version >= 242327804
11-21 19:35:06.973  1308  1308 W NotificationCenter: NotificationCenter$ListenerData.notifyOnExecutor():672 Heavy notify work detected on UI thread: |kga->jjc| takes 57ms
11-21 19:35:06.973  1149  1687 D OneSearchSuggestProvider: Shut down the binder channel
11-21 19:35:06.974   582  1543 I system_server: IncrementDisableThreadFlip blocked for 9.162ms
11-21 19:35:06.976  1103  1538 W System  : ClassLoader referenced unknown path:
11-21 19:35:06.976  1103  1538 D nativeloader: Configuring clns-10 for other apk . target_sdk_version=35, uses_libraries=, library_path=/data/app/~~4HWBWauerLNSQZwl_bBw1w==/com.google.android.gms--q-pkihPRoSPUmDjOyoRPQ==/lib/x86_64:/data/app/~~4HWBWauerLNSQZwl_bBw1w==/com.google.android.gms--q-pkihPRoSPUmDjOyoRPQ==/base.apk!/lib/x86_64, permitted_path=/data:/mnt/expand:/data/user/0/com.google.android.gms
11-21 19:35:06.983  1103  1538 W ziparchive: Unable to open '/data/user_de/0/com.google.android.gms/app_chimera/m/00000009/dl-TfliteDynamiteDynamite.integ_242327804100800.dm': No such file or directory
11-21 19:35:06.989  1651  1967 W ProviderHelper: Unknown dynamite feature providerinstaller.dynamite
11-21 19:35:06.989  1651  1967 I DynamiteModule: Considering local module com.google.android.gms.providerinstaller.dynamite:1 and remote module com.google.android.gms.providerinstaller.dynamite:0
11-21 19:35:06.989  1651  1967 I DynamiteModule: Selected local version of com.google.android.gms.providerinstaller.dynamite
11-21 19:35:07.004  2552  2663 D EventInjectionStrategy: Creating injection strategy with input manager.
11-21 19:35:07.013  1651  2258 I Icing   : Usage reports ok 2, Failed Usage reports 0, indexed 0, rejected 0
11-21 19:35:07.019  2552  2663 W .titans_project: Accessing hidden method Landroid/hardware/input/InputManager;->getInstance()Landroid/hardware/input/InputManager; (unsupported, reflection, allowed)
11-21 19:35:07.019  2552  2663 W .titans_project: Accessing hidden method Landroid/hardware/input/InputManager;->injectInputEvent(Landroid/view/InputEvent;I)Z (unsupported, reflection, allowed)
11-21 19:35:07.019  2552  2663 W .titans_project: Accessing hidden field Landroid/hardware/input/InputManager;->INJECT_INPUT_EVENT_MODE_WAIT_FOR_FINISH:I (unsupported, reflection, allowed)
11-21 19:35:07.026  1149  2688 I IPCThreadState: oneway function results for code 2 on binder at 0x74583d85a840 will be dropped but finished with status UNKNOWN_TRANSACTION
11-21 19:35:07.029  2045  2271 I Bugle   : BroadcastReceiverAsyncWorkTracker: Launching foreground service for com.google.android.apps.messaging.receiver.PhoneBootAndPackageReplacedReceiver@92b199b
11-21 19:35:07.034  1103  1497 I FontLog : (REDACTED) Received query %s, URI %s
11-21 19:35:07.034  1103  1497 I FontLog : (REDACTED) Query [%s] resolved to %s
11-21 19:35:07.058  2045  2171 I BugleRcsProvisioning: BugleSystemBindingManager: onBootComplete
11-21 19:35:07.059  1149  1149 D StatsLog: LAUNCHER_GOOGLE_SEARCH_RESTORE_LIST_SIZE_AFTER_ACTIVITY_RESTART
11-21 19:35:07.060  1103  1497 I FontLog : (REDACTED) Font PFD returned from cache for %s
11-21 19:35:07.060  1103  1497 I FontLog : (REDACTED) Fetch %s end status %s
11-21 19:35:07.138  2045  2272 I BugleContacts: Enqueueing periodic contacts import work.
11-21 19:35:07.152  1473  1695 I BugleRcsEngine: Connected state: [1], networkType: [WIFI] [CONTEXT thread_id=55 ]
11-21 19:35:07.152  1103  1497 I FontLog : (REDACTED) Pulling font file for id = %d, cache size = %d
11-21 19:35:07.169  2045  2410 W BugleRcsEngine: Unable to send diagnostic log [CONTEXT thread_id=65 ]
11-21 19:35:07.176  2045  2148 I BugleRcsEngine: SystemBinding enabled: true [CONTEXT log_prefix="SystemBindingManager" thread_id=42 ]
11-21 19:35:07.204  2045  2148 I BugleRcsEngine: System Binding updated [CONTEXT thread_id=42 ]
11-21 19:35:07.219  2552  2663 W .titans_project: Accessing hidden method Landroid/view/ViewConfiguration;->getDoubleTapMinTime()I (unsupported, reflection, allowed)
11-21 19:35:07.269  1473  2392 I BugleRcsEngine: handleMessage processing message:[NOTIFY_UPTIME_IGNORE_STATE_CHANGED] with [non-null]:RcsEngineImpl reference [CONTEXT log_prefix="RcsEngineImpl[DUAL_REG]:[12ccdc1c-a47e]>Handler" thread_id=63 ]
11-21 19:35:07.275  2711  2827 W PhClient: Shared storage file not found for com.google.android.libraries.performance.primes#com.google.android.apps.docs
11-21 19:35:07.281  2045  2412 W BugleRcsEngine: Unable to send diagnostic log [CONTEXT thread_id=68 ]
11-21 19:35:07.298  1563  1567 I earchbox:search: Compiler allocated 5643KB to compile java.lang.Object com.google.android.apps.gsa.binaries.velvet.app.arq.f()
11-21 19:35:07.323  2552  2558 I .titans_project: Compiler allocated 5174KB to compile void android.view.ViewRootImpl.performTraversals()
11-21 19:35:07.333  2777  2777 D CompatChangeReporter: Compat change id reported: 183155436; UID 10160; state: ENABLED
11-21 19:35:07.335  2045  2171 I BugleRcsProvisioning: RcsProvisioningTrigger: onBootComplete
11-21 19:35:07.344  2045  2171 I BugleRcsProvisioning: RcsProvisioningTrigger: updateAvailabilityForAllSimsAsync : hint = BOOT_COMPLETE logTriggerEvent = true
11-21 19:35:07.348  2552  2552 W .titans_project: Accessing hidden method Landroid/os/MessageQueue;->next()Landroid/os/Message; (unsupported, reflection, allowed)
11-21 19:35:07.348  2552  2552 W .titans_project: Accessing hidden field Landroid/os/MessageQueue;->mMessages:Landroid/os/Message; (unsupported, reflection, allowed)
11-21 19:35:07.348  2552  2552 W .titans_project: Accessing hidden method Landroid/os/Message;->recycleUnchecked()V (unsupported, reflection, allowed)
11-21 19:35:07.363  1103  2811 I NetworkScheduler.Stats: (REDACTED) Task %s/%s finished executing. cause:%s result: %s elapsed_millis: %s uptime_millis: %s exec_start_elapsed_seconds: %s
11-21 19:35:07.378  2045  2272 I Bugle   : Stopped tracking messages [] for tracking purpose RCS_STILL_SENDING
11-21 19:35:07.380  1563  1776 I SRMClientSgtnModule: SRMc: Instantiating SodaResourceManagerClient with non-account-scope.
11-21 19:35:07.381  1563  1776 I SRMClientSgtnModule: SRMc: Instantiating SodaResourceManagerClient with non-account-scope.
11-21 19:35:07.401  2045  2171 I Bugle   : RcsAvailabilityUtilForProvisioningEngineV2: updateAvailabilityForAllSimsAsync, hint: BOOT_COMPLETE
11-21 19:35:07.402  2045  2171 I RcsAvailabilityUpdaterL: updateAvailabilityForAllSimsAsync: scheduling updateAvailabilityForRcsProvisioningId call. Hint: BOOT_COMPLETE, enableWelcomePopupWithoutGoogleTos: false, reshowSuccessPopup: false
11-21 19:35:07.424  2045  2409 I RcsAvailabilityUpdaterL: updateRcsAvailabilityForDefaultCallSim: hint: BOOT_COMPLETE, canReshowWelcomeMessage: false
11-21 19:35:07.444  2711  2827 W PhClient: Shared storage file not found for com.google.android.apps.drive_editors.android#com.google.android.apps.docs
11-21 19:35:07.446  2045  2409 I BugleRcsEngine: [SR]: Single Registration is disabled. Skipping Single Registration capability check for subId: 1, OS.isAtLeastS:[true], enableSingleRegistrationProvisioning:[false] [CONTEXT thread_id=64 ]
11-21 19:35:07.446  1651  1967 I FileApkMgr: Skip staging: CronetDynamite.apk as there's already an installed split.
11-21 19:35:07.447  2045  2409 I BugleRcsEngine: No RCS Configuration was found in Bugle for simID: redacted-pii:sim_id[chars:20,last3:897] [CONTEXT log_prefix="ProvisioningEngineDataRetriever" thread_id=64 ]
11-21 19:35:07.447  2045  2409 I RcsAvailabilityUpdaterL: RcsAvailability configuration availability and enabled status: simId: redacted-pii:sim_id[chars:20,last3:897], SipConnectionType: DUAL_REG, isConfigurationAvailableAndEnabled: false
11-21 19:35:07.454  2045  2409 I BugleRcsEngine: Using config server URL from biuf [CONTEXT log_prefix="ProvisioningServerUtil" thread_id=64 ]
11-21 19:35:07.465  2045  2409 W BugleRcsProvisioning: Failed to get RCS configuration from the cached provider, configuration is empty.
11-21 19:35:07.465  2045  2409 W BugleRcsProvisioning: dncp: FULL
11-21 19:35:07.465  2045  2409 W BugleRcsProvisioning: 	at afzl.c(PG:130)
11-21 19:35:07.465  2045  2409 W BugleRcsProvisioning: 	at afzl.f(PG:13)
11-21 19:35:07.465  2045  2409 W BugleRcsProvisioning: 	at afwq.a(PG:9)
11-21 19:35:07.465  2045  2409 W BugleRcsProvisioning: 	at bluy.apply(PG:125)
11-21 19:35:07.465  2045  2409 W BugleRcsProvisioning: 	at j$.util.Optional.map(SourceFile:17)
11-21 19:35:07.465  2045  2409 W BugleRcsProvisioning: 	at blve.s(PG:255)
11-21 19:35:07.465  2045  2409 W BugleRcsProvisioning: 	at blus.accept(PG:16)
11-21 19:35:07.465  2045  2409 W BugleRcsProvisioning: 	at j$.util.Optional.ifPresent(Unknown Source:4)
11-21 19:35:07.465  2045  2409 W BugleRcsProvisioning: 	at blve.o(PG:99)
11-21 19:35:07.465  2045  2409 W BugleRcsProvisioning: 	at bluo.run(PG:6)
11-21 19:35:07.465  2045  2409 W BugleRcsProvisioning: 	at dkqk.run(PG:21)
11-21 19:35:07.465  2045  2409 W BugleRcsProvisioning: 	at java.util.concurrent.Executors$RunnableAdapter.call(Executors.java:487)
11-21 19:35:07.465  2045  2409 W BugleRcsProvisioning: 	at dqsy.a(PG:3)
11-21 19:35:07.465  2045  2409 W BugleRcsProvisioning: 	at dqrv.run(PG:21)
11-21 19:35:07.465  2045  2409 W BugleRcsProvisioning: 	at dqsz.run(PG:5)
11-21 19:35:07.465  2045  2409 W BugleRcsProvisioning: 	at crzm.run(PG:3)
11-21 19:35:07.465  2045  2409 W BugleRcsProvisioning: 	at java.util.concurrent.ThreadPoolExecutor.runWorker(ThreadPoolExecutor.java:1145)
11-21 19:35:07.465  2045  2409 W BugleRcsProvisioning: 	at java.util.concurrent.ThreadPoolExecutor$Worker.run(ThreadPoolExecutor.java:644)
11-21 19:35:07.465  2045  2409 W BugleRcsProvisioning: 	at cryq.run(PG:6)
11-21 19:35:07.465  2045  2409 W BugleRcsProvisioning: 	at java.lang.Thread.run(Thread.java:1012)
11-21 19:35:07.465  2045  2409 W BugleRcsProvisioning: 	at csaw.run(PG:64)
11-21 19:35:07.466  2045  2409 I RcsAvailabilityUpdaterL: RcsAvailability: Subscription Id: 1, simId: redacted-pii:sim_id[chars:20,last3:897], sipConnectionType: DUAL_REG, isRcsAvailable: false
11-21 19:35:07.467  2045  2409 I RcsAvailabilityUpdaterL: updateAvailabilityForRcsProvisioningId. SimId: redacted-pii:sim_id[chars:20,last3:897], currentAvailability: 9, newAvailability: 10, hint: BOOT_COMPLETE
11-21 19:35:07.467  2045  2409 I BugleRcsEngine: Receive onRcsAvailabilityUpdate, SIM = redacted-pii:sim_id[chars:20,last3:897], availability = RcsAvailability{mAvailability=CARRIER_SETUP_PENDING (Carrier RCS is not set up)} [CONTEXT log_prefix="RcsProvisioningManager" thread_id=64 ]
11-21 19:35:07.468  2045  2411 I BugleRcsProvisioning: RcsProvisioningTrigger: onRcsAvailabilityUpdate : availability is updated to Carrier RCS is not set up, lastAvailabilityLocal is RCS is disabled due to SIM absent, simId hash = -6578878351795161576, simId = redacted-pii:sim_id[chars:20,last3:897], isPev3Enabled = true
11-21 19:35:07.470  2045  2186 W BugleRcs: getAvailableProvisioningIds: accessing uninitialized provisioning identities.
11-21 19:35:07.470  2045  2186 W BugleRcs: dncp: FULL
11-21 19:35:07.470  2045  2186 W BugleRcs: 	at cjmd.i(PG:53)
11-21 19:35:07.470  2045  2186 W BugleRcs: 	at cjuu.a(PG:3)
11-21 19:35:07.470  2045  2186 W BugleRcs: 	at cjux.a(PG:17)
11-21 19:35:07.470  2045  2186 W BugleRcs: 	at cknu.run(PG:9)
11-21 19:35:07.470  2045  2186 W BugleRcs: 	at dkqk.run(PG:21)
11-21 19:35:07.470  2045  2186 W BugleRcs: 	at crzm.run(PG:3)
11-21 19:35:07.470  2045  2186 W BugleRcs: 	at java.util.concurrent.ThreadPoolExecutor.runWorker(ThreadPoolExecutor.java:1145)
11-21 19:35:07.470  2045  2186 W BugleRcs: 	at java.util.concurrent.ThreadPoolExecutor$Worker.run(ThreadPoolExecutor.java:644)
11-21 19:35:07.470  2045  2186 W BugleRcs: 	at cryq.run(PG:6)
11-21 19:35:07.470  2045  2186 W BugleRcs: 	at java.lang.Thread.run(Thread.java:1012)
11-21 19:35:07.470  2045  2186 W BugleRcs: 	at csaw.run(PG:64)
11-21 19:35:07.470  2045  2186 I BugleRcsEngine: CommonRcsProvisioningChangeListenerHandler.notifyListener : Notify RcsProvisioningChangeListener bjbz@42f9f onRcsProvisioningChange, SIM = redacted-pii:sim_id[chars:35,last3:97)], available rcs provisioning ids  =  [CONTEXT log_prefix="RcsProvisioningManager" thread_id=54 ]
11-21 19:35:07.470  2045  2271 I Bugle   : BroadcastReceiverAsyncWorkTracker: Acknowledging broadcast of com.google.android.apps.messaging.receiver.PhoneBootAndPackageReplacedReceiver@92b199b
11-21 19:35:07.472  2045  2410 I BugleRcsEngine: AvailabilityObserver.onUpdate : Notify RcsAvailabilityListener brtj@1bc653e onRcsAvailabilityUpdate, SIM = redacted-pii:sim_id[chars:20,last3:897], availability = 10 [CONTEXT log_prefix="RcsProvisioningManager" thread_id=65 ]
11-21 19:35:07.475  1651  1967 I FileApkMgr: Skip staging: DynamiteModulesA.apk as there's already an installed split.
11-21 19:35:07.496  1651  2258 I Icing   : Usage reports ok 0, Failed Usage reports 0, indexed 0, rejected 0
11-21 19:35:07.514  2045  2178 W BugleRcs: getAvailableProvisioningIds: accessing uninitialized provisioning identities.
11-21 19:35:07.514  2045  2178 W BugleRcs: dncp: FULL
11-21 19:35:07.514  2045  2178 W BugleRcs: 	at cjmd.i(PG:53)
11-21 19:35:07.514  2045  2178 W BugleRcs: 	at cjvb.q(PG:118)
11-21 19:35:07.514  2045  2178 W BugleRcs: 	at brts.a(PG:27)
11-21 19:35:07.514  2045  2178 W BugleRcs: 	at brsg.b(PG:24)
11-21 19:35:07.514  2045  2178 W BugleRcs: 	at brsg.a(PG:13)
11-21 19:35:07.514  2045  2178 W BugleRcs: 	at efhn.a(PG:14)
11-21 19:35:07.514  2045  2178 W BugleRcs: 	at eerl.a(PG:10)
11-21 19:35:07.514  2045  2178 W BugleRcs: 	at dlmg.b(PG:84)
11-21 19:35:07.514  2045  2178 W BugleRcs: 	at eegr.w(PG:11)
11-21 19:35:07.514  2045  2178 W BugleRcs: 	at eerz.run(PG:109)
11-21 19:35:07.514  2045  2178 W BugleRcs: 	at djfc.run(PG:3)
11-21 19:35:07.514  2045  2178 W BugleRcs: 	at dkqk.run(PG:21)
11-21 19:35:07.514  2045  2178 W BugleRcs: 	at crzm.run(PG:3)
11-21 19:35:07.514  2045  2178 W BugleRcs: 	at java.util.concurrent.ThreadPoolExecutor.runWorker(ThreadPoolExecutor.java:1145)
11-21 19:35:07.514  2045  2178 W BugleRcs: 	at java.util.concurrent.ThreadPoolExecutor$Worker.run(ThreadPoolExecutor.java:644)
11-21 19:35:07.514  2045  2178 W BugleRcs: 	at cryq.run(PG:6)
11-21 19:35:07.514  2045  2178 W BugleRcs: 	at java.lang.Thread.run(Thread.java:1012)
11-21 19:35:07.514  2045  2178 W BugleRcs: 	at csaw.run(PG:64)
11-21 19:35:07.515  2045  2178 W BugleRcs: getAvailableProvisioningIds: accessing uninitialized provisioning identities.
11-21 19:35:07.515  2045  2178 W BugleRcs: dncp: FULL
11-21 19:35:07.515  2045  2178 W BugleRcs: 	at cjmd.i(PG:53)
11-21 19:35:07.515  2045  2178 W BugleRcs: 	at cjvb.q(PG:169)
11-21 19:35:07.515  2045  2178 W BugleRcs: 	at brts.a(PG:27)
11-21 19:35:07.515  2045  2178 W BugleRcs: 	at brsg.b(PG:24)
11-21 19:35:07.515  2045  2178 W BugleRcs: 	at brsg.a(PG:13)
11-21 19:35:07.515  2045  2178 W BugleRcs: 	at efhn.a(PG:14)
11-21 19:35:07.515  2045  2178 W BugleRcs: 	at eerl.a(PG:10)
11-21 19:35:07.515  2045  2178 W BugleRcs: 	at dlmg.b(PG:84)
11-21 19:35:07.515  2045  2178 W BugleRcs: 	at eegr.w(PG:11)
11-21 19:35:07.515  2045  2178 W BugleRcs: 	at eerz.run(PG:109)
11-21 19:35:07.515  2045  2178 W BugleRcs: 	at djfc.run(PG:3)
11-21 19:35:07.515  2045  2178 W BugleRcs: 	at dkqk.run(PG:21)
11-21 19:35:07.515  2045  2178 W BugleRcs: 	at crzm.run(PG:3)
11-21 19:35:07.515  2045  2178 W BugleRcs: 	at java.util.concurrent.ThreadPoolExecutor.runWorker(ThreadPoolExecutor.java:1145)
11-21 19:35:07.515  2045  2178 W BugleRcs: 	at java.util.concurrent.ThreadPoolExecutor$Worker.run(ThreadPoolExecutor.java:644)
11-21 19:35:07.515  2045  2178 W BugleRcs: 	at cryq.run(PG:6)
11-21 19:35:07.515  2045  2178 W BugleRcs: 	at java.lang.Thread.run(Thread.java:1012)
11-21 19:35:07.515  2045  2178 W BugleRcs: 	at csaw.run(PG:64)
11-21 19:35:07.515  2045  2178 I BugleTransport: Retrieved RCS available simIds: []
11-21 19:35:07.517  2045  2170 I BugleTransport: Deregister all SIMs except for SIMs with subIds: [] from chat transport: TACHYGRAM.
11-21 19:35:07.520  2045  2410 I BugleTransport: Deregister all SIMs except for SIMs with subIds: [] from chat transport: DUAL_REGISTRATION.
11-21 19:35:07.525  2045  2842 I BugleTransport: Deregister all SIMs except for SIMs with subIds: [] from chat transport: SINGLE_REGISTRATION.
11-21 19:35:07.527  1651  1967 I FileApkMgr: Skip staging: DynamiteModulesC.apk as there's already an installed split.
11-21 19:35:07.528  1103  2536 I ProximityAuth: [RecentAppsMediator] Package added: (user=UserHandle{0}) com.example.titans_project.test
11-21 19:35:07.540  1651  1967 I FileApkMgr: Skip staging: GoogleCertificates.apk as there's already an installed split.
11-21 19:35:07.552  2045  2178 I RcsClientLib: Connecting RcsEngineLifecycleServiceV2
11-21 19:35:07.554  1103  2462 W GCM     : Unexpected forwarded intent: Intent { act=android.intent.action.PACKAGE_ADDED dat=package: flg=0x4000010 pkg=com.google.android.gms cmp=com.google.android.gms/.chimera.PersistentIntentOperationService (has extras) }
11-21 19:35:07.558  2045  2413 I RcsClientLib: Connecting RcsEngineLifecycleServiceV2
11-21 19:35:07.563  2045  2413 W RcsClientLib: No CS.apk RCS service found. Is RCS running in Bugle?
11-21 19:35:07.570  2045  2413 I RcsClientLib: shouldUseCarrierServicesJibeService: false, CarrierServices rcs service found: false
11-21 19:35:07.573  2552  2744 W .titans_project: Verification of java.lang.Object com.google.android.gms.internal.firebase-auth-api.zzadr.zza(java.lang.String, java.lang.reflect.Type) took 139.375ms (1112.11 bytecodes/s) (5144B approximate peak alloc)
11-21 19:35:07.580  1651  1967 I FileApkMgr: Skip staging: MapsDynamite.apk as there's already an installed split.
11-21 19:35:07.585  1103  2173 I FontLog : (REDACTED) Package %s has no metadata
11-21 19:35:07.602  1651  1967 I FileApkMgr: Skip staging: MeasurementDynamite.apk as there's already an installed split.
11-21 19:35:07.604  2045  2178 W RcsClientLib: No CS.apk RCS service found. Is RCS running in Bugle?
11-21 19:35:07.604  2045  2164 I RcsNotDeliveredMessageT: Refreshing notification for 0 not yet delivered RCS
11-21 19:35:07.606  1103  2538 W NetworkScheduler: Unexpected forwarded intent: Intent { act=android.intent.action.PACKAGE_ADDED dat=package: flg=0x4000010 pkg=com.google.android.gms cmp=com.google.android.gms/.chimera.PersistentIntentOperationService (has extras) }
11-21 19:35:07.614  2552  2757 W .titans_project: Verification of void com.google.firebase.firestore.util.Util.<clinit>() took 126.204ms (118.85 bytecodes/s) (2560B approximate peak alloc)
11-21 19:35:07.615  2045  2045 W JobService: onNetworkChanged() not implemented in com.google.android.libraries.internal.growth.growthkit.internal.jobs.impl.GrowthKitJobService. Must override in a subclass.
11-21 19:35:07.629  2552  2758 W .titans_project: Verification of void com.google.common.base.Platform.<clinit>() took 185.934ms (102.19 bytecodes/s) (2448B approximate peak alloc)
11-21 19:35:07.634  2045  2184 I Bugle   : CountryCodeDetector: updateSmsNetworkCountry from default subscription network country. detected country: us
11-21 19:35:07.637  2045  2411 I BugleRcsEngine: getRcsProvisioningGoogleTosConfiguration # bnuv@5d5fcd, consentState = 0, ServerUpdateTime = 0 [CONTEXT log_prefix="ProvisioningEngineDataRetriever" thread_id=66 ]
11-21 19:35:07.652  1103  2345 I ChimeraSrvcProxy: NullBinder for android.net.action.RECOMMEND_NETWORKS triggering remote TransactionTooLargeException due to Service without Chimera impl
11-21 19:35:07.652  1103  2345 W .gms.persistent: Large reply transaction of 1056768 bytes, interface descriptor , code 1
11-21 19:35:07.653  2777  2841 W droid.deskclock: Accessing hidden field Ljava/util/Collections$SynchronizedCollection;->mutex:Ljava/lang/Object; (max-target-o, reflection, denied)
11-21 19:35:07.653  2777  2841 W droid.deskclock: Accessing hidden method Ljava/util/Collections$SynchronizedSet;-><init>(Ljava/util/Set;Ljava/lang/Object;)V (max-target-o, reflection, denied)
11-21 19:35:07.653  2777  2841 W droid.deskclock: Accessing hidden method Ljava/util/Collections$SynchronizedCollection;-><init>(Ljava/util/Collection;Ljava/lang/Object;)V (max-target-o, reflection, denied)
11-21 19:35:07.671  2045  2184 I BugleDataModel: ExpireWapPushSiMessageAction: no WAP Push SI messages.
11-21 19:35:07.680  1103  1538 I DynamiteModule: Considering local module com.google.android.gms.googlecertificates:7 and remote module com.google.android.gms.googlecertificates:7
11-21 19:35:07.680  1103  1538 I DynamiteModule: Selected local version of com.google.android.gms.googlecertificates
11-21 19:35:07.681  2552  2744 W System  : Ignoring header X-Firebase-Locale because its value was null.
11-21 19:35:07.686  2045  2178 I RcsClientLib: shouldUseCarrierServicesJibeService: false, CarrierServices rcs service found: false
11-21 19:35:07.688  2045  2411 I BugleRcsProvisioning: RcsProvisioningTrigger: Should not schedule Revoke Google Consent Task because both the consent types are empty in the Storage
11-21 19:35:07.692  1563  1788 I OpaEligibilityChecker: send OpaEligibilityChange broadcast to CommonBroadcastReceiver
11-21 19:35:07.703  2552  2744 D TrafficStats: tagSocket(144) with statsTag=0xffffffff, statsUid=-1
11-21 19:35:07.703  1651  1967 I GmsModuleFndr: Beginning GMS chimera module scan
11-21 19:35:07.707  2711  2824 W CacheStorage: cache doesn't exist
11-21 19:35:07.747  1651  1667 W gle.android.gms: ApkAssets: Deleting an ApkAssets object '<empty> and /data/app/~~SSQvOr_N65ZL7xhIukG3XA==/com.example.titans_project-vb8pQJkpoigtjETuHV8Cuw==/base.apk' with 1 weak references
11-21 19:35:07.747  1651  1667 W gle.android.gms: ApkAssets: Deleting an ApkAssets object '<empty> and /system_ext/priv-app/SettingsGoogle/SettingsGoogle.apk' with 1 weak references
11-21 19:35:07.748  1651  1667 W gle.android.gms: ApkAssets: Deleting an ApkAssets object '/product/overlay/SettingsGoogle__sdk_gphone64_x86_64__auto_generated_rro_product.apk' with 1 weak references
11-21 19:35:07.758  1473  2392 I BugleRcsEngine: No RCS Configuration was found in Bugle for simID: redacted-pii:sim_id[chars:20,last3:897] [CONTEXT log_prefix="ProvisioningEngineDataRetriever" thread_id=63 ]
11-21 19:35:07.763  2711  2850 E DocsApplication: from onCreate Completable for sending summary about blocked SyncRequests
11-21 19:35:07.763  2711  2850 E DocsApplication: java.lang.IllegalStateException
11-21 19:35:07.763  2711  2850 E DocsApplication: 	at flf.i(PG:64)
11-21 19:35:07.763  2711  2850 E DocsApplication: 	at eyt.lambda$onCreate$3$com-google-android-apps-docs-DocsApplication(PG:279)
11-21 19:35:07.763  2711  2850 E DocsApplication: 	at eyq.run(PG:208)
11-21 19:35:07.763  2711  2850 E DocsApplication: 	at uqj.fw(PG:13)
11-21 19:35:07.763  2711  2850 E DocsApplication: 	at unt.d(PG:3)
11-21 19:35:07.763  2711  2850 E DocsApplication: 	at uqs$a.run(PG:3)
11-21 19:35:07.763  2711  2850 E DocsApplication: 	at uoe$a.run(PG:10)
11-21 19:35:07.763  2711  2850 E DocsApplication: 	at uuu.run(PG:14)
11-21 19:35:07.763  2711  2850 E DocsApplication: 	at uuu.call(PG:1)
11-21 19:35:07.763  2711  2850 E DocsApplication: 	at java.util.concurrent.FutureTask.run(FutureTask.java:264)
11-21 19:35:07.763  2711  2850 E DocsApplication: 	at java.util.concurrent.ScheduledThreadPoolExecutor$ScheduledFutureTask.run(ScheduledThreadPoolExecutor.java:307)
11-21 19:35:07.763  2711  2850 E DocsApplication: 	at java.util.concurrent.ThreadPoolExecutor.runWorker(ThreadPoolExecutor.java:1145)
11-21 19:35:07.763  2711  2850 E DocsApplication: 	at java.util.concurrent.ThreadPoolExecutor$Worker.run(ThreadPoolExecutor.java:644)
11-21 19:35:07.763  2711  2850 E DocsApplication: 	at java.lang.Thread.run(Thread.java:1012)
11-21 19:35:07.766   582   995 D ConnectivityService: requestNetwork for uid/pid:10209/2552 activeRequest: null callbackRequest: 117 [NetworkRequest [ REQUEST id=118, [ Capabilities: INTERNET&NOT_RESTRICTED&TRUSTED&NOT_VCN_MANAGED&NOT_BANDWIDTH_CONSTRAINED Uid: 10209 RequestorUid: 10209 RequestorPkg: com.example.titans_project UnderlyingNetworks: Null] ]] callback flags: 0 order: 2147483647 isUidTracked: false
11-21 19:35:07.769  2045  2411 I BugleRcsEngine: Receive onRcsAvailabilityUpdate, SIM = redacted-pii:sim_id[chars:20,last3:897], availability = RcsAvailability{mAvailability=CARRIER_SETUP_PENDING (Carrier RCS is not set up)} [CONTEXT log_prefix="RcsProvisioningManager" thread_id=66 ]
11-21 19:35:07.773  1651  1967 I ModuleSetResolution: Computing pending module set with APKs: [[AdsFdrDynamite.integ:243799204100000], [Antifingerprinting.optional:244337100000], [Antifingerprinting.optional:244533100000], [Appsearch.optional:244337100800], [Appsearch.optional:244533100800], [BrellaDynamite.optional:244337100800], [BrellaDynamite.optional:244533100800], [MapsCoreDynamite.integ:243625202100800], [MapsCoreDynamite.integ:244125202100800], [MlkitBarcodeUi.optional:244337100800], [MlkitBarcodeUi.optional:244533100800], [MlkitOcrCommon.optional:244337100800], [MlkitOcrCommon.optional:244533100800], [PlayCloudSearch.optional:244337100000], [PlayCloudSearch.optional:244533100000], [TfliteDynamiteDynamite.integ:242327804100800], [VisionBarcode.optional:244337100800], [VisionBarcode.optional:244533100800], [VisionOcr.optional:244337100000], [VisionOcr.optional:244533100000], [AdsFdrDynamite.integ:243220703100000], [Dynamiteloader:244337260000], [Cronetdynamite:244337260800], [Dynamitemodulesa:244337260000], [Dynamitemodulesc:244337260000], [Googlecertificates:244337260000], [Mapsdynamite:244337260000], [Measurementdynamite:244337260000]]
11-21 19:35:07.778  2045  2410 W BugleRcs: getAvailableProvisioningIds: accessing uninitialized provisioning identities.
11-21 19:35:07.778  2045  2410 W BugleRcs: dncp: FULL
11-21 19:35:07.778  2045  2410 W BugleRcs: 	at cjmd.i(PG:53)
11-21 19:35:07.778  2045  2410 W BugleRcs: 	at cjuu.a(PG:3)
11-21 19:35:07.778  2045  2410 W BugleRcs: 	at cjux.a(PG:17)
11-21 19:35:07.778  2045  2410 W BugleRcs: 	at cknu.run(PG:9)
11-21 19:35:07.778  2045  2410 W BugleRcs: 	at dkqk.run(PG:21)
11-21 19:35:07.778  2045  2410 W BugleRcs: 	at crzm.run(PG:3)
11-21 19:35:07.778  2045  2410 W BugleRcs: 	at java.util.concurrent.ThreadPoolExecutor.runWorker(ThreadPoolExecutor.java:1145)
11-21 19:35:07.778  2045  2410 W BugleRcs: 	at java.util.concurrent.ThreadPoolExecutor$Worker.run(ThreadPoolExecutor.java:644)
11-21 19:35:07.778  2045  2410 W BugleRcs: 	at cryq.run(PG:6)
11-21 19:35:07.778  2045  2410 W BugleRcs: 	at java.lang.Thread.run(Thread.java:1012)
11-21 19:35:07.778  2045  2410 W BugleRcs: 	at csaw.run(PG:64)
11-21 19:35:07.778  2045  2843 I RcsClientLib: com.google.android.rcs.client.lifecycle.RcsEngineLifecycleServiceV2 connected
11-21 19:35:07.781  2045  2843 I RcsClientLib: com.google.android.rcs.client.lifecycle.RcsEngineLifecycleServiceV2 connected
11-21 19:35:07.784  2045  2410 I BugleRcsEngine: CommonRcsProvisioningChangeListenerHandler.notifyListener : Notify RcsProvisioningChangeListener bjbz@42f9f onRcsProvisioningChange, SIM = redacted-pii:sim_id[chars:35,last3:97)], available rcs provisioning ids  =  [CONTEXT log_prefix="RcsProvisioningManager" thread_id=65 ]
11-21 19:35:07.785  2045  2413 I BugleRcsEngine: AvailabilityObserver.onUpdate : Notify RcsAvailabilityListener brtj@1bc653e onRcsAvailabilityUpdate, SIM = redacted-pii:sim_id[chars:20,last3:897], availability = 10 [CONTEXT log_prefix="RcsProvisioningManager" thread_id=67 ]
11-21 19:35:07.785  2045  2411 I BugleRcsEngine: No RCS Configuration was found in Bugle for simID: redacted-pii:sim_id[chars:20,last3:897] [CONTEXT log_prefix="ProvisioningEngineDataRetriever" thread_id=66 ]
11-21 19:35:07.786  2045  2411 I BugleRcsProvisioning: RcsProvisioningTrigger: onRcsAvailabilityUpdate : isPreviousDisabled = true, isCurrentDisabled = false, config[simId:redacted-pii:sim_id[chars:20,last3:897]] = [Type: 0, Version: 0, Validity: 0, Last updated: 0, Remaining validity: 0, Reconfiguration requested: false, Messaging technology: SIMPLE_IM, rcsVolteSingleRegistration: false], hasToken: false, isValidAndUpdated: false
11-21 19:35:07.786  1473  1494 I BugleRcsEngine: stopAllRcsTransportsExcept: ignoring stopping the RcsEngine. RcsEngine is still running [CONTEXT log_prefix="RcsEngineProxyImpl:[43bda327-b062]" thread_id=37 ]
11-21 19:35:07.786  2045  2411 I BugleRcsProvisioning: RcsProvisioningTrigger: Schedule KEEP provision when trigger configuration not valid
11-21 19:35:07.787  2045  2411 I BugleRcsProvisioning: scheduleProvisioningForRcsProvisioningId rcsProvisioningId: redacted-pii:sim_id[chars:35,last3:97)], provisioningTriggerEvent: 1
11-21 19:35:07.789  2045  2413 I afym    : scheduleProvisioningForRcsProvisioningId: rcsProvisioningId: SimId(idValue=89860318640220133897) operationTrigger: 6 bugle trigger event: 1
11-21 19:35:07.790  2045  2272 I RcsClientLib: Disconnecting RcsEngineLifecycleServiceV2
11-21 19:35:07.794  2777  2777 I AlarmClock: AlarmInitReceiver android.intent.action.TIME_SET
11-21 19:35:07.794  1651  1967 I ModuleSetResolution: Pending container module APKs: [[Antifingerprinting.optional:244337100000], [Appsearch.optional:244337100800], [BrellaDynamite.optional:244337100800], [MapsCoreDynamite.integ:243625202100800], [MlkitBarcodeUi.optional:244337100800], [MlkitOcrCommon.optional:244337100800], [PlayCloudSearch.optional:244337100000], [VisionBarcode.optional:244337100800], [VisionOcr.optional:244337100000]]
11-21 19:35:07.794  1651  1967 I ModuleSetResolution: Pending non-container module APKs: [[TfliteDynamiteDynamite.integ:242327804100800], [AdsFdrDynamite.integ:243799204100000]]
11-21 19:35:07.798  2045  2413 I BugleRcsEngine: [SR]: Single Registration is disabled. Skipping Single Registration capability check for subId: 1, OS.isAtLeastS:[true], enableSingleRegistrationProvisioning:[false] [CONTEXT thread_id=67 ]
11-21 19:35:07.799  2045  2413 I afym    : RcsProvisioningTrigger: DR is active, initializing DR provisioning. DUAL_REG
11-21 19:35:07.800  2045  2411 I BugleRcsEngine: [SR]: Single Registration is disabled. Skipping Single Registration capability check for subId: 1, OS.isAtLeastS:[true], enableSingleRegistrationProvisioning:[false] [CONTEXT thread_id=66 ]
11-21 19:35:07.805  1473  1494 I BugleRcsEngine: stopAllRcsTransportsExcept: ignoring stopping the RcsEngine. RcsEngine is still running [CONTEXT log_prefix="RcsEngineProxyImpl:[43bda327-b062]" thread_id=37 ]
11-21 19:35:07.824  1103  2345 I FontLog : (REDACTED) Received query %s, URI %s
11-21 19:35:07.824  1103  2345 I FontLog : (REDACTED) Query [%s] resolved to %s
11-21 19:35:07.825  2045  2271 I RcsClientLib: Disconnecting RcsEngineLifecycleServiceV2
11-21 19:35:07.826  1103  2345 I FontLog : (REDACTED) Font PFD returned from cache for %s
11-21 19:35:07.826  1103  2345 I FontLog : (REDACTED) Fetch %s end status %s
11-21 19:35:07.839  2552  2552 I ViewInteraction: Performing 'single click' action on view view.getId() is <2131230799/com.example.titans_project:id/admin_mode>
11-21 19:35:07.843  1103  1583 I FontLog : (REDACTED) Pulling font file for id = %d, cache size = %d
11-21 19:35:07.843  1103  2314 D TrafficStats: tagSocket(188) with statsTag=0x24000609, statsUid=10137
11-21 19:35:07.849  1103  1103 I GCoreUlr: Unbound from all signal providers.
11-21 19:35:07.849  1103  1103 I GCoreUlr: Stopping handler for UlrDispSvcFast
11-21 19:35:07.859   582  1774 D ConnectivityService: requestNetwork for uid/pid:10154/2711 activeRequest: null callbackRequest: 119 [NetworkRequest [ REQUEST id=120, [ Capabilities: INTERNET&NOT_RESTRICTED&TRUSTED&NOT_VCN_MANAGED&NOT_BANDWIDTH_CONSTRAINED Uid: 10154 RequestorUid: 10154 RequestorPkg: com.google.android.apps.docs UnderlyingNetworks: Null] ]] callback flags: 0 order: 2147483647 isUidTracked: false
11-21 19:35:07.860  1103  1103 D BoundBrokerSvc: onBind: Intent { act=com.google.android.gms.multidevice.apis.featuresettingsapi.FeatureSettingsApiService.START dat=chimera-action:/... cmp=com.google.android.gms/.chimera.PersistentApiService }
11-21 19:35:07.860   582   752 D WifiNetworkFactory: got request NetworkRequest [ REQUEST id=118, [ Capabilities: INTERNET&NOT_RESTRICTED&TRUSTED&NOT_VCN_MANAGED&NOT_BANDWIDTH_CONSTRAINED Uid: 10209 RequestorUid: 10209 RequestorPkg: com.example.titans_project UnderlyingNetworks: Null] ]
11-21 19:35:07.860  1103  1103 D BoundBrokerSvc: Loading bound service for intent: Intent { act=com.google.android.gms.multidevice.apis.featuresettingsapi.FeatureSettingsApiService.START dat=chimera-action:/... cmp=com.google.android.gms/.chimera.PersistentApiService }
11-21 19:35:07.862   582   759 D ConnectivityService: NetReassign [118 : null  100] [c 0] [a 30] [i 31]
11-21 19:35:07.866   582   638 V GrammaticalInflectionUtils: AttributionSource: android.content.AttributionSource@ff025696 does not have READ_SYSTEM_GRAMMATICAL_GENDER permission.
11-21 19:35:07.882   582   752 D UntrustedWifiNetworkFactory: got request NetworkRequest [ REQUEST id=118, [ Capabilities: INTERNET&NOT_RESTRICTED&TRUSTED&NOT_VCN_MANAGED&NOT_BANDWIDTH_CONSTRAINED Uid: 10209 RequestorUid: 10209 RequestorPkg: com.example.titans_project UnderlyingNetworks: Null] ]
11-21 19:35:07.883   582   752 D OemPaidWifiNetworkFactory: got request NetworkRequest [ REQUEST id=118, [ Capabilities: INTERNET&NOT_RESTRICTED&TRUSTED&NOT_VCN_MANAGED&NOT_BANDWIDTH_CONSTRAINED Uid: 10209 RequestorUid: 10209 RequestorPkg: com.example.titans_project UnderlyingNetworks: Null] ]
11-21 19:35:07.885   582   752 D MultiInternetWifiNetworkFactory: got request NetworkRequest [ REQUEST id=118, [ Capabilities: INTERNET&NOT_RESTRICTED&TRUSTED&NOT_VCN_MANAGED&NOT_BANDWIDTH_CONSTRAINED Uid: 10209 RequestorUid: 10209 RequestorPkg: com.example.titans_project UnderlyingNetworks: Null] ]
11-21 19:35:07.887   582  1922 D FileUtils: Rounded bytes from 2069700608 to 4000000000
11-21 19:35:07.892  2552  2744 W .titans_project: Accessing hidden field Ljava/net/Socket;->impl:Ljava/net/SocketImpl; (unsupported, reflection, allowed)
11-21 19:35:07.899  1103  2345 I FontLog : (REDACTED) Received query %s, URI %s
11-21 19:35:07.900   582   752 D WifiNetworkFactory: got request NetworkRequest [ REQUEST id=120, [ Capabilities: INTERNET&NOT_RESTRICTED&TRUSTED&NOT_VCN_MANAGED&NOT_BANDWIDTH_CONSTRAINED Uid: 10154 RequestorUid: 10154 RequestorPkg: com.google.android.apps.docs UnderlyingNetworks: Null] ]
11-21 19:35:07.900   582   752 D UntrustedWifiNetworkFactory: got request NetworkRequest [ REQUEST id=120, [ Capabilities: INTERNET&NOT_RESTRICTED&TRUSTED&NOT_VCN_MANAGED&NOT_BANDWIDTH_CONSTRAINED Uid: 10154 RequestorUid: 10154 RequestorPkg: com.google.android.apps.docs UnderlyingNetworks: Null] ]
11-21 19:35:07.900   582   752 D OemPaidWifiNetworkFactory: got request NetworkRequest [ REQUEST id=120, [ Capabilities: INTERNET&NOT_RESTRICTED&TRUSTED&NOT_VCN_MANAGED&NOT_BANDWIDTH_CONSTRAINED Uid: 10154 RequestorUid: 10154 RequestorPkg: com.google.android.apps.docs UnderlyingNetworks: Null] ]
