11-08 15:43:23.277  1251  1251 I KeyboardManager: KeyboardManager.requestKeyboard():234 Creating keyboard accessory, imeId=ime_english_united_states, cacheKey=theme_border_stylesheet_noshadow_gsans_pillkey_silkpopup_hover_light_phone_bottom4dp_navredesign
11-08 15:43:23.277  1251  1251 I KeyboardWrapper: KeyboardWrapper.onKeyboardReady():239 onKeyboardReady(): type=accessory(accessory), kb=com.google.android.libraries.inputmethod.keyboard.impl.Keyboard@4e41d80
11-08 15:43:23.278  1251  1251 I KeyboardWrapper: KeyboardWrapper.doActivateKeyboard():606 doActivateKeyboard(): accessory
11-08 15:43:23.278  1251  1251 W Keyboard: Keyboard.getKeyboardViewHelper():574 null helper is returned: keyboardDef=kuo{processedConditions={}, globalConditions={}, className=com.google.android.libraries.inputmethod.keyboard.impl.Keyboard, resourceIds=[#0x7f170047], initialStates=0, keyboardViewDefs=[], persistentStates=0, persistentStatesPrefKey=null, popupBubbleLayoutId=0, recentKeyLayoutId=0, recentKeyPopupLayoutId=0, recentKeyType=null, rememberRecentKey=NONE, sessionStates=0}, type=HEADER, helpersCreated=[null, null, null, null], context.getResources().getConfiguration(): {1.0 310mcc260mnc [en_US] ldltr sw411dp w411dp h914dp 420dpi nrml long port finger qwerty/v/v dpad/v winConfig={ mBounds=Rect(0, 0 - 1080, 2400) mAppBounds=Rect(0, 0 - 1080, 2400) mMaxBounds=Rect(0, 0 - 1080, 2400) mDisplayRotation=ROTATION_0 mWindowingMode=fullscreen mActivityType=undefined mAlwaysOnTop=undefined mRotation=ROTATION_0} s.8 fontWeightAdjustment=0}
11-08 15:43:23.278  1251  1251 W Keyboard: Keyboard.getKeyboardViewHelper():574 null helper is returned: keyboardDef=kuo{processedConditions={}, globalConditions={}, className=com.google.android.libraries.inputmethod.keyboard.impl.Keyboard, resourceIds=[#0x7f170047], initialStates=0, keyboardViewDefs=[], persistentStates=0, persistentStatesPrefKey=null, popupBubbleLayoutId=0, recentKeyLayoutId=0, recentKeyPopupLayoutId=0, recentKeyType=null, rememberRecentKey=NONE, sessionStates=0}, type=BODY, helpersCreated=[null, null, null, null], context.getResources().getConfiguration(): {1.0 310mcc260mnc [en_US] ldltr sw411dp w411dp h914dp 420dpi nrml long port finger qwerty/v/v dpad/v winConfig={ mBounds=Rect(0, 0 - 1080, 2400) mAppBounds=Rect(0, 0 - 1080, 2400) mMaxBounds=Rect(0, 0 - 1080, 2400) mDisplayRotation=ROTATION_0 mWindowingMode=fullscreen mActivityType=undefined mAlwaysOnTop=undefined mRotation=ROTATION_0} s.8 fontWeightAdjustment=0}
11-08 15:43:23.279  1251  1251 W Keyboard: Keyboard.getKeyboardViewHelper():574 null helper is returned: keyboardDef=kuo{processedConditions={}, globalConditions={}, className=com.google.android.libraries.inputmethod.keyboard.impl.Keyboard, resourceIds=[#0x7f170047], initialStates=0, keyboardViewDefs=[], persistentStates=0, persistentStatesPrefKey=null, popupBubbleLayoutId=0, recentKeyLayoutId=0, recentKeyPopupLayoutId=0, recentKeyType=null, rememberRecentKey=NONE, sessionStates=0}, type=HEADER, helpersCreated=[null, null, null, null], context.getResources().getConfiguration(): {1.0 310mcc260mnc [en_US] ldltr sw411dp w411dp h914dp 420dpi nrml long port finger qwerty/v/v dpad/v winConfig={ mBounds=Rect(0, 0 - 1080, 2400) mAppBounds=Rect(0, 0 - 1080, 2400) mMaxBounds=Rect(0, 0 - 1080, 2400) mDisplayRotation=ROTATION_0 mWindowingMode=fullscreen mActivityType=undefined mAlwaysOnTop=undefined mRotation=ROTATION_0} s.8 fontWeightAdjustment=0}
11-08 15:43:23.280  1251  1251 W Keyboard: Keyboard.getKeyboardViewHelper():574 null helper is returned: keyboardDef=kuo{processedConditions={}, globalConditions={}, className=com.google.android.libraries.inputmethod.keyboard.impl.Keyboard, resourceIds=[#0x7f170047], initialStates=0, keyboardViewDefs=[], persistentStates=0, persistentStatesPrefKey=null, popupBubbleLayoutId=0, recentKeyLayoutId=0, recentKeyPopupLayoutId=0, recentKeyType=null, rememberRecentKey=NONE, sessionStates=0}, type=BODY, helpersCreated=[null, null, null, null], context.getResources().getConfiguration(): {1.0 310mcc260mnc [en_US] ldltr sw411dp w411dp h914dp 420dpi nrml long port finger qwerty/v/v dpad/v winConfig={ mBounds=Rect(0, 0 - 1080, 2400) mAppBounds=Rect(0, 0 - 1080, 2400) mMaxBounds=Rect(0, 0 - 1080, 2400) mDisplayRotation=ROTATION_0 mWindowingMode=fullscreen mActivityType=undefined mAlwaysOnTop=undefined mRotation=ROTATION_0} s.8 fontWeightAdjustment=0}
11-08 15:43:23.280  1251  1251 W Keyboard: Keyboard.getKeyboardViewHelper():574 null helper is returned: keyboardDef=kuo{processedConditions={}, globalConditions={}, className=com.google.android.libraries.inputmethod.keyboard.impl.Keyboard, resourceIds=[#0x7f170047], initialStates=0, keyboardViewDefs=[], persistentStates=0, persistentStatesPrefKey=null, popupBubbleLayoutId=0, recentKeyLayoutId=0, recentKeyPopupLayoutId=0, recentKeyType=null, rememberRecentKey=NONE, sessionStates=0}, type=FLOATING_CANDIDATES, helpersCreated=[null, null, null, null], context.getResources().getConfiguration(): {1.0 310mcc260mnc [en_US] ldltr sw411dp w411dp h914dp 420dpi nrml long port finger qwerty/v/v dpad/v winConfig={ mBounds=Rect(0, 0 - 1080, 2400) mAppBounds=Rect(0, 0 - 1080, 2400) mMaxBounds=Rect(0, 0 - 1080, 2400) mDisplayRotation=ROTATION_0 mWindowingMode=fullscreen mActivityType=undefined mAlwaysOnTop=undefined mRotation=ROTATION_0} s.8 fontWeightAdjustment=0}
11-08 15:43:23.284  1251  1251 W Keyboard: Keyboard.getKeyboardViewHelper():574 null helper is returned: keyboardDef=kuo{processedConditions={}, globalConditions={}, className=com.google.android.libraries.inputmethod.keyboard.impl.Keyboard, resourceIds=[#0x7f170047], initialStates=0, keyboardViewDefs=[], persistentStates=0, persistentStatesPrefKey=null, popupBubbleLayoutId=0, recentKeyLayoutId=0, recentKeyPopupLayoutId=0, recentKeyType=null, rememberRecentKey=NONE, sessionStates=0}, type=WIDGET, helpersCreated=[null, null, null, null], context.getResources().getConfiguration(): {1.0 310mcc260mnc [en_US] ldltr sw411dp w411dp h914dp 420dpi nrml long port finger qwerty/v/v dpad/v winConfig={ mBounds=Rect(0, 0 - 1080, 2400) mAppBounds=Rect(0, 0 - 1080, 2400) mMaxBounds=Rect(0, 0 - 1080, 2400) mDisplayRotation=ROTATION_0 mWindowingMode=fullscreen mActivityType=undefined mAlwaysOnTop=undefined mRotation=ROTATION_0} s.8 fontWeightAdjustment=0}
11-08 15:43:23.285  1251  1251 I KeyboardManager: KeyboardManager.requestKeyboard():234 Creating keyboard accessory_candidates_consumer, imeId=ime_english_united_states, cacheKey=theme_border_stylesheet_noshadow_gsans_pillkey_silkpopup_hover_light_phone_bottom4dp_navredesign
11-08 15:43:23.286  1251  1251 W Keyboard: Keyboard.getKeyboardViewHelper():574 null helper is returned: keyboardDef=kuo{processedConditions={}, globalConditions={global_theme_key=theme_border_stylesheet_noshadow_gsans_pillkey_silkpopup_hover_light_phone_bottom4dp_navredesign, global_locale=en_US, global_density_dpi=420, global_orientation=1}, className=.latin.keyboard.AccessoryKeyboard, resourceIds=[#0x7f170046], initialStates=0, keyboardViewDefs=[kvb{direction=null, id=#0x7f0b014d, isScalable=false, layoutId=#0x7f0e0027, type=FLOATING_CANDIDATES, touchable=true, defaultShow=false}], persistentStates=0, persistentStatesPrefKey=null, popupBubbleLayoutId=#0x7f0e068d, recentKeyLayoutId=0, recentKeyPopupLayoutId=0, recentKeyType=null, rememberRecentKey=NONE, sessionStates=0}, type=HEADER, helpersCreated=[null, null, kib@c7ece41, null], context.getResources().getConfiguration(): {1.0 310mcc260mnc [en_US] ldltr sw411dp w411dp h914dp 420dpi nrml long port finger qwerty/v/v dpad/v winConfig={ mBounds=Rect(0, 0 - 1080, 2400) mAppBounds=Rect(0, 0 - 1080, 2400) mMaxBounds=Rect(0, 0 - 1080, 2400) mDisplayRotation=ROTATION_0 mWindowingMode=fullscreen mActivityType=undefined mAlwaysOnTop=undefined mRotation=ROTATION_0} s.8 fontWeightAdjustment=0}
11-08 15:43:23.286  1251  1251 W Keyboard: Keyboard.getKeyboardViewHelper():574 null helper is returned: keyboardDef=kuo{processedConditions={}, globalConditions={global_theme_key=theme_border_stylesheet_noshadow_gsans_pillkey_silkpopup_hover_light_phone_bottom4dp_navredesign, global_locale=en_US, global_density_dpi=420, global_orientation=1}, className=.latin.keyboard.AccessoryKeyboard, resourceIds=[#0x7f170046], initialStates=0, keyboardViewDefs=[kvb{direction=null, id=#0x7f0b014d, isScalable=false, layoutId=#0x7f0e0027, type=FLOATING_CANDIDATES, touchable=true, defaultShow=false}], persistentStates=0, persistentStatesPrefKey=null, popupBubbleLayoutId=#0x7f0e068d, recentKeyLayoutId=0, recentKeyPopupLayoutId=0, recentKeyType=null, rememberRecentKey=NONE, sessionStates=0}, type=BODY, helpersCreated=[null, null, kib@c7ece41, null], context.getResources().getConfiguration(): {1.0 310mcc260mnc [en_US] ldltr sw411dp w411dp h914dp 420dpi nrml long port finger qwerty/v/v dpad/v winConfig={ mBounds=Rect(0, 0 - 1080, 2400) mAppBounds=Rect(0, 0 - 1080, 2400) mMaxBounds=Rect(0, 0 - 1080, 2400) mDisplayRotation=ROTATION_0 mWindowingMode=fullscreen mActivityType=undefined mAlwaysOnTop=undefined mRotation=ROTATION_0} s.8 fontWeightAdjustment=0}
11-08 15:43:23.290  1251  1251 I GoogleInputMethodService: GoogleInputMethodService.startInputIfInputViewStarted():3724 startInputIfInputViewStarted(): ACCESSORY
11-08 15:43:23.291  1251  1251 I KeyboardModeManager: KeyboardModeManager.setInputViewKeyboardViewHolderProvider():625 setInputView() : supportsOneHandedMode=true supportsSplitMode=true
11-08 15:43:23.291  1251  1251 I NormalModeController: NormalModeController.getKeyboardBodyViewHolderPaddingBottom():104 currentPrimeKeyboardType:SOFT systemPaddingBottom:-1
11-08 15:43:23.291  1251  1251 I KeyboardHeightUtil: KeyboardHeightUtil.calculateMaxKeyboardBodyHeight():45 leave 281 height for app when ime window height:2274, header height:116 and isFullscreenMode:false, so the max keyboard body height is:1877
11-08 15:43:23.291  1251  1251 I KeyboardHeightUtil: KeyboardHeightUtil.calculateMaxKeyboardBodyHeight():45 leave 281 height for app when ime window height:2274, header height:116 and isFullscreenMode:false, so the max keyboard body height is:1877
11-08 15:43:23.291  1251  1251 I KeyboardHeightUtil: KeyboardHeightUtil.calculateMaxKeyboardBodyHeight():45 leave 281 height for app when ime window height:2274, header height:116 and isFullscreenMode:false, so the max keyboard body height is:1877
11-08 15:43:23.292  1251  1251 I KeyboardHeightUtil: KeyboardHeightUtil.calculateMaxKeyboardBodyHeight():45 leave 281 height for app when ime window height:2274, header height:116 and isFullscreenMode:false, so the max keyboard body height is:1877
11-08 15:43:23.292  1251  1251 I NormalModeController: NormalModeController.getKeyboardBodyViewHolderPaddingBottom():104 currentPrimeKeyboardType:SOFT systemPaddingBottom:-1
11-08 15:43:23.292  1251  1251 I KeyboardHeightUtil: KeyboardHeightUtil.calculateMaxKeyboardBodyHeight():45 leave 281 height for app when ime window height:2274, header height:116 and isFullscreenMode:false, so the max keyboard body height is:1877
11-08 15:43:23.293  1251  1251 I KeyboardHeightUtil: KeyboardHeightUtil.calculateMaxKeyboardBodyHeight():45 leave 281 height for app when ime window height:2274, header height:116 and isFullscreenMode:false, so the max keyboard body height is:1877
11-08 15:43:23.293  1251  1251 I KeyboardModeManager: KeyboardModeManager.setInputViewKeyboardViewHolderProvider():613 setInputView() : supportsOneHandedMode=true, supportSplitMode=true
11-08 15:43:23.333  1005  1005 V InlineSuggestionRenderService: handleDestroySuggestionViews called for 0:995213818
11-08 15:43:23.340  1251  1251 I AccessoryInputModeManager: AccessoryInputModeManager.onModeStarted():308 Accessory input mode started: STYLUS
11-08 15:43:23.340  1251  1251 I WidgetViewShowingController: WidgetViewShowingController.showWidgetKeyboardInternal():466 Show companion widget
11-08 15:43:23.345  1522  1522 D BoundBrokerSvc: onBind: Intent { act=com.google.android.mdd.service.START dat=chimera-action:/... cmp=com.google.android.gms/.chimera.GmsBoundBrokerService }
11-08 15:43:23.345  1522  1522 D BoundBrokerSvc: Loading bound service for intent: Intent { act=com.google.android.mdd.service.START dat=chimera-action:/... cmp=com.google.android.gms/.chimera.GmsBoundBrokerService }
11-08 15:43:23.386  1251  1251 W NotificationCenter: NotificationCenter$ListenerData.notifyOnExecutor():672 Heavy notify work detected on UI thread: |iom->ing| takes 46ms
11-08 15:43:23.408  1251  1251 W AndroidIME: KeyboardViewUtil.getKeyboardView():35 Null keyboardView is found for keyboardViewType: HEADER
11-08 15:43:23.408  1251  1251 W AutoPasteSuggestionHelper: AutoPasteSuggestionHelper.setMaxWidthOfChipTextView():1056 Failed to get the width of the proactive suggestion view holder in HEADER.
11-08 15:43:23.409  1251  1251 W AndroidIME: KeyboardViewUtil.getKeyboardView():35 Null keyboardView is found for keyboardViewType: HEADER
11-08 15:43:23.409  1251  1251 W AutoPasteSuggestionHelper: AutoPasteSuggestionHelper.setMaxWidthOfChipTextView():1056 Failed to get the width of the proactive suggestion view holder in HEADER.
11-08 15:43:23.412  1251  1251 W AutoPasteSuggestionHelper: AutoPasteSuggestionHelper.setMaxWidthOfChipTextView():1056 Failed to get the width of the proactive suggestion view holder in WIDGET.
11-08 15:43:23.438  1251  1251 I CrowdsourceExtension: CrowdsourceExtension.checkIfDefaultBrowserIsAllowed():110 Failed to get default browser. The default browser may be deactived.
11-08 15:43:23.441  1251  1251 I VoiceImeExtension: VoiceImeExtension.shouldStartVoiceInputAutomaticallyInCurrentInputBox():415 No private IME option set to start voice input.
11-08 15:43:23.449 13737 13737 D VRI[MainActivity]: visibilityChanged oldVisibility=true newVisibility=false
11-08 15:43:23.454  1522  1522 D BoundBrokerSvc: onBind: Intent { act=com.google.firebase.dynamiclinks.service.START pkg=com.google.android.gms }
11-08 15:43:23.454  1522  1522 D BoundBrokerSvc: Loading bound service for intent: Intent { act=com.google.firebase.dynamiclinks.service.START pkg=com.google.android.gms }
11-08 15:43:23.462 13737 13737 D LifecycleMonitor: Lifecycle status change: com.example.titans_project.MainActivity@cd683d6 in: STOPPED
11-08 15:43:23.462  1251  1251 I WindowMetricsNotification: WindowMetricsNotification.notifyWithWindow():113
11-08 15:43:23.462  1251  1251 I WindowMetricsNotification: WindowMetricsNotification.notify():106 WindowMetricsNotification{bounds=Rect(0, 63 - 1080, 2400), insets=Rect(0, 0 - 0, 63), densityDpi=420, smallestScreenWidthDp=411, displayWidth=1080, displayHeight=2400, xdpi=420.0, ydpi=420.0}; DisplayMetrics{density=2.625, width=1080, height=2400, scaledDensity=2.625, xdpi=420.0, ydpi=420.0}
11-08 15:43:23.462 13737 13737 V ActivityScenario: Update currentActivityStage to STOPPED, currentActivity=com.example.titans_project.MainActivity@cd683d6
11-08 15:43:23.603 13737 13737 D UiControllerImpl: Injecting string: "Sho H"
11-08 15:43:23.632  1251  1251 I StylusModule: StylusModule.onUpdateToolType():770 Update tool type = 0
11-08 15:43:23.637  1251  1251 I GoogleInputMethodService: GoogleInputMethodService$1.onKeyboardViewShown():494 onKeyboardViewShown: keyboardType=accessory, keyboardViewType=HEADER keyboardView=null
11-08 15:43:23.637  1251  1251 I GoogleInputMethodService: GoogleInputMethodService$1.onKeyboardViewShown():494 onKeyboardViewShown: keyboardType=accessory, keyboardViewType=BODY keyboardView=null
11-08 15:43:23.638  1251  1251 I WindowMetricsNotification: WindowMetricsNotification.notifyWithWindow():113
11-08 15:43:23.640  1251  1251 I WindowMetricsNotification: WindowMetricsNotification.notify():106 WindowMetricsNotification{bounds=Rect(0, 63 - 1080, 2400), insets=Rect(0, 0 - 0, 63), densityDpi=420, smallestScreenWidthDp=411, displayWidth=1080, displayHeight=2400, xdpi=420.0, ydpi=420.0}; DisplayMetrics{density=2.625, width=1080, height=2400, scaledDensity=2.625, xdpi=420.0, ydpi=420.0}
11-08 15:43:23.649  1251  1251 W InputContextProxy: InputContextProxy.applyClientDiffInternal():940 Ignore [FetchSuggestions] diff due to stale request: 210<211, inputStateId=170, lastInputStateId=169
11-08 15:43:23.677 13737 13737 D InsetsController: show(ime(), fromIme=true)
11-08 15:43:23.692 13737 13756 D EGL_emulation: app_time_stats: avg=97.33ms min=10.50ms max=424.08ms count=11
11-08 15:43:23.710 13737 13800 W InteractionJankMonitor: Initializing without READ_DEVICE_CONFIG permission. enabled=false, interval=1, missedFrameThreshold=3, frameTimeThreshold=64, package=com.example.titans_project
11-08 15:43:23.715  1251  1251 I StylusModule: StylusModule.onUpdateToolType():770 Update tool type = 0
11-08 15:43:23.745 13737 13800 D InteractionJankMonitor: Build configuration failed!
11-08 15:43:23.745 13737 13800 D InteractionJankMonitor: java.lang.IllegalArgumentException: Must pass in a valid surface control if only instrument surface;
11-08 15:43:23.745 13737 13800 D InteractionJankMonitor: 	at com.android.internal.jank.InteractionJankMonitor$Configuration.validate(InteractionJankMonitor.java:833)
11-08 15:43:23.745 13737 13800 D InteractionJankMonitor: 	at com.android.internal.jank.InteractionJankMonitor$Configuration.<init>(InteractionJankMonitor.java:774)
11-08 15:43:23.745 13737 13800 D InteractionJankMonitor: 	at com.android.internal.jank.InteractionJankMonitor$Configuration.<init>(Unknown Source:0)
11-08 15:43:23.745 13737 13800 D InteractionJankMonitor: 	at com.android.internal.jank.InteractionJankMonitor$Configuration$Builder.build(InteractionJankMonitor.java:753)
11-08 15:43:23.745 13737 13800 D InteractionJankMonitor: 	at com.android.internal.jank.InteractionJankMonitor.begin(InteractionJankMonitor.java:333)
11-08 15:43:23.745 13737 13800 D InteractionJankMonitor: 	at android.view.inputmethod.ImeTracker$ImeJankTracker.onRequestAnimation(ImeTracker.java:852)
11-08 15:43:23.745 13737 13800 D InteractionJankMonitor: 	at android.view.InsetsController$InternalAnimationControlListener$1.onAnimationStart(InsetsController.java:442)
11-08 15:43:23.745 13737 13800 D InteractionJankMonitor: 	at android.animation.Animator$AnimatorListener.onAnimationStart(Animator.java:692)
11-08 15:43:23.745 13737 13800 D InteractionJankMonitor: 	at android.animation.Animator$AnimatorCaller$$ExternalSyntheticLambda0.call(D8$$SyntheticClass:0)
11-08 15:43:23.745 13737 13800 D InteractionJankMonitor: 	at android.animation.Animator.callOnList(Animator.java:666)
11-08 15:43:23.745 13737 13800 D InteractionJankMonitor: 	at android.animation.Animator.notifyListeners(Animator.java:609)
11-08 15:43:23.745 13737 13800 D InteractionJankMonitor: 	at android.animation.Animator.notifyStartListeners(Animator.java:626)
11-08 15:43:23.745 13737 13800 D InteractionJankMonitor: 	at android.animation.ValueAnimator.startAnimation(ValueAnimator.java:1334)
11-08 15:43:23.745 13737 13800 D InteractionJankMonitor: 	at android.animation.ValueAnimator.start(ValueAnimator.java:1149)
11-08 15:43:23.745 13737 13800 D InteractionJankMonitor: 	at android.animation.ValueAnimator.start(ValueAnimator.java:1173)
11-08 15:43:23.745 13737 13800 D InteractionJankMonitor: 	at android.view.InsetsController$InternalAnimationControlListener.onReady(InsetsController.java:461)
11-08 15:43:23.745 13737 13800 D InteractionJankMonitor: 	at android.view.InsetsAnimationThreadControlRunner.lambda$new$0(InsetsAnimationThreadControlRunner.java:129)
11-08 15:43:23.745 13737 13800 D InteractionJankMonitor: 	at android.view.InsetsAnimationThreadControlRunner.$r8$lambda$DLuG7Ht_vy5T5uYr29Rzhu2CZeY(Unknown Source:0)
11-08 15:43:23.745 13737 13800 D InteractionJankMonitor: 	at android.view.InsetsAnimationThreadControlRunner$$ExternalSyntheticLambda2.run(D8$$SyntheticClass:0)
11-08 15:43:23.745 13737 13800 D InteractionJankMonitor: 	at android.os.Handler.handleCallback(Handler.java:959)
11-08 15:43:23.745 13737 13800 D InteractionJankMonitor: 	at android.os.Handler.dispatchMessage(Handler.java:100)
11-08 15:43:23.745 13737 13800 D InteractionJankMonitor: 	at android.os.Looper.loopOnce(Looper.java:232)
11-08 15:43:23.745 13737 13800 D InteractionJankMonitor: 	at android.os.Looper.loop(Looper.java:317)
11-08 15:43:23.745 13737 13800 D InteractionJankMonitor: 	at android.os.HandlerThread.run(HandlerThread.java:85)
11-08 15:43:23.788  1251  1251 W AndroidSpellCheckerService: AndroidSpellCheckerService.initialize():73 initialize...
11-08 15:43:23.788  1251  1251 I ShortcutsDataManager: ShortcutsDataManager.onContentChanged():72 onContentChanged()
11-08 15:43:23.789  1251  1251 I ContactsDataManager: ContactsDataManager.onContentChanged():159 onContentChanged()
11-08 15:43:23.789  1251  1251 W AndroidSpellCheckerService: AndroidSpellCheckerService.initialize():83 initialize...done
11-08 15:43:23.791  1406  1855 I BugleRcsEngine: Connected state: [1], networkType: [WIFI] [CONTEXT thread_id=58 ]
11-08 15:43:23.794  1406  2295 I BugleRcsEngine: handleMessage processing message:[NOTIFY_UPTIME_IGNORE_STATE_CHANGED] with [non-null]:RcsEngineImpl reference [CONTEXT log_prefix="RcsEngineImpl[DUAL_REG]:[3746f072-2d6c]>Handler" thread_id=64 ]
11-08 15:43:23.796  1251  1611 I AndroidSpellCheckerService: AndroidSpellCheckerService.createSession():139 com.google.android.keyboard.client.delight5.LanguageIdentifier@e044928 is created
11-08 15:43:23.800   589   745 W IPCThreadState: Sending oneway calls to frozen process.
11-08 15:43:23.804   589   745 W IPCThreadState: Sending oneway calls to frozen process.
11-08 15:43:23.825  1406  2295 I BugleRcsEngine: No RCS Configuration was found in Bugle for simID: redacted-pii:sim_id[chars:20,last3:897] [CONTEXT log_prefix="ProvisioningEngineDataRetriever" thread_id=64 ]
11-08 15:43:23.828  1081  1095 I ChimeraSrvcProxy: NullBinder for android.net.action.RECOMMEND_NETWORKS triggering remote TransactionTooLargeException due to Service without Chimera impl
11-08 15:43:23.828  1081  1095 W .gms.persistent: Large reply transaction of 1056768 bytes, interface descriptor , code 1
11-08 15:43:23.868  1251  1251 I StylusModule: StylusModule.onUpdateToolType():770 Update tool type = 0
11-08 15:43:23.940 13737 13737 I ImeTracker: com.example.titans_project:aefd8f30: onShown
11-08 15:43:23.951  1251  1251 I StylusModule: StylusModule.onUpdateToolType():770 Update tool type = 0
11-08 15:43:24.005  1251  1251 I StylusModule: StylusModule.onUpdateToolType():770 Update tool type = 0
11-08 15:43:24.104  1251  1251 I StylusModule: StylusModule.onUpdateToolType():770 Update tool type = 0
11-08 15:43:24.137  1251  1251 I StylusModule: StylusModule.onUpdateToolType():770 Update tool type = 0
11-08 15:43:24.213 13737 13737 I ViewInteraction: Performing 'single click' action on view view.getId() is <2131230847/com.example.titans_project:id/button_save_changes>
11-08 15:43:24.280   589   745 D InetDiagMessage: Destroyed 0 sockets, proto=IPPROTO_TCP, family=AF_INET, states=14
11-08 15:43:24.281   589   745 D InetDiagMessage: Destroyed 0 sockets, proto=IPPROTO_TCP, family=AF_INET6, states=14
11-08 15:43:24.281   589   745 D InetDiagMessage: Destroyed live tcp sockets for uids={10102} in 6ms
11-08 15:43:24.281   436  7080 D audioserver: logFgsApiBegin: FGS Logger Transaction failed, -129
11-08 15:43:24.282   589  1639 W AS.PlaybackActivityMon: No piid assigned for invalid/internal port id 15
11-08 15:43:24.296 13737 13737 D LifecycleMonitor: Lifecycle status change: com.example.titans_project.ProfileView@a46496b in: PAUSED
11-08 15:43:24.296 13737 13737 V ActivityScenario: Activity lifecycle changed event received but ignored because the intent does not match. startActivityIntent=Intent { act=android.intent.action.MAIN cat=[android.intent.category.LAUNCHER] flg=0x10008000 cmp=com.example.titans_project/.MainActivity }, activity.getIntent()=Intent { cmp=com.example.titans_project/.ProfileView }, activity=com.example.titans_project.ProfileView@a46496b
11-08 15:43:24.306   445   445 I BpBinder: onLastStrongRef automatically unlinking death recipients:
11-08 15:43:24.315   436   541 D AudioFlinger: mixer(0x79f1966e58e0) throttle end: throttle time(32)
11-08 15:43:24.384 13737 13737 D LifecycleMonitor: Lifecycle status change: com.example.titans_project.MainActivity@cd683d6 in: RESTARTED
11-08 15:43:24.384 13737 13737 V ActivityScenario: Update currentActivityStage to RESTARTED, currentActivity=com.example.titans_project.MainActivity@cd683d6
11-08 15:43:24.384 13737 13737 D LifecycleMonitor: Lifecycle status change: com.example.titans_project.MainActivity@cd683d6 in: STARTED
11-08 15:43:24.384 13737 13737 V ActivityScenario: Update currentActivityStage to STARTED, currentActivity=com.example.titans_project.MainActivity@cd683d6
11-08 15:43:24.385 13737 13737 D LifecycleMonitor: Lifecycle status change: com.example.titans_project.MainActivity@cd683d6 in: RESUMED
11-08 15:43:24.385 13737 13737 V ActivityScenario: Update currentActivityStage to RESUMED, currentActivity=com.example.titans_project.MainActivity@cd683d6
11-08 15:43:24.543   436   541 D audioserver: logFgsApiEnd: FGS Logger Transaction failed, -129
11-08 15:43:24.712 13737 13756 D EGL_emulation: app_time_stats: avg=42.46ms min=10.80ms max=127.76ms count=21
11-08 15:43:24.788   589   745 D InetDiagMessage: Destroyed 0 sockets, proto=IPPROTO_TCP, family=AF_INET, states=14
11-08 15:43:24.789   589   745 D InetDiagMessage: Destroyed 0 sockets, proto=IPPROTO_TCP, family=AF_INET6, states=14
11-08 15:43:24.789   589   745 D InetDiagMessage: Destroyed live tcp sockets for uids={10142} in 1ms
11-08 15:43:24.944   589   710 I ImeTracker: com.example.titans_project:50e8be24: onRequestHide at ORIGIN_SERVER reason HIDE_UNSPECIFIED_WINDOW fromUser false
11-08 15:43:24.947  1251  1251 I GoogleInputMethodService: GoogleInputMethodService.onFinishInputView():2393
11-08 15:43:25.063  1251  1251 E InputConnectionWrapper: InputConnectionWrapper.waitForInputConnectionFutureInternal():1773 Failed to get the input connection call's result.
11-08 15:43:25.063  1251  1251 E InputConnectionWrapper: java.util.concurrent.TimeoutException: Waited 100 milliseconds (plus 1 milliseconds, 591500 nanoseconds delay) for pxi@f62a735[status=PENDING, info=[task=[running=[RUNNING ON ICWrapper-1], fch@3f187ca]]]
11-08 15:43:25.063  1251  1251 E InputConnectionWrapper: 	at pug.get(PG:52)
11-08 15:43:25.063  1251  1251 E InputConnectionWrapper: 	at kbd.g(PG:9)
11-08 15:43:25.063  1251  1251 E InputConnectionWrapper: 	at kbd.f(PG:20)
11-08 15:43:25.063  1251  1251 E InputConnectionWrapper: 	at kbd.t(PG:27)
11-08 15:43:25.063  1251  1251 E InputConnectionWrapper: 	at kef.e(PG:15)
11-08 15:43:25.063  1251  1251 E InputConnectionWrapper: 	at kfm.A(PG:21)
11-08 15:43:25.063  1251  1251 E InputConnectionWrapper: 	at joy.A(PG:3)
11-08 15:43:25.063  1251  1251 E InputConnectionWrapper: 	at ink.c(PG:7)
11-08 15:43:25.063  1251  1251 E InputConnectionWrapper: 	at ink.g(PG:53)
11-08 15:43:25.063  1251  1251 E InputConnectionWrapper: 	at jov.a(PG:3)
11-08 15:43:25.063  1251  1251 E InputConnectionWrapper: 	at joy.af(PG:15)
11-08 15:43:25.063  1251  1251 E InputConnectionWrapper: 	at joy.I(PG:49)
11-08 15:43:25.063  1251  1251 E InputConnectionWrapper: 	at jos.k(PG:30)
11-08 15:43:25.063  1251  1251 E InputConnectionWrapper: 	at dia.q(PG:11)
11-08 15:43:25.063  1251  1251 E InputConnectionWrapper: 	at kfm.onFinishInputView(PG:75)
11-08 15:43:25.063  1251  1251 E InputConnectionWrapper: 	at android.inputmethodservice.InputMethodService.finishViews(InputMethodService.java:3245)
11-08 15:43:25.063  1251  1251 E InputConnectionWrapper: 	at android.inputmethodservice.InputMethodService.hideWindow(InputMethodService.java:3284)
11-08 15:43:25.063  1251  1251 E InputConnectionWrapper: 	at android.inputmethodservice.InputMethodService$InputMethodImpl.hideSoftInput(InputMethodService.java:967)
11-08 15:43:25.063  1251  1251 E InputConnectionWrapper: 	at kfl.hideSoftInput(PG:67)
11-08 15:43:25.063  1251  1251 E InputConnectionWrapper: 	at android.inputmethodservice.InputMethodService$InputMethodImpl.hideSoftInputWithToken(InputMethodService.java:927)
11-08 15:43:25.063  1251  1251 E InputConnectionWrapper: 	at android.inputmethodservice.IInputMethodWrapper.executeMessage(IInputMethodWrapper.java:247)
11-08 15:43:25.063  1251  1251 E InputConnectionWrapper: 	at com.android.internal.os.HandlerCaller$MyHandler.handleMessage(HandlerCaller.java:44)
11-08 15:43:25.063  1251  1251 E InputConnectionWrapper: 	at android.os.Handler.dispatchMessage(Handler.java:107)
11-08 15:43:25.063  1251  1251 E InputConnectionWrapper: 	at android.os.Looper.loopOnce(Looper.java:232)
11-08 15:43:25.063  1251  1251 E InputConnectionWrapper: 	at android.os.Looper.loop(Looper.java:317)
11-08 15:43:25.063  1251  1251 E InputConnectionWrapper: 	at android.app.ActivityThread.main(ActivityThread.java:8705)
11-08 15:43:25.063  1251  1251 E InputConnectionWrapper: 	at java.lang.reflect.Method.invoke(Native Method)
11-08 15:43:25.063  1251  1251 E InputConnectionWrapper: 	at com.android.internal.os.RuntimeInit$MethodAndArgsCaller.run(RuntimeInit.java:580)
11-08 15:43:25.063  1251  1251 E InputConnectionWrapper: 	at com.android.internal.os.ZygoteInit.main(ZygoteInit.java:886)
11-08 15:43:25.064  1251  1251 W InputConnectionWrapper: InputConnectionWrapper.recordDuration():1694 IPC IC_REQUEST_CURSOR_UPDATES took 115 ms
11-08 15:43:25.064  1251  1251 W TooltipLifecycleManager: TooltipLifecycleManager.dismissTooltips():152 Tooltip with id spell_check_add_to_dictionary not found in tooltipManager.
11-08 15:43:25.066  1251  1251 I InputBundle: InputBundle.consumeEvent():884 Skip consuming an event as keyboard status is 0
11-08 15:43:25.068  1251  1251 I VoiceInputHandler: VoiceInputHandler.onDeactivateIme():115 unregistering TalkbackStateListener
11-08 15:43:25.068  1251  1251 I VoiceInputManagerWrapper: VoiceInputManagerWrapper.shutdown():124 shutdown()
11-08 15:43:25.070  1251  1251 I AndroidIME: AbstractIme.onDeactivate():202 LatinIme.onDeactivate()
11-08 15:43:25.076 13737 13737 W RemoteInputConnectionImpl: requestCursorUpdates on inactive InputConnection
11-08 15:43:25.081 13737 13737 D InsetsController: hide(ime(), fromIme=true)
11-08 15:43:25.088  1251  1251 I GoogleInputMethodService: GoogleInputMethodService.onFinishInput():3157
11-08 15:43:25.104  1251  1251 I GoogleInputMethodService: GoogleInputMethodService.updateDeviceLockedStatus():2248 repeatCheckTimes = 0, locked = false
11-08 15:43:25.105  1251  1251 I GoogleInputMethodService: GoogleInputMethodService.onStartInput():1986 onStartInput(EditorInfo{EditorInfo{packageName=com.example.titans_project, inputType=0, inputTypeString=NULL, enableLearning=false, autoCorrection=false, autoComplete=false, imeOptions=0, privateImeOptions=null, actionName=UNSPECIFIED, actionLabel=null, initialSelStart=-1, initialSelEnd=-1, initialCapsMode=0, label=null, fieldId=0, fieldName=null, extras=null, hintText=null, hintLocales=[]}}, false)
11-08 15:43:25.108  1251  1251 I GoogleInputMethodService: GoogleInputMethodService.updateDeviceLockedStatus():2248 repeatCheckTimes = 1, locked = false
11-08 15:43:25.114  1251  1251 I AndroidIME: InputBundleManager.loadActiveInputBundleId():450 loadActiveInputBundleId: und-Latn-x-password, password
11-08 15:43:25.122  1251  1942 D EGL_emulation: app_time_stats: avg=93.14ms min=6.57ms max=990.14ms count=15
11-08 15:43:25.124 13737 13737 D ProfileView: User details updated successfully!
11-08 15:43:25.128  1251  1251 I ShortcutsDataManager: AbstractContentDataManager.startImportContentTask():240 startImportContentTask()
11-08 15:43:25.131  1251  1859 I ShortcutsDataManager: AbstractContentDataManager$ImportContentTask.doInBackground():255 doInBackground()
11-08 15:43:25.133  1251  1859 I PersonalDictionaryDataHandler: PersonalDictionaryDataHandler.beginProcess():114 LanguageTags = [en-US]
11-08 15:43:25.155  1251  1859 I ShortcutsDataManager: AbstractContentDataManager.importRecords():345 importRecords() : Success : Count = 0
11-08 15:43:25.160  1251  1859 I ShortcutsDataManager: AbstractContentDataManager.importContentData():295 importContentData() : Ending import process
11-08 15:43:25.168 13737 13737 I ImeTracker: com.example.titans_project:50e8be24: onCancelled at PHASE_CLIENT_ANIMATION_CANCEL
11-08 15:43:25.171  1251  1857 I Delight5Decoder: Delight5DecoderWrapper.unloadLanguageModel():943 unloadLanguageModel() : 4, version [n/a]
11-08 15:43:25.176 13737 13737 I ImeTracker: com.example.titans_project:58fcece8: onRequestHide at ORIGIN_CLIENT reason HIDE_SOFT_INPUT_ON_ANIMATION_STATE_CHANGED fromUser false
11-08 15:43:25.177 13737 13737 I ImeTracker: com.example.titans_project:58fcece8: onFailed at PHASE_CLIENT_VIEW_SERVED
11-08 15:43:25.247  1251  1859 I PersonalLanguageModelUpdater: PersonalLanguageModelUpdater$UpdateOperation.performInternal():165 run() : Added 0 words and 0 shortcuts
11-08 15:43:25.247  1251  1859 I DynamicLanguageModelOperation: DynamicLanguageModelOperation.perform():43 perform() : 4 : dxm : Completed
11-08 15:43:25.248  1251  1857 I Delight5Decoder: Delight5DecoderWrapper.loadLanguageModel():730 loadLanguageModel() : 4, version [n/a]
11-08 15:43:25.251 13737 13737 I ViewInteraction: Performing 'single click' action on view view.getId() is <2131231139/com.example.titans_project:id/profile_button>
11-08 15:43:25.252  1251  1857 I Delight5Decoder: Delight5DecoderWrapper.loadLanguageModel():771 Loaded dynamic LM 4.en
11-08 15:43:25.259  1251  1251 I ShortcutsDataManager: AbstractContentDataManager$ImportContentTask.onPostExecute():266 onPostExecute() : Result = [2,0]
11-08 15:43:25.259  1251  1251 I ShortcutsDataManager: ShortcutsDataManager.onImportFinished():82 onImportFinished() : Result = 2 : Count = 0
11-08 15:43:25.305   589  1795 V GrammaticalInflectionUtils: AttributionSource: android.content.AttributionSource@3e80ab61 does not have READ_SYSTEM_GRAMMATICAL_GENDER permission.
11-08 15:43:25.308   436  7080 D audioserver: logFgsApiBegin: FGS Logger Transaction failed, -129
11-08 15:43:25.312   589   886 W AS.PlaybackActivityMon: No piid assigned for invalid/internal port id 15
11-08 15:43:25.338 13737 13737 D LifecycleMonitor: Lifecycle status change: com.example.titans_project.MainActivity@cd683d6 in: PAUSED
11-08 15:43:25.338 13737 13737 V ActivityScenario: Update currentActivityStage to PAUSED, currentActivity=com.example.titans_project.MainActivity@cd683d6
11-08 15:43:25.380 13737 13737 D LifecycleMonitor: Lifecycle status change: com.example.titans_project.ProfileView@5b9897b in: PRE_ON_CREATE
11-08 15:43:25.381 13737 13737 V ActivityScenario: Activity lifecycle changed event received but ignored because the intent does not match. startActivityIntent=Intent { act=android.intent.action.MAIN cat=[android.intent.category.LAUNCHER] flg=0x10008000 cmp=com.example.titans_project/.MainActivity }, activity.getIntent()=Intent { cmp=com.example.titans_project/.ProfileView }, activity=com.example.titans_project.ProfileView@5b9897b
11-08 15:43:25.451 13737 13737 D LifecycleMonitor: Lifecycle status change: com.example.titans_project.ProfileView@5b9897b in: CREATED
11-08 15:43:25.451 13737 13737 V ActivityScenario: Activity lifecycle changed event received but ignored because the intent does not match. startActivityIntent=Intent { act=android.intent.action.MAIN cat=[android.intent.category.LAUNCHER] flg=0x10008000 cmp=com.example.titans_project/.MainActivity }, activity.getIntent()=Intent { cmp=com.example.titans_project/.ProfileView }, activity=com.example.titans_project.ProfileView@5b9897b
11-08 15:43:25.453 13737 13737 D LifecycleMonitor: Lifecycle status change: com.example.titans_project.ProfileView@5b9897b in: STARTED
11-08 15:43:25.453 13737 13737 V ActivityScenario: Activity lifecycle changed event received but ignored because the intent does not match. startActivityIntent=Intent { act=android.intent.action.MAIN cat=[android.intent.category.LAUNCHER] flg=0x10008000 cmp=com.example.titans_project/.MainActivity }, activity.getIntent()=Intent { cmp=com.example.titans_project/.ProfileView }, activity=com.example.titans_project.ProfileView@5b9897b
11-08 15:43:25.459 13737 13737 D LifecycleMonitor: Lifecycle status change: com.example.titans_project.ProfileView@5b9897b in: RESUMED
11-08 15:43:25.460 13737 13737 V ActivityScenario: Activity lifecycle changed event received but ignored because the intent does not match. startActivityIntent=Intent { act=android.intent.action.MAIN cat=[android.intent.category.LAUNCHER] flg=0x10008000 cmp=com.example.titans_project/.MainActivity }, activity.getIntent()=Intent { cmp=com.example.titans_project/.ProfileView }, activity=com.example.titans_project.ProfileView@5b9897b
11-08 15:43:25.536   436   541 D audioserver: logFgsApiEnd: FGS Logger Transaction failed, -129
11-08 15:43:25.564 13737 13742 I .titans_project: Background concurrent mark compact GC freed 9195KB AllocSpace bytes, 42(1160KB) LOS objects, 49% free, 7278KB/14MB, paused 1.123ms,6.084ms total 68.080ms
11-08 15:43:25.730   589   612 I ActivityTaskManager: Displayed com.example.titans_project/.ProfileView for user 0: +424ms
11-08 15:43:25.823 13737 13737 D VRI[ProfileView]: visibilityChanged oldVisibility=true newVisibility=false
11-08 15:43:25.825 13737 13737 D Firestore: Document exists. Data: {full_name=Sho H, Events={}, phone_number=, facility=, email=, notifications=false}
11-08 15:43:25.842  1251 12035 I AndroidSpellCheckerService: AndroidSpellCheckerService.createSession():139 com.google.android.keyboard.client.delight5.LanguageIdentifier@d104e70 is created
11-08 15:43:25.919 13737 13737 D LifecycleMonitor: Lifecycle status change: com.example.titans_project.ProfileView@a46496b in: STOPPED
11-08 15:43:25.920 13737 13737 V ActivityScenario: Activity lifecycle changed event received but ignored because the intent does not match. startActivityIntent=Intent { act=android.intent.action.MAIN cat=[android.intent.category.LAUNCHER] flg=0x10008000 cmp=com.example.titans_project/.MainActivity }, activity.getIntent()=Intent { cmp=com.example.titans_project/.ProfileView }, activity=com.example.titans_project.ProfileView@a46496b
11-08 15:43:25.921 13737 13737 D LifecycleMonitor: Lifecycle status change: com.example.titans_project.ProfileView@a46496b in: DESTROYED
11-08 15:43:25.922 13737 13737 V ActivityScenario: Activity lifecycle changed event received but ignored because the intent does not match. startActivityIntent=Intent { act=android.intent.action.MAIN cat=[android.intent.category.LAUNCHER] flg=0x10008000 cmp=com.example.titans_project/.MainActivity }, activity.getIntent()=Intent { cmp=com.example.titans_project/.ProfileView }, activity=com.example.titans_project.ProfileView@a46496b
11-08 15:43:25.923 13737 13737 W WindowOnBackDispatcher: sendCancelIfRunning: isInProgress=false callback=android.view.ViewRootImpl$$ExternalSyntheticLambda11@f51afb8
11-08 15:43:25.926  1251 12035 I SpellCheckerSession: SpellCheckerSession.onClose():676 com.google.android.keyboard.client.delight5.LanguageIdentifier@e044928 is closed
11-08 15:43:25.979   589  1639 W InputManager-JNI: Input channel object 'ec58328 com.example.titans_project/com.example.titans_project.ProfileView (client)' was disposed without first being removed with the input manager!
11-08 15:43:26.026 13737 13756 D EGL_emulation: app_time_stats: avg=51.93ms min=3.51ms max=391.56ms count=24
11-08 15:43:26.074 13737 13737 I AssistStructure: Flattened final assist data: 3868 bytes, containing 1 windows, 18 views
11-08 15:43:26.173   589   710 I ImeTracker: com.example.titans_project:b0dce928: onRequestHide at ORIGIN_SERVER reason HIDE_UNSPECIFIED_WINDOW fromUser false
11-08 15:43:26.174   589   710 I ImeTracker: com.example.titans_project:b0dce928: onCancelled at PHASE_SERVER_SHOULD_HIDE
11-08 15:43:26.178  1251  1251 I GoogleInputMethodService: GoogleInputMethodService.onFinishInput():3157
11-08 15:43:26.183  1251  1251 I GoogleInputMethodService: GoogleInputMethodService.updateDeviceLockedStatus():2248 repeatCheckTimes = 0, locked = false
11-08 15:43:26.183  1251  1251 I GoogleInputMethodService: GoogleInputMethodService.onStartInput():1986 onStartInput(EditorInfo{EditorInfo{packageName=com.example.titans_project, inputType=0, inputTypeString=NULL, enableLearning=false, autoCorrection=false, autoComplete=false, imeOptions=0, privateImeOptions=null, actionName=UNSPECIFIED, actionLabel=null, initialSelStart=-1, initialSelEnd=-1, initialCapsMode=0, label=null, fieldId=0, fieldName=null, extras=null, hintText=null, hintLocales=[]}}, false)
11-08 15:43:26.183  1251  1251 I GoogleInputMethodService: GoogleInputMethodService.updateDeviceLockedStatus():2248 repeatCheckTimes = 1, locked = false
11-08 15:43:26.187  1251  1251 I AndroidIME: InputBundleManager.loadActiveInputBundleId():450 loadActiveInputBundleId: und-Latn-x-password, password
11-08 15:43:26.382 13737 13737 I ViewInteraction: Checking 'MatchesViewAssertion{viewMatcher=(view has effective visibility <VISIBLE> and view.getGlobalVisibleRect() to return non-empty rectangle)}' assertion on view an instance of android.widget.TextView and view.getText() with or without transformation to match: is "Sho H"
11-08 15:43:26.396   589  1639 V GrammaticalInflectionUtils: AttributionSource: android.content.AttributionSource@40358400 does not have READ_SYSTEM_GRAMMATICAL_GENDER permission.
11-08 15:43:26.414 13737 13737 D LifecycleMonitor: Lifecycle status change: com.example.titans_project.ProfileView@5b9897b in: PAUSED
11-08 15:43:26.415 13737 13737 V ActivityScenario: Activity lifecycle changed event received but ignored because the intent does not match. startActivityIntent=Intent { act=android.intent.action.MAIN cat=[android.intent.category.LAUNCHER] flg=0x10008000 cmp=com.example.titans_project/.MainActivity }, activity.getIntent()=Intent { cmp=com.example.titans_project/.ProfileView }, activity=com.example.titans_project.ProfileView@5b9897b
11-08 15:43:26.426   589   615 V GrammaticalInflectionUtils: AttributionSource: android.content.AttributionSource@40358400 does not have READ_SYSTEM_GRAMMATICAL_GENDER permission.
11-08 15:43:26.441  1132  1132 I TopTaskTracker: onTaskMovedToFront: (moved taskInfo to front) taskId=232, baseIntent=Intent { act=android.intent.action.MAIN cat=[android.intent.category.LAUNCHER] flg=0x10000000 cmp=com.example.titans_project.test/androidx.test.core.app.InstrumentationActivityInvoker$EmptyActivity }
11-08 15:43:26.442   376   376 D Zygote  : Forked child process 13807
11-08 15:43:26.455 13807 13807 I ns_project.test: Late-enabling -Xcheck:jni
11-08 15:43:26.493 13807 13807 I ns_project.test: Using CollectorTypeCMC GC.
11-08 15:43:26.494 13807 13807 W ns_project.test: Unexpected CPU variant for x86: x86_64.
11-08 15:43:26.494 13807 13807 W ns_project.test: Known variants: atom, sandybridge, silvermont, goldmont, goldmont-plus, goldmont-without-sha-xsaves, tremont, kabylake, default
11-08 15:43:26.507 13807 13807 D nativeloader: Load libframework-connectivity-tiramisu-jni.so using APEX ns com_android_tethering for caller /apex/com.android.tethering/javalib/framework-connectivity-t.jar: ok
11-08 15:43:26.545   453   466 I adbd    : jdwp connection from 13807
11-08 15:43:26.640   589   745 D InetDiagMessage: Destroyed 0 sockets, proto=IPPROTO_TCP, family=AF_INET, states=14
11-08 15:43:26.644   589   745 D InetDiagMessage: Destroyed 0 sockets, proto=IPPROTO_TCP, family=AF_INET6, states=14
11-08 15:43:26.644   589   745 D InetDiagMessage: Destroyed live tcp sockets for uids={10143} in 4ms
11-08 15:43:26.646   589   745 D InetDiagMessage: Destroyed 0 sockets, proto=IPPROTO_TCP, family=AF_INET, states=14
11-08 15:43:26.648   589   745 D InetDiagMessage: Destroyed 0 sockets, proto=IPPROTO_TCP, family=AF_INET6, states=14
11-08 15:43:26.649   589   745 D InetDiagMessage: Destroyed live tcp sockets for uids={20143} in 5ms
11-08 15:43:26.669 13807 13807 D CompatChangeReporter: Compat change id reported: 242716250; UID 10224; state: ENABLED
11-08 15:43:26.697   841  1073 D EGL_emulation: app_time_stats: avg=275.03ms min=14.57ms max=1943.69ms count=8
11-08 15:43:26.703 13737 13737 D VRI[MainActivity]: visibilityChanged oldVisibility=true newVisibility=false
11-08 15:43:26.722 13807 13807 D ApplicationLoaders: Returning zygote-cached class loader: /system/framework/android.test.base.jar
11-08 15:43:26.728 13807 13807 D nativeloader: Configuring clns-7 for other apk /system/framework/android.test.mock.jar. target_sdk_version=34, uses_libraries=ALL, library_path=/data/app/~~j1KjdfPOUEBsGB4Y9Lus6Q==/com.example.titans_project.test-AVf4Uf7sJtu2wN0XBtc7RQ==/lib/x86_64, permitted_path=/data:/mnt/expand:/data/user/0/com.example.titans_project.test
11-08 15:43:26.745 13807 13807 D ApplicationLoaders: Returning zygote-cached class loader: /system/framework/android.test.base.jar
11-08 15:43:26.752 13807 13807 D nativeloader: Configuring clns-8 for other apk /system/framework/android.test.runner.jar. target_sdk_version=34, uses_libraries=ALL, library_path=/data/app/~~j1KjdfPOUEBsGB4Y9Lus6Q==/com.example.titans_project.test-AVf4Uf7sJtu2wN0XBtc7RQ==/lib/x86_64, permitted_path=/data:/mnt/expand:/data/user/0/com.example.titans_project.test
11-08 15:43:26.753 13807 13807 W ziparchive: Unable to open '/data/app/~~j1KjdfPOUEBsGB4Y9Lus6Q==/com.example.titans_project.test-AVf4Uf7sJtu2wN0XBtc7RQ==/base.dm': No such file or directory
11-08 15:43:26.753 13807 13807 W ziparchive: Unable to open '/data/app/~~j1KjdfPOUEBsGB4Y9Lus6Q==/com.example.titans_project.test-AVf4Uf7sJtu2wN0XBtc7RQ==/base.dm': No such file or directory
11-08 15:43:26.789 13807 13807 D nativeloader: Configuring clns-9 for other apk /data/app/~~j1KjdfPOUEBsGB4Y9Lus6Q==/com.example.titans_project.test-AVf4Uf7sJtu2wN0XBtc7RQ==/base.apk. target_sdk_version=34, uses_libraries=, library_path=/data/app/~~j1KjdfPOUEBsGB4Y9Lus6Q==/com.example.titans_project.test-AVf4Uf7sJtu2wN0XBtc7RQ==/lib/x86_64, permitted_path=/data:/mnt/expand:/data/user/0/com.example.titans_project.test
11-08 15:43:26.817 13807 13807 V GraphicsEnvironment: Currently set values for:
11-08 15:43:26.817 13807 13807 V GraphicsEnvironment:   angle_gl_driver_selection_pkgs=[]
11-08 15:43:26.817 13807 13807 V GraphicsEnvironment:   angle_gl_driver_selection_values=[]
11-08 15:43:26.817 13807 13807 V GraphicsEnvironment: Global.Settings values are invalid: number of packages: 0, number of values: 0
11-08 15:43:26.817 13807 13807 V GraphicsEnvironment: Neither updatable production driver nor prerelease driver is supported.
11-08 15:43:26.915   589   886 W InputManager-JNI: Input channel object '1a9bed0 Toast (client)' was disposed without first being removed with the input manager!
11-08 15:43:26.985 13807 13807 W HWUI    : Unknown dataspace 0
11-08 15:43:27.013  1132  1132 I TopTaskTracker: onTaskMovedToFront: (moved taskInfo to front) taskId=231, baseIntent=Intent { act=android.intent.action.MAIN cat=[android.intent.category.LAUNCHER] flg=0x10008000 cmp=com.example.titans_project/.MainActivity }
11-08 15:43:27.027   445  1091 W ServiceManagerCppClient: Permission failure: android.permission.ACCESS_SURFACE_FLINGER from uid=10224 pid=0
11-08 15:43:27.027   445  1091 D PermissionCache: checking android.permission.ACCESS_SURFACE_FLINGER for uid=10224 => denied (334 us)
11-08 15:43:27.028   445  1091 W ServiceManagerCppClient: Permission failure: android.permission.ROTATE_SURFACE_FLINGER from uid=10224 pid=0
11-08 15:43:27.028   445  1091 D PermissionCache: checking android.permission.ROTATE_SURFACE_FLINGER for uid=10224 => denied (470 us)
11-08 15:43:27.029   445  1091 W ServiceManagerCppClient: Permission failure: android.permission.INTERNAL_SYSTEM_WINDOW from uid=10224 pid=0
11-08 15:43:27.029   445  1091 D PermissionCache: checking android.permission.INTERNAL_SYSTEM_WINDOW for uid=10224 => denied (1641 us)
11-08 15:43:27.030   445   455 W ServiceManagerCppClient: Permission failure: android.permission.ROTATE_SURFACE_FLINGER from uid=10224 pid=13807
11-08 15:43:27.030   445   455 D PermissionCache: checking android.permission.ROTATE_SURFACE_FLINGER for uid=10224 => denied (2149 us)
11-08 15:43:27.032 13807 13821 I EGL_emulation: Opening libGLESv1_CM_emulation.so
11-08 15:43:27.036 13807 13821 I EGL_emulation: Opening libGLESv2_emulation.so
11-08 15:43:27.049 13807 13821 W HWUI    : Failed to choose config with EGL_SWAP_BEHAVIOR_PRESERVED, retrying without...
11-08 15:43:27.051 13807 13821 W HWUI    : Failed to initialize 101010-2 format, error = EGL_SUCCESS
11-08 15:43:27.230   159   159 I hwservicemanager: getTransport: Cannot find entry android.hardware.graphics.mapper@4.0::IMapper/default in either framework or device VINTF manifest.
11-08 15:43:27.230 13807 13821 I Gralloc4: mapper 4.x is not supported
11-08 15:43:27.360 13737 13737 D VRI[ProfileView]: visibilityChanged oldVisibility=true newVisibility=false
11-08 15:43:27.476   589  1795 W ServiceManagerCppClient: Permission failure: android.permission.ACCESS_SURFACE_FLINGER from uid=10224 pid=0
11-08 15:43:27.476   589  1795 D PermissionCache: checking android.permission.ACCESS_SURFACE_FLINGER for uid=10224 => denied (427 us)
11-08 15:43:27.476   589  1795 W ServiceManagerCppClient: Permission failure: android.permission.ROTATE_SURFACE_FLINGER from uid=10224 pid=0
11-08 15:43:27.477   589  1795 D PermissionCache: checking android.permission.ROTATE_SURFACE_FLINGER for uid=10224 => denied (155 us)
11-08 15:43:27.477   589  1795 W ServiceManagerCppClient: Permission failure: android.permission.INTERNAL_SYSTEM_WINDOW from uid=10224 pid=0
11-08 15:43:27.477   589  1795 D PermissionCache: checking android.permission.INTERNAL_SYSTEM_WINDOW for uid=10224 => denied (75 us)
11-08 15:43:27.491 13737 13737 D VRI[ProfileView]: visibilityChanged oldVisibility=false newVisibility=true
11-08 15:43:27.656 13737 13737 D LifecycleMonitor: Lifecycle status change: com.example.titans_project.ProfileView@5b9897b in: RESUMED
