11-21 19:35:07.901   582   752 D MultiInternetWifiNetworkFactory: got request NetworkRequest [ REQUEST id=120, [ Capabilities: INTERNET&NOT_RESTRICTED&TRUSTED&NOT_VCN_MANAGED&NOT_BANDWIDTH_CONSTRAINED Uid: 10154 RequestorUid: 10154 RequestorPkg: com.google.android.apps.docs UnderlyingNetworks: Null] ]
11-21 19:35:07.903  1103  2345 I FontLog : (REDACTED) Query [%s] resolved to %s
11-21 19:35:07.904   582   616 I system_server: Background concurrent mark compact GC freed 26MB AllocSpace bytes, 44(1256KB) LOS objects, 42% free, 31MB/55MB, paused 7.148ms,25.474ms total 2.004s
11-21 19:35:07.909  2045  2842 I BugleRcsProvisioning: RcsProvisioningTrigger: Did not schedule RevokeGoogleConsentTask
11-21 19:35:07.914  2045  2411 I BugleRcsEngine: No RCS Configuration was found in Bugle for simID: redacted-pii:sim_id[chars:20,last3:897] [CONTEXT log_prefix="ProvisioningEngineDataRetriever" thread_id=66 ]
11-21 19:35:07.917   582   759 D ConnectivityService: NetReassign [120 : null  100] [c 0] [a 14] [i 0]
11-21 19:35:07.925   582   618 W system_server: ApkAssets: Deleting an ApkAssets object '<empty> and /product/priv-app/Velvet/Velvet.apk' with 1 weak references
11-21 19:35:07.927   369   369 D Zygote  : Forked child process 2878
11-21 19:35:07.928   582   618 W system_server: ApkAssets: Deleting an ApkAssets object '<empty> and /data/app/~~4HWBWauerLNSQZwl_bBw1w==/com.google.android.gms--q-pkihPRoSPUmDjOyoRPQ==/base.apk' with 1 weak references
11-21 19:35:07.928   582   618 W system_server: ApkAssets: Deleting an ApkAssets object '<empty> and /data/app/~~4HWBWauerLNSQZwl_bBw1w==/com.google.android.gms--q-pkihPRoSPUmDjOyoRPQ==/split_CronetDynamite_installtime.apk' with 1 weak references
11-21 19:35:07.928   582   618 W system_server: ApkAssets: Deleting an ApkAssets object '<empty> and /data/app/~~4HWBWauerLNSQZwl_bBw1w==/com.google.android.gms--q-pkihPRoSPUmDjOyoRPQ==/split_DynamiteModulesA_installtime.apk' with 1 weak references
11-21 19:35:07.928   582   618 W system_server: ApkAssets: Deleting an ApkAssets object '<empty> and /data/app/~~4HWBWauerLNSQZwl_bBw1w==/com.google.android.gms--q-pkihPRoSPUmDjOyoRPQ==/split_DynamiteModulesC_installtime.apk' with 1 weak references
11-21 19:35:07.928   582   618 W system_server: ApkAssets: Deleting an ApkAssets object '<empty> and /data/app/~~4HWBWauerLNSQZwl_bBw1w==/com.google.android.gms--q-pkihPRoSPUmDjOyoRPQ==/split_GoogleCertificates_installtime.apk' with 1 weak references
11-21 19:35:07.928   582   618 W system_server: ApkAssets: Deleting an ApkAssets object '<empty> and /data/app/~~4HWBWauerLNSQZwl_bBw1w==/com.google.android.gms--q-pkihPRoSPUmDjOyoRPQ==/split_MapsDynamite_installtime.apk' with 1 weak references
11-21 19:35:07.928   582   618 W system_server: ApkAssets: Deleting an ApkAssets object '<empty> and /data/app/~~4HWBWauerLNSQZwl_bBw1w==/com.google.android.gms--q-pkihPRoSPUmDjOyoRPQ==/split_MeasurementDynamite_installtime.apk' with 1 weak references
11-21 19:35:07.928   582   618 W system_server: ApkAssets: Deleting an ApkAssets object '<empty> and /data/app/~~4HWBWauerLNSQZwl_bBw1w==/com.google.android.gms--q-pkihPRoSPUmDjOyoRPQ==/split_config.en.apk' with 1 weak references
11-21 19:35:07.928   582   618 W system_server: ApkAssets: Deleting an ApkAssets object '<empty> and /data/app/~~4HWBWauerLNSQZwl_bBw1w==/com.google.android.gms--q-pkihPRoSPUmDjOyoRPQ==/split_config.xxhdpi.apk' with 1 weak references
11-21 19:35:07.929   582   618 W system_server: ApkAssets: Deleting an ApkAssets object '<empty> and /product/app/PrebuiltGmail/PrebuiltGmail.apk' with 1 weak references
11-21 19:35:07.929   582   618 W system_server: ApkAssets: Deleting an ApkAssets object '<empty> and /product/app/Drive/Drive.apk' with 1 weak references
11-21 19:35:07.930   582   618 W system_server: ApkAssets: Deleting an ApkAssets object '<empty> and /product/app/CalendarGooglePrebuilt/CalendarGooglePrebuilt.apk' with 1 weak references
11-21 19:35:07.931   582   618 W system_server: ApkAssets: Deleting an ApkAssets object '<empty> and /system/priv-app/InputDevices/InputDevices.apk' with 1 weak references
11-21 19:35:07.931  2045  2411 I BugleRcsEngine: Scheduled provisioning task with 0 seconds delay, KEEP policy, trigger is BOOT_COMPLETE, workerId is 3f54c959-1849-4a4f-89bf-4dd9dcdb1889, simId is redacted-pii:sim_id[chars:20,last3:897] [CONTEXT log_prefix="provisioning" thread_id=66 ]
11-21 19:35:07.932   582   618 W system_server: ApkAssets: Deleting an ApkAssets object '<empty> and /product/app/LatinIMEGooglePrebuilt/LatinIMEGooglePrebuilt.apk' with 1 weak references
11-21 19:35:07.934   582   618 W system_server: ApkAssets: Deleting an ApkAssets object '<empty> and /product/app/GoogleTTS/GoogleTTS.apk' with 1 weak references
11-21 19:35:07.936   582   618 W system_server: ApkAssets: Deleting an ApkAssets object '<empty> and /system_ext/app/AccessibilityMenu/AccessibilityMenu.apk' with 1 weak references
11-21 19:35:07.937   582   618 W system_server: ApkAssets: Deleting an ApkAssets object '/product/overlay/AccessibilityMenu__sdk_gphone64_x86_64__auto_generated_rro_product.apk' with 1 weak references
11-21 19:35:07.937   582   618 W system_server: ApkAssets: Deleting an ApkAssets object '<empty> and /product/app/talkback/talkback.apk' with 1 weak references
11-21 19:35:07.938   582   618 W system_server: ApkAssets: Deleting an ApkAssets object '/vendor/overlay/EmulatorTalkBackOverlay/EmulatorTalkBackOverlay.apk' with 1 weak references
11-21 19:35:07.939   582   618 W System  : A resource failed to call release.
11-21 19:35:07.939   582   618 W System  : A resource failed to call HardwareBuffer.close.
11-21 19:35:07.942  1563  2127 I CPController: register the profile change listener
11-21 19:35:07.954  1103  1103 D BoundBrokerSvc: onUnbind: Intent { act=com.google.android.gms.common.telemetry.service.START dat=chimera-action:/... cmp=com.google.android.gms/.chimera.PersistentApiService }
11-21 19:35:07.958  1651  1651 D BoundBrokerSvc: onBind: Intent { act=com.google.android.gms.audit.service.START pkg=com.google.android.gms }
11-21 19:35:07.958  1651  1651 D BoundBrokerSvc: Loading bound service for intent: Intent { act=com.google.android.gms.audit.service.START pkg=com.google.android.gms }
11-21 19:35:07.983  2552  2689 D EGL_emulation: app_time_stats: avg=167.77ms min=1.44ms max=1274.46ms count=9
11-21 19:35:08.000  1103  2345 I FontLog : (REDACTED) Fetch %s end status %s
11-21 19:35:08.003  1563  1745 I TimeContextManager: (REDACTED) #maybeCreateTimeTrigger: time trigger= %s with start time=%d, stop time=%d in seconds.
11-21 19:35:08.004  1563  1788 I CalRefreshTaskCtrl: #onDeviceInstallOrBoot(): Starting calendar refresh task.
11-21 19:35:08.005  1563  1788 I CalRefreshTaskCtrl: PCP migration is enabled for calendar, skip the refresh.
11-21 19:35:08.005  1563  1788 I CalWorkerScheduler: Scheduling calendar refresh task status check worker at device reboot or app install.
11-21 19:35:08.007  1563  1745 W TimeContextManager: #maybeCreateTimeTrigger: Stop time is less than current time, drop.
11-21 19:35:08.017  2777  2857 I AlarmClock: Connected Dock: null
11-21 19:35:08.019  1563  1776 I SettingsDataLayer.AE: Set Assistant eligibility status
11-21 19:35:08.020  1563  1776 I SettingsDataLayer.AE: Set isHotwordOpaEligible
11-21 19:35:08.044  2045  2271 I Bugle   : BroadcastReceiverAsyncWorkTracker: Ending foreground service on async work complete for broadcast of com.google.android.apps.messaging.receiver.PhoneBootAndPackageReplacedReceiver@92b199b
11-21 19:35:08.044  2552  2879 D TrafficStats: tagSocket(147) with statsTag=0xffffffff, statsUid=-1
11-21 19:35:08.054  1103  1545 E PhenotypeFlagCommitter: Retrieving snapshot for com.google.android.gms.playlog.uploader failed
11-21 19:35:08.054  1103  1545 E PhenotypeFlagCommitter: java.util.concurrent.TimeoutException: Timed out waiting for Task
11-21 19:35:08.054  1103  1545 E PhenotypeFlagCommitter: 	at drfi.n(:com.google.android.gms@244337038@24.43.37 (260800-693941914):53)
11-21 19:35:08.054  1103  1545 E PhenotypeFlagCommitter: 	at dfpf.f(:com.google.android.gms@244337038@24.43.37 (260800-693941914):11)
11-21 19:35:08.054  1103  1545 E PhenotypeFlagCommitter: 	at dfpf.j(:com.google.android.gms@244337038@24.43.37 (260800-693941914):42)
11-21 19:35:08.054  1103  1545 E PhenotypeFlagCommitter: 	at dfpf.h(:com.google.android.gms@244337038@24.43.37 (260800-693941914):4)
11-21 19:35:08.054  1103  1545 E PhenotypeFlagCommitter: 	at com.google.android.gms.clearcut.uploader.QosUploaderChimeraService.g(:com.google.android.gms@244337038@24.43.37 (260800-693941914):217)
11-21 19:35:08.054  1103  1545 E PhenotypeFlagCommitter: 	at com.google.android.gms.clearcut.uploader.QosUploaderChimeraService.a(:com.google.android.gms@244337038@24.43.37 (260800-693941914):24)
11-21 19:35:08.054  1103  1545 E PhenotypeFlagCommitter: 	at bsmp.call(:com.google.android.gms@244337038@24.43.37 (260800-693941914):32)
11-21 19:35:08.054  1103  1545 E PhenotypeFlagCommitter: 	at java.util.concurrent.FutureTask.run(FutureTask.java:264)
11-21 19:35:08.054  1103  1545 E PhenotypeFlagCommitter: 	at annu.c(:com.google.android.gms@244337038@24.43.37 (260800-693941914):50)
11-21 19:35:08.054  1103  1545 E PhenotypeFlagCommitter: 	at annu.run(:com.google.android.gms@244337038@24.43.37 (260800-693941914):76)
11-21 19:35:08.054  1103  1545 E PhenotypeFlagCommitter: 	at java.util.concurrent.ThreadPoolExecutor.runWorker(ThreadPoolExecutor.java:1145)
11-21 19:35:08.054  1103  1545 E PhenotypeFlagCommitter: 	at java.util.concurrent.ThreadPoolExecutor$Worker.run(ThreadPoolExecutor.java:644)
11-21 19:35:08.054  1103  1545 E PhenotypeFlagCommitter: 	at ante.run(:com.google.android.gms@244337038@24.43.37 (260800-693941914):8)
11-21 19:35:08.054  1103  1545 E PhenotypeFlagCommitter: 	at java.lang.Thread.run(Thread.java:1012)
11-21 19:35:08.056  2878  2878 I id.apps.restore: Using CollectorTypeCMC GC.
11-21 19:35:08.058  1103  1503 I FontLog : (REDACTED) Pulling font file for id = %d, cache size = %d
11-21 19:35:08.059  2878  2878 W id.apps.restore: Unexpected CPU variant for x86: x86_64.
11-21 19:35:08.059  2878  2878 W id.apps.restore: Known variants: atom, sandybridge, silvermont, goldmont, goldmont-plus, goldmont-without-sha-xsaves, tremont, kabylake, default
11-21 19:35:08.068  2878  2878 E id.apps.restore: Not starting debugger since process cannot load the jdwp agent.
11-21 19:35:08.074   582  1914 V GrammaticalInflectionUtils: AttributionSource: android.content.AttributionSource@7b941bed does not have READ_SYSTEM_GRAMMATICAL_GENDER permission.
11-21 19:35:08.076  2777  2777 I AlarmClock: AlarmInitReceiver android.intent.action.LOCKED_BOOT_COMPLETED
11-21 19:35:08.082  2777  2857 I AlarmClock: Connected Dock: null
11-21 19:35:08.086  2552  2744 W .titans_project: Accessing hidden method Ljava/security/spec/ECParameterSpec;->setCurveName(Ljava/lang/String;)V (unsupported, reflection, allowed)
11-21 19:35:08.087  1103  1503 I FontLog : (REDACTED) Pulling font file for id = %d, cache size = %d
11-21 19:35:08.091   424   424 I BpBinder: onLastStrongRef automatically unlinking death recipients:
11-21 19:35:08.095  1651  1651 D BoundBrokerSvc: onBind: Intent { act=com.google.android.gms.chimera.container.moduleinstall.ModuleInstallService.START dat=chimera-action:/... cmp=com.google.android.gms/.chimera.GmsApiService }
11-21 19:35:08.095  1651  1651 D BoundBrokerSvc: Loading bound service for intent: Intent { act=com.google.android.gms.chimera.container.moduleinstall.ModuleInstallService.START dat=chimera-action:/... cmp=com.google.android.gms/.chimera.GmsApiService }
11-21 19:35:08.100  2552  2552 D LifecycleMonitor: Lifecycle status change: com.example.titans_project.MainActivity@d89bf2a in: PAUSED
11-21 19:35:08.101  2552  2552 V ActivityScenario: Update currentActivityStage to PAUSED, currentActivity=com.example.titans_project.MainActivity@d89bf2a
11-21 19:35:08.102  1103  2314 W Conscrypt: Could not set socket write timeout: java.net.SocketException: Socket closed
11-21 19:35:08.107  1103  2314 W Conscrypt: 	at com.google.android.gms.org.conscrypt.Platform.setSocketWriteTimeout(:com.google.android.gms@244337038@24.43.37 (260800-693941914):204)
11-21 19:35:08.110  1103  2314 W Conscrypt: 	at com.google.android.gms.org.conscrypt.ConscryptFileDescriptorSocket.setSoWriteTimeout(:com.google.android.gms@244337038@24.43.37 (260800-693941914):4)
11-21 19:35:08.138  1103  1538 D nativeloader: Configuring clns-11 for other apk . target_sdk_version=35, uses_libraries=ALL, library_path=/data/user_de/0/com.google.android.gms/app_chimera/m/00000009/dl-TfliteDynamiteDynamite.integ_242327804100800.apk!/lib/x86_64:/data/user_de/0/com.google.android.gms/app_chimera/m/00000009/dl-TfliteDynamiteDynamite.integ_242327804100800.apk!/lib/arm64-v8a, permitted_path=/data:/mnt/expand
11-21 19:35:08.138  2045  2411 W BugleRcs: getAvailableProvisioningIds: accessing uninitialized provisioning identities.
11-21 19:35:08.138  2045  2411 W BugleRcs: dncp: FULL
11-21 19:35:08.138  2045  2411 W BugleRcs: 	at cjmd.i(PG:53)
11-21 19:35:08.138  2045  2411 W BugleRcs: 	at cjvb.q(PG:118)
11-21 19:35:08.138  2045  2411 W BugleRcs: 	at brts.a(PG:27)
11-21 19:35:08.138  2045  2411 W BugleRcs: 	at brsg.b(PG:24)
11-21 19:35:08.138  2045  2411 W BugleRcs: 	at brsg.a(PG:13)
11-21 19:35:08.138  2045  2411 W BugleRcs: 	at efhn.a(PG:14)
11-21 19:35:08.138  2045  2411 W BugleRcs: 	at eerl.a(PG:10)
11-21 19:35:08.138  2045  2411 W BugleRcs: 	at dlmg.b(PG:84)
11-21 19:35:08.138  2045  2411 W BugleRcs: 	at eegr.w(PG:11)
11-21 19:35:08.138  2045  2411 W BugleRcs: 	at eerz.run(PG:109)
11-21 19:35:08.138  2045  2411 W BugleRcs: 	at djfc.run(PG:3)
11-21 19:35:08.138  2045  2411 W BugleRcs: 	at dkqk.run(PG:21)
11-21 19:35:08.138  2045  2411 W BugleRcs: 	at crzm.run(PG:3)
11-21 19:35:08.138  2045  2411 W BugleRcs: 	at java.util.concurrent.ThreadPoolExecutor.runWorker(ThreadPoolExecutor.java:1145)
11-21 19:35:08.138  2045  2411 W BugleRcs: 	at java.util.concurrent.ThreadPoolExecutor$Worker.run(ThreadPoolExecutor.java:644)
11-21 19:35:08.138  2045  2411 W BugleRcs: 	at cryq.run(PG:6)
11-21 19:35:08.138  2045  2411 W BugleRcs: 	at java.lang.Thread.run(Thread.java:1012)
11-21 19:35:08.138  2045  2411 W BugleRcs: 	at csaw.run(PG:64)
11-21 19:35:08.138  2045  2411 W BugleRcs: getAvailableProvisioningIds: accessing uninitialized provisioning identities.
11-21 19:35:08.138  2045  2411 W BugleRcs: dncp: FULL
11-21 19:35:08.138  2045  2411 W BugleRcs: 	at cjmd.i(PG:53)
11-21 19:35:08.138  2045  2411 W BugleRcs: 	at cjvb.q(PG:169)
11-21 19:35:08.138  2045  2411 W BugleRcs: 	at brts.a(PG:27)
11-21 19:35:08.138  2045  2411 W BugleRcs: 	at brsg.b(PG:24)
11-21 19:35:08.138  2045  2411 W BugleRcs: 	at brsg.a(PG:13)
11-21 19:35:08.138  2045  2411 W BugleRcs: 	at efhn.a(PG:14)
11-21 19:35:08.138  2045  2411 W BugleRcs: 	at eerl.a(PG:10)
11-21 19:35:08.138  2045  2411 W BugleRcs: 	at dlmg.b(PG:84)
11-21 19:35:08.138  2045  2411 W BugleRcs: 	at eegr.w(PG:11)
11-21 19:35:08.138  2045  2411 W BugleRcs: 	at eerz.run(PG:109)
11-21 19:35:08.138  2045  2411 W BugleRcs: 	at djfc.run(PG:3)
11-21 19:35:08.138  2045  2411 W BugleRcs: 	at dkqk.run(PG:21)
11-21 19:35:08.138  2045  2411 W BugleRcs: 	at crzm.run(PG:3)
11-21 19:35:08.138  2045  2411 W BugleRcs: 	at java.util.concurrent.ThreadPoolExecutor.runWorker(ThreadPoolExecutor.java:1145)
11-21 19:35:08.138  2045  2411 W BugleRcs: 	at java.util.concurrent.ThreadPoolExecutor$Worker.run(ThreadPoolExecutor.java:644)
11-21 19:35:08.138  2045  2411 W BugleRcs: 	at cryq.run(PG:6)
11-21 19:35:08.138  2045  2411 W BugleRcs: 	at java.lang.Thread.run(Thread.java:1012)
11-21 19:35:08.138  2045  2411 W BugleRcs: 	at csaw.run(PG:64)
11-21 19:35:08.138  2045  2411 I BugleTransport: Retrieved RCS available simIds: []
11-21 19:35:08.139  1103  1538 D nativeloader: Load /data/user_de/0/com.google.android.gms/app_chimera/m/00000009/dl-TfliteDynamiteDynamite.integ_242327804100800.apk!/lib/x86_64/libtflite_gmscore_jni.so using isolated ns clns-11 (caller=/data/user_de/0/com.google.android.gms/app_chimera/m/00000009/dl-TfliteDynamiteDynamite.integ_242327804100800.apk): ok
11-21 19:35:08.139  2045  2164 I BugleTransport: Deregister all SIMs except for SIMs with subIds: [] from chat transport: SINGLE_REGISTRATION.
11-21 19:35:08.140  2045  2413 I RcsClientLib: Connecting RcsEngineLifecycleServiceV2
11-21 19:35:08.140  2045  2413 W RcsClientLib: No CS.apk RCS service found. Is RCS running in Bugle?
11-21 19:35:08.142  1103  1538 I TFLite-in-PlayServices: Initialized module.
11-21 19:35:08.144  2045  2413 I RcsClientLib: shouldUseCarrierServicesJibeService: false, CarrierServices rcs service found: false
11-21 19:35:08.151  2045  2842 I BugleTransport: Deregister all SIMs except for SIMs with subIds: [] from chat transport: DUAL_REGISTRATION.
11-21 19:35:08.151  2045  2171 I RcsClientLib: Connecting RcsEngineLifecycleServiceV2
11-21 19:35:08.153  2552  2552 D LifecycleMonitor: Lifecycle status change: com.example.titans_project.BrowseContentView@9ec7dd2 in: PRE_ON_CREATE
11-21 19:35:08.153  2552  2552 V ActivityScenario: Activity lifecycle changed event received but ignored because the intent does not match. startActivityIntent=Intent { act=android.intent.action.MAIN cat=[android.intent.category.LAUNCHER] flg=0x10008000 cmp=com.example.titans_project/.MainActivity }, activity.getIntent()=Intent { cmp=com.example.titans_project/.BrowseContentView }, activity=com.example.titans_project.BrowseContentView@9ec7dd2
11-21 19:35:08.154  2045  2164 I BugleTransport: Deregister all SIMs except for SIMs with subIds: [] from chat transport: TACHYGRAM.
11-21 19:35:08.187  2552  2552 D LifecycleMonitor: Lifecycle status change: com.example.titans_project.BrowseContentView@9ec7dd2 in: CREATED
11-21 19:35:08.187  2552  2552 V ActivityScenario: Activity lifecycle changed event received but ignored because the intent does not match. startActivityIntent=Intent { act=android.intent.action.MAIN cat=[android.intent.category.LAUNCHER] flg=0x10008000 cmp=com.example.titans_project/.MainActivity }, activity.getIntent()=Intent { cmp=com.example.titans_project/.BrowseContentView }, activity=com.example.titans_project.BrowseContentView@9ec7dd2
11-21 19:35:08.187  2552  2552 D LifecycleMonitor: Lifecycle status change: com.example.titans_project.BrowseContentView@9ec7dd2 in: STARTED
11-21 19:35:08.188  2552  2552 V ActivityScenario: Activity lifecycle changed event received but ignored because the intent does not match. startActivityIntent=Intent { act=android.intent.action.MAIN cat=[android.intent.category.LAUNCHER] flg=0x10008000 cmp=com.example.titans_project/.MainActivity }, activity.getIntent()=Intent { cmp=com.example.titans_project/.BrowseContentView }, activity=com.example.titans_project.BrowseContentView@9ec7dd2
11-21 19:35:08.191  2552  2552 D LifecycleMonitor: Lifecycle status change: com.example.titans_project.BrowseContentView@9ec7dd2 in: RESUMED
11-21 19:35:08.191  2552  2552 V ActivityScenario: Activity lifecycle changed event received but ignored because the intent does not match. startActivityIntent=Intent { act=android.intent.action.MAIN cat=[android.intent.category.LAUNCHER] flg=0x10008000 cmp=com.example.titans_project/.MainActivity }, activity.getIntent()=Intent { cmp=com.example.titans_project/.BrowseContentView }, activity=com.example.titans_project.BrowseContentView@9ec7dd2
11-21 19:35:08.199  1563  1592 V ClearcutMetricXmitter: Transmission is done.
11-21 19:35:08.205  1387  1961 W AiAiEcho: LyftNotificationParser Ridesharing ETA not enabled
11-21 19:35:08.206  1387  1961 I AiAiEcho: SmartspaceNotificationPredictor no parser can handle this notification or notification is invalid
11-21 19:35:08.213  1563  2127 I CtfManager: (REDACTED) remove request for trigger key: %s, isClientInitiated: %s
11-21 19:35:08.218  1651  2258 I Icing   : Usage reports ok 0, Failed Usage reports 0, indexed 0, rejected 0
11-21 19:35:08.223  2045  2171 W RcsClientLib: No CS.apk RCS service found. Is RCS running in Bugle?
11-21 19:35:08.255  2878  2878 D nativeloader: Load libframework-connectivity-tiramisu-jni.so using APEX ns com_android_tethering for caller /apex/com.android.tethering/javalib/framework-connectivity-t.jar: ok
11-21 19:35:08.294  2711  2894 D CompatChangeReporter: Compat change id reported: 253665015; UID 10154; state: ENABLED
11-21 19:35:08.297  1103  2314 W Conscrypt: Could not set socket write timeout: java.net.SocketException: Socket closed
11-21 19:35:08.297  1103  2314 W Conscrypt: 	at com.google.android.gms.org.conscrypt.Platform.setSocketWriteTimeout(:com.google.android.gms@244337038@24.43.37 (260800-693941914):204)
11-21 19:35:08.297  1103  2314 W Conscrypt: 	at com.google.android.gms.org.conscrypt.ConscryptFileDescriptorSocket.setSoWriteTimeout(:com.google.android.gms@244337038@24.43.37 (260800-693941914):4)
11-21 19:35:08.303  1651  2632 I Icing   : IndexChimeraService.getServiceInterface callingPackage=com.google.android.googlequicksearchbox componentName=AMBIENT_ASSISTANT serviceId=32
11-21 19:35:08.310  1563  2127 W A       : (REDACTED) No expiration policy for request: %s from client: %s
11-21 19:35:08.341  2045  2171 I RcsClientLib: shouldUseCarrierServicesJibeService: false, CarrierServices rcs service found: false
11-21 19:35:08.382  2777  2777 I AlarmClock: AlarmInitReceiver android.intent.action.BOOT_COMPLETED
11-21 19:35:08.391  2777  2777 D CompatChangeReporter: Compat change id reported: 194532703; UID 10160; state: ENABLED
11-21 19:35:08.395  2777  2777 W JobInfo : Job 'com.google.android.deskclock/com.android.deskclock.indexing.IndexingJobService#4369' has a deadline with no functional constraints. The deadline won't improve job execution latency. Consider removing the deadline.
11-21 19:35:08.408   413  1855 W AudioFlinger: createTrack_l(): mismatch between requested flags (00000004) and output flags (00000002)
11-21 19:35:08.465   582  1921 W JobInfo : Job 'com.google.android.deskclock/com.android.deskclock.indexing.IndexingJobService#4369' has a deadline with no functional constraints. The deadline won't improve job execution latency. Consider removing the deadline.
11-21 19:35:08.471  2045  2164 I RcsClientLib: com.google.android.rcs.client.lifecycle.RcsEngineLifecycleServiceV2 connected
11-21 19:35:08.478  1473  1501 I BugleRcsEngine: stopAllRcsTransportsExcept: ignoring stopping the RcsEngine. RcsEngine is still running [CONTEXT log_prefix="RcsEngineProxyImpl:[43bda327-b062]" thread_id=38 ]
11-21 19:35:08.481  2045  2271 I RcsClientLib: Disconnecting RcsEngineLifecycleServiceV2
11-21 19:35:08.522   413  1855 D audioserver: logFgsApiBegin: FGS Logger Transaction failed, -129
11-21 19:35:08.523   582   999 W AS.PlaybackActivityMon: No piid assigned for invalid/internal port id 15
11-21 19:35:08.532   582   626 I ActivityTaskManager: Displayed com.example.titans_project/.BrowseContentView for user 0: +414ms
11-21 19:35:08.543  1651  2632 I Icing   : IndexChimeraService.getServiceInterface callingPackage=com.google.android.gms componentName=null serviceId=30
11-21 19:35:08.553   855  2896 W HWUI    : Failed to choose config with EGL_SWAP_BEHAVIOR_PRESERVED, retrying without...
11-21 19:35:08.553   855  2896 W HWUI    : Failed to initialize 101010-2 format, error = EGL_SUCCESS
11-21 19:35:08.593  1103  1103 I TfLite  : Usage reporting not opted in -- dropping log event 1 status code 1
11-21 19:35:08.593  1103  1103 I TfLite  : Usage reporting not opted in -- dropping log event 2 status code 1
11-21 19:35:08.682  2552  2744 D FirebaseAuth: Notifying id token listeners about user ( r5de1urKjoalV4nhvmhZAYeNaTx1 ).
11-21 19:35:08.683  2552  2744 D FirebaseAuth: Notifying auth state listeners about user ( r5de1urKjoalV4nhvmhZAYeNaTx1 ).
11-21 19:35:08.744  1103  2180 I FrewleTileCacheManagerV: clear: Clearing and restarting cache [CONTEXT service_id=6 ]
11-21 19:35:08.751  1563  2127 W A       : (REDACTED) No expiration policy for request: %s from client: %s
11-21 19:35:08.755  2878  2878 D CompatChangeReporter: Compat change id reported: 242716250; UID 10136; state: ENABLED
11-21 19:35:08.778  2552  2552 D AnonymousAuthActivity: signInAnonymously:success
11-21 19:35:08.800  1563  1776 I h       : CTF Update success.
11-21 19:35:08.800   582   824 I SdkSandboxManager: Reconciling sdk data package directories for 0
11-21 19:35:08.803  1103  1260 I Multidevice: (REDACTED) [FeatureSettingsApiService] onGetService called from: %s
11-21 19:35:08.817  1563  1788 W JobInfo : Job 'com.google.android.googlequicksearchbox/com.google.android.apps.gsa.tasks.BackgroundTasksJobService#-237' has a deadline with no functional constraints. The deadline won't improve job execution latency. Consider removing the deadline.
11-21 19:35:08.819   582  1774 W JobInfo : Job 'com.google.android.googlequicksearchbox/com.google.android.apps.gsa.tasks.BackgroundTasksJobService#-237' has a deadline with no functional constraints. The deadline won't improve job execution latency. Consider removing the deadline.
11-21 19:35:08.826  1563  1788 I A       : Scheduling growth periodic tasks
11-21 19:35:08.827  1563  1788 I PcpLocalCalendarStartup: #onDeviceInstallOrBoot(): Starting PCP calendar tasks.
11-21 19:35:08.835   424   623 D PermissionCache: checking android.permission.READ_FRAME_BUFFER for uid=10180 => granted (8226 us)
11-21 19:35:08.835  2711  2827 W Phlogger: Shared storage file not found for com.google.android.libraries.notifications#com.google.android.apps.docs
11-21 19:35:08.835   424   623 D PermissionCache: checking android.permission.CAPTURE_BLACKOUT_CONTENT for uid=10180 => granted (715 us)
11-21 19:35:08.842  2711  2827 W PhClient: Shared storage file not found for com.google.android.libraries.notifications#com.google.android.apps.docs
11-21 19:35:08.847   413   523 D audioserver: logFgsApiEnd: FGS Logger Transaction failed, -129
11-21 19:35:08.852  1563  1776 I BistoSettingsListener: listener created
11-21 19:35:08.862  2552  2757 W Firestore: (25.1.1) [Firestore]: Listen for Query(target=Query(events order by __name__);limitType=LIMIT_TO_FIRST) failed: Status{code=PERMISSION_DENIED, description=Missing or insufficient permissions., cause=null}
11-21 19:35:08.865  2878  2878 D ApplicationLoaders: Returning zygote-cached class loader: /system_ext/framework/androidx.window.extensions.jar
11-21 19:35:08.865  2878  2878 D ApplicationLoaders: Returning zygote-cached class loader: /system_ext/framework/androidx.window.sidecar.jar
11-21 19:35:08.875  1563  2156 E BistoWorker: Couldn't get logged in Google account.
11-21 19:35:08.892  2878  2878 D nativeloader: InitLlndkLibrariesProduct: libEGL.so:libGLESv1_CM.so:libGLESv2.so:libGLESv3.so:libRS.so:libandroid_net.so:libapexsupport.so:libbinder_ndk.so:libc.so:libcgrouprc.so:libclang_rt.asan-x86_64-android.so:libcom.android.tethering.connectivity_native.so:libdl.so:libft2.so:liblog.so:libm.so:libmediandk.so:libnativewindow.so:libneuralnetworks.so:libselinux.so:libsync.so:libvendorsupport.so:libvndksupport.so:libvulkan.so
11-21 19:35:08.893  2878  2878 D nativeloader: Configuring product-clns-7 for unbundled product apk /product/priv-app/GoogleRestorePrebuilt-v526684/GoogleRestorePrebuilt-v526684.apk. target_sdk_version=34, uses_libraries=, library_path=/product/priv-app/GoogleRestorePrebuilt-v526684/lib/x86_64:/product/lib64:/system/product/lib64, permitted_path=/data:/mnt/expand:/data/user/0/com.google.android.apps.restore:/product/lib64:/system/product/lib64
11-21 19:35:08.894  2878  2878 D nativeloader: InitVndkspLibrariesProduct: VNDK is deprecated with product
11-21 19:35:08.905  2552  2552 E AnonymousAuthActivity: Error fetching events: PERMISSION_DENIED: Missing or insufficient permissions.
11-21 19:35:08.914  2552  2903 D ProfileInstaller: Installing profile for com.example.titans_project
11-21 19:35:08.916  2045  2164 I RcsClientLib: com.google.android.rcs.client.lifecycle.RcsEngineLifecycleServiceV2 connected
11-21 19:35:08.918   945  1167 I bt_shim_scanner: system/main/shim/le_scanning_manager.cc:179 Scan: in shim layer stopped
11-21 19:35:08.940  1308  1577 I LauncherIconVisibilityInitializer: LauncherIconVisibilityInitializer.lambda$doUpdate$1():73 doUpdate() : Visible = false
11-21 19:35:08.941   945  1124 I bluetooth: system/gd/hci/le_address_manager.cc:244 unregister_client: Client unregistered
11-21 19:35:08.942   945  1124 I bluetooth: system/gd/hci/le_address_manager.cc:248 unregister_client: Cancelled address rotation alarm
11-21 19:35:08.953  1473  1501 I BugleRcsEngine: stopAllRcsTransportsExcept: ignoring stopping the RcsEngine. RcsEngine is still running [CONTEXT log_prefix="RcsEngineProxyImpl:[43bda327-b062]" thread_id=38 ]
11-21 19:35:08.956  2045  2271 I RcsClientLib: Disconnecting RcsEngineLifecycleServiceV2
11-21 19:35:08.971   945  1167 I bt_shim_scanner: system/main/shim/le_scanning_manager.cc:361 SetScanParameters: in shim layer
11-21 19:35:08.971   945  1167 I bt_shim_scanner: system/main/shim/le_scanning_manager.cc:179 Scan: in shim layer started
11-21 19:35:08.971   945  1124 I bluetooth: system/gd/hci/le_scanning_manager.cc:636 stop_scan: Scanning already stopped, return!
11-21 19:35:09.007  2878  2878 V GraphicsEnvironment: Currently set values for:
11-21 19:35:09.007  2878  2878 V GraphicsEnvironment:   angle_gl_driver_selection_pkgs=[]
11-21 19:35:09.007  2878  2878 V GraphicsEnvironment:   angle_gl_driver_selection_values=[]
11-21 19:35:09.007  2878  2878 V GraphicsEnvironment: Global.Settings values are invalid: number of packages: 0, number of values: 0
11-21 19:35:09.007  2878  2878 V GraphicsEnvironment: Neither updatable production driver nor prerelease driver is supported.
11-21 19:35:09.008   945  1124 I bluetooth: system/gd/hci/le_address_manager.cc:226 register_client: Scheduled address rotation for first client registered
11-21 19:35:09.008   945  1124 I bluetooth: system/gd/hci/le_address_manager.cc:229 register_client: Client registered
11-21 19:35:09.069   418   441 W GpuWork : Failed to attach bpf program to power/gpu_work_period tracepoint [2(No such file or directory)]
11-21 19:35:09.088  1103  2316 I FrewleTileCacheManagerV: (REDACTED) Downloaded %d tiles
11-21 19:35:09.093  1103  2316 I FrewleTileCacheManagerV: (REDACTED) Fetched %d AP models from cache
11-21 19:35:09.094   582  1472 W AppSearchIcing: icing-search-engine.cc:321: Error: 5, Message: Failed to delete Document. namespace: VS#Pkg$VS#AndroidVDb/androidVOverlay, uri: com.google.android.deskclock$clock/builtin:AlarmInstance;Failed to find DocumentId by key: VS#Pkg$VS#AndroidVDb/androidVOverlay, com.google.android.deskclock$clock/builtin:AlarmInstance;Key not found VS#Pkg$VS#AndroidVDb/androidVOverlay in DynamicTrieKeyMapper /data/system_ce/0/appsearch/icing/document_dir/namespace_mapper/key_mapper_dir/key_mapper.
11-21 19:35:09.097   582  1472 W AppSearchIcing: icing-search-engine.cc:321: Error: 5, Message: Failed to delete Document. namespace: VS#Pkg$VS#AndroidVDb/androidVOverlay, uri: com.google.android.deskclock$clock/builtin:StopwatchLap;Failed to find DocumentId by key: VS#Pkg$VS#AndroidVDb/androidVOverlay, com.google.android.deskclock$clock/builtin:StopwatchLap;Key not found VS#Pkg$VS#AndroidVDb/androidVOverlay in DynamicTrieKeyMapper /data/system_ce/0/appsearch/icing/document_dir/namespace_mapper/key_mapper_dir/key_mapper.
11-21 19:35:09.097   582  1472 W AppSearchIcing: icing-search-engine.cc:321: Error: 5, Message: Failed to delete Document. namespace: VS#Pkg$VS#AndroidVDb/androidVOverlay, uri: com.google.android.deskclock$clock/builtin:PotentialAction;Failed to find DocumentId by key: VS#Pkg$VS#AndroidVDb/androidVOverlay, com.google.android.deskclock$clock/builtin:PotentialAction;Key not found VS#Pkg$VS#AndroidVDb/androidVOverlay in DynamicTrieKeyMapper /data/system_ce/0/appsearch/icing/document_dir/namespace_mapper/key_mapper_dir/key_mapper.
11-21 19:35:09.097   582  1472 W AppSearchIcing: icing-search-engine.cc:321: Error: 5, Message: Failed to delete Document. namespace: VS#Pkg$VS#AndroidVDb/androidVOverlay, uri: com.google.android.deskclock$clock/builtin:Stopwatch;Failed to find DocumentId by key: VS#Pkg$VS#AndroidVDb/androidVOverlay, com.google.android.deskclock$clock/builtin:Stopwatch;Key not found VS#Pkg$VS#AndroidVDb/androidVOverlay in DynamicTrieKeyMapper /data/system_ce/0/appsearch/icing/document_dir/namespace_mapper/key_mapper_dir/key_mapper.
11-21 19:35:09.097   582  1472 W AppSearchIcing: icing-search-engine.cc:321: Error: 5, Message: Failed to delete Document. namespace: VS#Pkg$VS#AndroidVDb/androidVOverlay, uri: com.google.android.deskclock$clock/builtin:Alarm;Failed to find DocumentId by key: VS#Pkg$VS#AndroidVDb/androidVOverlay, com.google.android.deskclock$clock/builtin:Alarm;Key not found VS#Pkg$VS#AndroidVDb/androidVOverlay in DynamicTrieKeyMapper /data/system_ce/0/appsearch/icing/document_dir/namespace_mapper/key_mapper_dir/key_mapper.
11-21 19:35:09.099   582  1472 W AppSearchIcing: icing-search-engine.cc:321: Error: 5, Message: Failed to delete Document. namespace: VS#Pkg$VS#AndroidVDb/androidVOverlay, uri: com.google.android.deskclock$clock/builtin:Timer;Failed to find DocumentId by key: VS#Pkg$VS#AndroidVDb/androidVOverlay, com.google.android.deskclock$clock/builtin:Timer;Key not found VS#Pkg$VS#AndroidVDb/androidVOverlay in DynamicTrieKeyMapper /data/system_ce/0/appsearch/icing/document_dir/namespace_mapper/key_mapper_dir/key_mapper.
11-21 19:35:09.102  1103  2316 I NetworkScheduler.Stats: (REDACTED) Task %s/%s finished executing. cause:%s result: %s elapsed_millis: %s uptime_millis: %s exec_start_elapsed_seconds: %s
11-21 19:35:09.127   582  1150 D WifiNl80211Manager: Scan result ready event
11-21 19:35:09.127   582  1150 D WifiNative: Scan result ready event
11-21 19:35:09.135  1103  2788 I SemanticLocation: (REDACTED) [MDD] ModelBundleMetadata: File not found: %s
11-21 19:35:09.135  1103  2788 I SemanticLocation: java.io.FileNotFoundException: /data/user/0/com.google.android.gms/files/model_bundle_metadata.pb: open failed: ENOENT (No such file or directory)
11-21 19:35:09.135  1103  2788 I SemanticLocation: 	at libcore.io.IoBridge.open(IoBridge.java:574)
11-21 19:35:09.135  1103  2788 I SemanticLocation: 	at java.io.FileInputStream.<init>(FileInputStream.java:179)
11-21 19:35:09.135  1103  2788 I SemanticLocation: 	at android.app.ContextImpl.openFileInput(ContextImpl.java:774)
11-21 19:35:09.135  1103  2788 I SemanticLocation: 	at android.content.ContextWrapper.openFileInput(ContextWrapper.java:251)
11-21 19:35:09.135  1103  2788 I SemanticLocation: 	at android.content.ContextWrapper.openFileInput(ContextWrapper.java:251)
11-21 19:35:09.135  1103  2788 I SemanticLocation: 	at android.content.ContextWrapper.openFileInput(ContextWrapper.java:251)
11-21 19:35:09.135  1103  2788 I SemanticLocation: 	at djfi.j(:com.google.android.gms@244337038@24.43.37 (260800-693941914):5)
11-21 19:35:09.135  1103  2788 I SemanticLocation: 	at djex.c(:com.google.android.gms@244337038@24.43.37 (260800-693941914):65)
11-21 19:35:09.135  1103  2788 I SemanticLocation: 	at djex.<init>(:com.google.android.gms@244337038@24.43.37 (260800-693941914):16)
11-21 19:35:09.135  1103  2788 I SemanticLocation: 	at djmq.j(:com.google.android.gms@244337038@24.43.37 (260800-693941914):18)
11-21 19:35:09.135  1103  2788 I SemanticLocation: 	at djll.run(:com.google.android.gms@244337038@24.43.37 (260800-693941914):258)
11-21 19:35:09.135  1103  2788 I SemanticLocation: 	at java.util.concurrent.Executors$RunnableAdapter.call(Executors.java:487)
11-21 19:35:09.135  1103  2788 I SemanticLocation: 	at java.util.concurrent.FutureTask.run(FutureTask.java:264)
11-21 19:35:09.135  1103  2788 I SemanticLocation: 	at annu.c(:com.google.android.gms@244337038@24.43.37 (260800-693941914):50)
11-21 19:35:09.135  1103  2788 I SemanticLocation: 	at annu.run(:com.google.android.gms@244337038@24.43.37 (260800-693941914):76)
11-21 19:35:09.135  1103  2788 I SemanticLocation: 	at java.util.concurrent.ThreadPoolExecutor.runWorker(ThreadPoolExecutor.java:1145)
11-21 19:35:09.135  1103  2788 I SemanticLocation: 	at java.util.concurrent.ThreadPoolExecutor$Worker.run(ThreadPoolExecutor.java:644)
11-21 19:35:09.135  1103  2788 I SemanticLocation: 	at ante.run(:com.google.android.gms@244337038@24.43.37 (260800-693941914):8)
11-21 19:35:09.135  1103  2788 I SemanticLocation: 	at java.lang.Thread.run(Thread.java:1012)
11-21 19:35:09.135  1103  2788 I SemanticLocation: Caused by: android.system.ErrnoException: open failed: ENOENT (No such file or directory)
11-21 19:35:09.135  1103  2788 I SemanticLocation: 	at libcore.io.Linux.open(Native Method)
11-21 19:35:09.135  1103  2788 I SemanticLocation: 	at libcore.io.ForwardingOs.open(ForwardingOs.java:563)
11-21 19:35:09.135  1103  2788 I SemanticLocation: 	at libcore.io.BlockGuardOs.open(BlockGuardOs.java:274)
11-21 19:35:09.135  1103  2788 I SemanticLocation: 	at libcore.io.ForwardingOs.open(ForwardingOs.java:563)
11-21 19:35:09.135  1103  2788 I SemanticLocation: 	at android.app.ActivityThread$AndroidOs.open(ActivityThread.java:8591)
11-21 19:35:09.135  1103  2788 I SemanticLocation: 	at libcore.io.IoBridge.open(IoBridge.java:560)
11-21 19:35:09.135  1103  2788 I SemanticLocation: 	... 18 more
11-21 19:35:09.138  1103  1109 I .gms.persistent: Background concurrent mark compact GC freed 9714KB AllocSpace bytes, 15(412KB) LOS objects, 49% free, 13MB/27MB, paused 9.705ms,59.715ms total 287.196ms
11-21 19:35:09.139  2878  2878 I MultiDex: Installing application
11-21 19:35:09.140  2878  2878 I MultiDex: VM with version 2.1.0 has multidex support
11-21 19:35:09.140  2878  2878 I MultiDex: VM has multidex support, MultiDex support library is disabled.
11-21 19:35:09.141  1103  2788 I SemanticLocation: (REDACTED) [MDD] ModelBundleMetadata: File not found: %s
11-21 19:35:09.141  1103  2788 I SemanticLocation: java.io.FileNotFoundException: /data/user/0/com.google.android.gms/files/model_bundle_metadata.pb: open failed: ENOENT (No such file or directory)
11-21 19:35:09.141  1103  2788 I SemanticLocation: 	at libcore.io.IoBridge.open(IoBridge.java:574)
11-21 19:35:09.141  1103  2788 I SemanticLocation: 	at java.io.FileInputStream.<init>(FileInputStream.java:179)
11-21 19:35:09.141  1103  2788 I SemanticLocation: 	at android.app.ContextImpl.openFileInput(ContextImpl.java:774)
11-21 19:35:09.141  1103  2788 I SemanticLocation: 	at android.content.ContextWrapper.openFileInput(ContextWrapper.java:251)
11-21 19:35:09.141  1103  2788 I SemanticLocation: 	at android.content.ContextWrapper.openFileInput(ContextWrapper.java:251)
11-21 19:35:09.141  1103  2788 I SemanticLocation: 	at android.content.ContextWrapper.openFileInput(ContextWrapper.java:251)
11-21 19:35:09.141  1103  2788 I SemanticLocation: 	at djfi.j(:com.google.android.gms@244337038@24.43.37 (260800-693941914):5)
11-21 19:35:09.141  1103  2788 I SemanticLocation: 	at djex.c(:com.google.android.gms@244337038@24.43.37 (260800-693941914):65)
11-21 19:35:09.141  1103  2788 I SemanticLocation: 	at djll.run(:com.google.android.gms@244337038@24.43.37 (260800-693941914):262)
11-21 19:35:09.141  1103  2788 I SemanticLocation: 	at java.util.concurrent.Executors$RunnableAdapter.call(Executors.java:487)
11-21 19:35:09.141  1103  2788 I SemanticLocation: 	at java.util.concurrent.FutureTask.run(FutureTask.java:264)
11-21 19:35:09.141  1103  2788 I SemanticLocation: 	at annu.c(:com.google.android.gms@244337038@24.43.37 (260800-693941914):50)
11-21 19:35:09.141  1103  2788 I SemanticLocation: 	at annu.run(:com.google.android.gms@244337038@24.43.37 (260800-693941914):76)
11-21 19:35:09.141  1103  2788 I SemanticLocation: 	at java.util.concurrent.ThreadPoolExecutor.runWorker(ThreadPoolExecutor.java:1145)
11-21 19:35:09.141  1103  2788 I SemanticLocation: 	at java.util.concurrent.ThreadPoolExecutor$Worker.run(ThreadPoolExecutor.java:644)
11-21 19:35:09.141  1103  2788 I SemanticLocation: 	at ante.run(:com.google.android.gms@244337038@24.43.37 (260800-693941914):8)
11-21 19:35:09.141  1103  2788 I SemanticLocation: 	at java.lang.Thread.run(Thread.java:1012)
11-21 19:35:09.141  1103  2788 I SemanticLocation: Caused by: android.system.ErrnoException: open failed: ENOENT (No such file or directory)
11-21 19:35:09.141  1103  2788 I SemanticLocation: 	at libcore.io.Linux.open(Native Method)
11-21 19:35:09.141  1103  2788 I SemanticLocation: 	at libcore.io.ForwardingOs.open(ForwardingOs.java:563)
11-21 19:35:09.141  1103  2788 I SemanticLocation: 	at libcore.io.BlockGuardOs.open(BlockGuardOs.java:274)
11-21 19:35:09.141  1103  2788 I SemanticLocation: 	at libcore.io.ForwardingOs.open(ForwardingOs.java:563)
11-21 19:35:09.141  1103  2788 I SemanticLocation: 	at android.app.ActivityThread$AndroidOs.open(ActivityThread.java:8591)
11-21 19:35:09.141  1103  2788 I SemanticLocation: 	at libcore.io.IoBridge.open(IoBridge.java:560)
11-21 19:35:09.141  1103  2788 I SemanticLocation: 	... 16 more
11-21 19:35:09.146  1103  1111 W .gms.persistent: ApkAssets: Deleting an ApkAssets object '<empty> and /data/app/~~4HWBWauerLNSQZwl_bBw1w==/com.google.android.gms--q-pkihPRoSPUmDjOyoRPQ==/split_CronetDynamite_installtime.apk' with 1 weak references
11-21 19:35:09.146  1103  1111 W .gms.persistent: ApkAssets: Deleting an ApkAssets object '<empty> and /data/app/~~4HWBWauerLNSQZwl_bBw1w==/com.google.android.gms--q-pkihPRoSPUmDjOyoRPQ==/split_DynamiteModulesA_installtime.apk' with 1 weak references
11-21 19:35:09.146  1103  1111 W .gms.persistent: ApkAssets: Deleting an ApkAssets object '<empty> and /data/app/~~4HWBWauerLNSQZwl_bBw1w==/com.google.android.gms--q-pkihPRoSPUmDjOyoRPQ==/split_DynamiteModulesC_installtime.apk' with 1 weak references
11-21 19:35:09.146  1103  1111 W .gms.persistent: ApkAssets: Deleting an ApkAssets object '<empty> and /data/app/~~4HWBWauerLNSQZwl_bBw1w==/com.google.android.gms--q-pkihPRoSPUmDjOyoRPQ==/split_GoogleCertificates_installtime.apk' with 1 weak references
11-21 19:35:09.146  1103  1111 W .gms.persistent: ApkAssets: Deleting an ApkAssets object '<empty> and /data/app/~~4HWBWauerLNSQZwl_bBw1w==/com.google.android.gms--q-pkihPRoSPUmDjOyoRPQ==/split_MapsDynamite_installtime.apk' with 1 weak references
11-21 19:35:09.146  1103  1111 W .gms.persistent: ApkAssets: Deleting an ApkAssets object '<empty> and /data/app/~~4HWBWauerLNSQZwl_bBw1w==/com.google.android.gms--q-pkihPRoSPUmDjOyoRPQ==/split_MeasurementDynamite_installtime.apk' with 1 weak references
11-21 19:35:09.146  1103  1111 W .gms.persistent: ApkAssets: Deleting an ApkAssets object '<empty> and /data/app/~~SSQvOr_N65ZL7xhIukG3XA==/com.example.titans_project-vb8pQJkpoigtjETuHV8Cuw==/base.apk' with 1 weak references
11-21 19:35:09.149  1651  2258 I Icing   : Usage reports ok 1, Failed Usage reports 0, indexed 0, rejected 0
11-21 19:35:09.152  1563  1563 I o       : processValidityUpdateForAllData
11-21 19:35:09.158  2552  2552 D RootViewPicker: Root not ready - waiting: 10ms for one to appear.
11-21 19:35:09.170  2552  2552 D RootViewPicker: Root not ready - waiting: 25ms for one to appear.
11-21 19:35:09.182  1103  1103 W SystemServiceRegistry: No service published for: persistent_data_block
11-21 19:35:09.199  2552  2552 D RootViewPicker: Root not ready - waiting: 50ms for one to appear.
11-21 19:35:09.207  1651  2258 I Icing   : Usage reports ok 0, Failed Usage reports 0, indexed 0, rejected 0
11-21 19:35:09.220  1103  1262 I Multidevice: (REDACTED) [byxu] accountsFlow.collect : it = %s
11-21 19:35:09.227   582   752 I HalDevMgr: bestIfaceCreationProposal is null, requestIface=STA, existingIface=[name=wlan0 type=STA]
11-21 19:35:09.247  2711  2720 W GmsIpProtection: (Possibly expected) - Error changing state for [com.google.android.apps.docs.drive.directsharing.ChooserTargetService, com.google.android.apps.docs.editors.shared.documentcreation.WidgetDocumentCreatorActivity, com.google.android.apps.docs.editors.shared.documentcreation.ExternalDocumentCreatorActivity, com.google.android.apps.docs.editors.shared.widgets.NewDocumentWidgetActivity, com.google.android.apps.docs.editors.shared.export.FileContentProvider, com.google.android.apps.docs.editors.shared.copypaste.AndroidClipboardContentProvider, com.google.android.apps.docs.editors.shared.copypaste.AndroidImageContentProvider, com.google.android.apps.docs.editors.shared.inserttool.clipboard.InsertToolClipboardContentProvider, com.google.android.apps.docs.editors.shared.inserttool.clipboard.InsertToolImageContentProvider, com.google.android.apps.docs.editors.kix.conversion.KixOnlineImportActivity, com.google.android.apps.docs.editors.ritz.conversion.RitzOnlineImportActivity, com.google.android.apps.docs.editors.punch.conversion.PunchOnlineImportActivity]
11-21 19:35:09.247  2711  2720 W GmsIpProtection: (Possibly expected) - Error changing state for [com.google.android.apps.docs.drive.directsharing.ChooserTargetService, com.google.android.apps.docs.editors.shared.documentcreation.WidgetDocumentCreatorActivity, com.google.android.apps.docs.editors.shared.documentcreation.ExternalDocumentCreatorActivity, com.google.android.apps.docs.editors.shared.widgets.NewDocumentWidgetActivity, com.google.android.apps.docs.editors.shared.export.FileContentProvider, com.google.android.apps.docs.editors.shared.copypaste.AndroidClipboardContentProvider, com.google.android.apps.docs.editors.shared.copypaste.AndroidImageContentProvider, com.google.android.apps.docs.editors.shared.inserttool.clipboard.InsertToolClipboardContentProvider, com.google.android.apps.docs.editors.shared.inserttool.clipboard.InsertToolImageContentProvider, com.google.android.apps.docs.editors.kix.conversion.KixOnlineImportActivity, com.google.android.apps.docs.editors.ritz.conversion.RitzOnlineImportActivity, com.google.android.apps.docs.editors.punch.conversion.PunchOnlineImportActivity]
11-21 19:35:09.253  2552  2552 D RootViewPicker: Root not ready - waiting: 100ms for one to appear.
11-21 19:35:09.271  1103  2316 I NetworkScheduler.Stats: (REDACTED) Task %s/%s started execution. cause:%s exec_start_elapsed_seconds: %s
11-21 19:35:09.292  1103  1260 D nativeloader: Load /data/app/~~4HWBWauerLNSQZwl_bBw1w==/com.google.android.gms--q-pkihPRoSPUmDjOyoRPQ==/base.apk!/lib/x86_64/libdatastore_shared_counter.so using ns clns-9 from class loader (caller=/data/app/~~4HWBWauerLNSQZwl_bBw1w==/com.google.android.gms--q-pkihPRoSPUmDjOyoRPQ==/base.apk!classes3.dex): ok
11-21 19:35:09.304   582   724 I ImeTracker: com.example.titans_project:41f2c5dc: onRequestHide at ORIGIN_SERVER reason HIDE_UNSPECIFIED_WINDOW fromUser false
11-21 19:35:09.305   582   724 I ImeTracker: com.example.titans_project:41f2c5dc: onCancelled at PHASE_SERVER_SHOULD_HIDE
11-21 19:35:09.306  1563  1563 I NTF.BroadcastReceiver: (REDACTED) #onReceive:%s %d
11-21 19:35:09.323  1103  2789 I Multidevice: (REDACTED) [byxl] accountInfosFlow.collect(): %s
11-21 19:35:09.334  2878  2878 D CompatChangeReporter: Compat change id reported: 3400644; UID 10136; state: ENABLED
11-21 19:35:09.345  2878  2878 I gcj     : SslGuard completed installation.
11-21 19:35:09.346  1651  2258 I Icing   : Usage reports ok 0, Failed Usage reports 0, indexed 0, rejected 0
11-21 19:35:09.355  1651  1651 D BoundBrokerSvc: onBind: Intent { act=com.google.android.gms.notifications.registration.service.NotificationsRegistrationTaskBoundService.ACTION_TASK_READY dat=chimera-action:/... cmp=com.google.android.gms/.chimera.GmsInternalBoundBrokerService }
11-21 19:35:09.357  1651  1651 D BoundBrokerSvc: Loading bound service for intent: Intent { act=com.google.android.gms.notifications.registration.service.NotificationsRegistrationTaskBoundService.ACTION_TASK_READY dat=chimera-action:/... cmp=com.google.android.gms/.chimera.GmsInternalBoundBrokerService }
11-21 19:35:09.366  2552  2552 I ViewInteraction: Checking 'MatchesViewAssertion{viewMatcher=(view has effective visibility <VISIBLE> and view.getGlobalVisibleRect() to return non-empty rectangle)}' assertion on view an instance of android.widget.TextView and view.getText() with or without transformation to match: is "Browse Content"
11-21 19:35:09.381  2552  2552 I ViewInteraction: Performing 'single click' action on view view.getId() is <2131230824/com.example.titans_project:id/back_user>
11-21 19:35:09.386  2045  2413 D MddListenableWorkerFactory: createWorker for class: com.google.android.apps.messaging.shared.datamodel.workqueue.WorkQueueWorkerShim
11-21 19:35:09.403  1308  1308 I GoogleInputMethodService: GoogleInputMethodService.onFinishInput():3157
11-21 19:35:09.411  1308  1308 I GoogleInputMethodService: GoogleInputMethodService.updateDeviceLockedStatus():2248 repeatCheckTimes = 0, locked = false
11-21 19:35:09.412  1308  1308 I GoogleInputMethodService: GoogleInputMethodService.onStartInput():1986 onStartInput(EditorInfo{EditorInfo{packageName=com.example.titans_project, inputType=0, inputTypeString=NULL, enableLearning=false, autoCorrection=false, autoComplete=false, imeOptions=0, privateImeOptions=null, actionName=UNSPECIFIED, actionLabel=null, initialSelStart=-1, initialSelEnd=-1, initialCapsMode=0, label=null, fieldId=0, fieldName=null, extras=null, hintText=null, hintLocales=[]}}, false)
11-21 19:35:09.422  1308  1308 I GoogleInputMethodService: GoogleInputMethodService.updateDeviceLockedStatus():2248 repeatCheckTimes = 1, locked = false
11-21 19:35:09.422  1308  1308 I AndroidIME: InputBundleManager.loadActiveInputBundleId():450 loadActiveInputBundleId: und-Latn-x-password, password
11-21 19:35:09.433  1563  1579 V ClearcutMetricXmitter: Transmission is done.
11-21 19:35:09.442  1387  1387 I AiAiLocation: Location change notification received from provider
11-21 19:35:09.471  1308  1308 W NotificationCenter: NotificationCenter$ListenerData.notifyOnExecutor():672 Heavy notify work detected on UI thread: |kga->jjc| takes 40ms
11-21 19:35:09.474  1563  1563 I BgTaskExecutorImpl: (REDACTED) Starting %s background task %s.
