11-08 14:54:31.416 10815 10831 I TestRunner: started: testProfilePage(com.example.titans_project.MainActivityTest)
11-08 14:54:31.420 10815 10831 W Settings: Setting always_finish_activities has moved from android.provider.Settings.System to android.provider.Settings.Global, returning read-only value.
11-08 14:54:31.424   589   710 I ImeTracker: com.google.android.apps.nexuslauncher:e8672ef4: onCancelled at PHASE_SERVER_SHOULD_HIDE
11-08 14:54:31.429   589  1809 W InputManager-JNI: Input channel object 'f84bd27 com.example.titans_project/com.example.titans_project.MainActivity (client)' was disposed without first being removed with the input manager!
11-08 14:54:31.451  1251  1251 I GoogleInputMethodService: GoogleInputMethodService.onFinishInput():3157
11-08 14:54:31.472  1251  1251 I GoogleInputMethodService: GoogleInputMethodService.updateDeviceLockedStatus():2248 repeatCheckTimes = 0, locked = false
11-08 14:54:31.473  1251  1251 I GoogleInputMethodService: GoogleInputMethodService.onStartInput():1986 onStartInput(EditorInfo{EditorInfo{packageName=com.google.android.apps.nexuslauncher, inputType=0, inputTypeString=NULL, enableLearning=false, autoCorrection=false, autoComplete=false, imeOptions=0, privateImeOptions=null, actionName=UNSPECIFIED, actionLabel=null, initialSelStart=-1, initialSelEnd=-1, initialCapsMode=0, label=null, fieldId=0, fieldName=null, extras=null, hintText=null, hintLocales=[]}}, false)
11-08 14:54:31.489  1251  1251 I GoogleInputMethodService: GoogleInputMethodService.updateDeviceLockedStatus():2248 repeatCheckTimes = 1, locked = false
11-08 14:54:31.499  1132  1547 D EGL_emulation: app_time_stats: avg=64.01ms min=4.19ms max=666.91ms count=15
11-08 14:54:31.509  1251  1251 I AndroidIME: InputBundleManager.loadActiveInputBundleId():450 loadActiveInputBundleId: und-Latn-x-password, password
11-08 14:54:31.541   589   607 V GrammaticalInflectionUtils: AttributionSource: android.content.AttributionSource@269cd2af does not have READ_SYSTEM_GRAMMATICAL_GENDER permission.
11-08 14:54:31.569   841  1073 D EGL_emulation: app_time_stats: avg=134.95ms min=2.48ms max=1180.19ms count=15
11-08 14:54:31.605   841  1038 W WindowOnBackDispatcher: sendCancelIfRunning: isInProgress=false callback=android.view.ViewRootImpl$$ExternalSyntheticLambda11@b4135de
11-08 14:54:31.611   589  1807 W InputManager-JNI: Input channel object '91abfa0 Splash Screen com.example.titans_project.test (client)' was disposed without first being removed with the input manager!
11-08 14:54:31.625  1132  1132 W SplitSelectStateCtor: Missing session instanceIds
11-08 14:54:31.626  1132  1132 D StatsLog: LAUNCHER_SPLIT_SELECTION_EXIT_INTERRUPTED
11-08 14:54:31.663 10815 10815 D LifecycleMonitor: Lifecycle status change: com.example.titans_project.MainActivity@adf38ab in: PRE_ON_CREATE
11-08 14:54:31.663 10815 10815 V ActivityScenario: Activity lifecycle changed event received but ignored because the reported transition was not ON_CREATE while the last known transition was PRE_ON_CREATE
11-08 14:54:31.671  1132  1132 I TopTaskTracker: onTaskRemoved: taskId=212
11-08 14:54:31.672  1132  1132 I TopTaskTracker: onTaskRemoved: taskId=212
11-08 14:54:31.672  1132  1132 I TopTaskTracker: onTaskMovedToFront: (moved taskInfo to front) taskId=214, baseIntent=Intent { act=android.intent.action.MAIN cat=[android.intent.category.LAUNCHER] flg=0x10008000 cmp=com.example.titans_project/.MainActivity }
11-08 14:54:31.672  1132  1132 D SearchTargetUtil: queryLength=0 size=15
11-08 14:54:31.672  1132  1132 D SearchTargetUtil: layoutType=short_icon_row resultType=131072 packageName=com.google.android.googlequicksearchbox extras=Bundle{suggestion_type=33,suggest_truncate_start=false,is_answer=false,is_entity=false,is_personal=false,suggest_raw_text=fex most mysterious song,input_query=android.app.search.Query@bed6a6b,group_id=web10900614,response_id=27197f39-003f-4a4b-98e5-78b1b97a137a,support_query_builder=false,} searchAction=fex most mysterious song searchActionExtras=Bundle{learn_more_url=https://support.google.com/websearch/answer/106230?hl=106230,suggestion_action_text=Report this,should_start_for_result=true,allow_pinning=true,skip_logging_in_target_handler=true,suggestion_action_rpc=2,}ParentID: null targetID: 39aa37cb-d777-4214-a116-60a9a6ceb120
11-08 14:54:31.672  1132  1132 D SearchTargetUtil: layoutType=extra_tall_icon_row resultType=131072 packageName=com.google.android.googlequicksearchbox extras=Bundle{bitmap_url=data:image/jpeg;base64,/9j/4AAQSkZJRgABAQAAAQABAAD/2wCEAAkGBwgHBgkIBwgKCgkLDRYPDQwMDRsUFRAWIB0iIiAdHx8kKDQsJCYxJx8fLT0tMTU3Ojo6Iys/RD84QzQ5OjcBCgoKDQwNGg8PGjclHyU3Nzc3Nzc3Nzc3Nzc3Nzc3Nzc3Nzc3Nzc3Nzc3Nzc3Nzc3Nzc3Nzc3Nzc3Nzc3Nzc3N//AABEIAHwAfAMBIgACEQEDEQH/xAAcAAABBQEBAQAAAAAAAAAAAAAGAgMEBQcBAAj/xAA7EAACAQMCAwUGBAUDBQEAAAABAgMABBEFIQYSMRMiQVFhBxQycYGRI6GxwUJSYtHhcpLwFSQzQ/EW/8QAGQEAAwEBAQAAAAAAAAAAAAAAAgMEAQUA/8QAIxEAAgICAgIBBQAAAAAAAAAAAAECEQMhEjEEIkETMlFhcf/aAAwDAQACEQMRAD8AIeWu4peK7iurZxqEcteC0vFdxXrPCOXJp8BIo2VkDOf4v5RT0MQS0kuW655U+fiarJZu0flVsDz8TUmfK/tRZ4+FVyY1qFysf4Ua5II9Tmk2V5fWYPuxWNWOSpwRUr3cyczRxM2W3PKTSBbc0nJyuX8FxvUllhITX7iNC89tbMQMmTGMfOuxatqV+pDWkMEBB/EaPvv/AKQ22P6jt6GmJ7KaARyvBKYlkQycsfMQvMM7fKqrU4r3XNVnFrPDLZTgoJYZcqQBlQRzDxzn96xsOKvsmxaahibU4CXhHSQXMpLYODsO75+GKes7qC7QmGQMynDKSMr9v1FDV1aas+hRw6tqlpbXrHNrYzBI1ZQRnc7g70xw9pV/oGoTanrEkUVotuyDEyt2hJGFXGT4U3DlcH+hWfDGa/YaYr2K7C6zRiRPhNL5a6Klas5LjTpiMV7FL5a7itsyhGK7ilYruKEMRiu4peKXCAJFLDIG5rzdKzVG3Q/qcZi0iNPIgt9f/tDskLMQ0eRjxog4jv7W10wy3c6QpJjBc49aGNC1jQ9YvZLRNVSKSPoJRy9p58uev3rmN27OokkqCrSw3uSgnDKxwM9fGp3eO7KdvpVd7/HbRiG1Z5cZ/EYBR9hUV7gAF5H28Wah4hWXPMv/ALJ0T0Q5P3ob17hyHVbszwWSl8DFwqlHJGcHmBBzvVfqfHOjaOSZLlJpR0RBzn+1CGp+2PU2lP8A02BI1Gd5d8/T/FbRl2GMPCd5atLNLGspYd+S5ftWYDoCWJOKZ/6Tw1a3YeSPT45EOxSQBT81z19ayTVuNeIdWLe96lLyN1RDyiqVbuYNkuW+deMd/B9DWl1Zm67K0niZHGyo4PKR/irHFfOlvejIPwsPEbGjHhzja/0+WOK7lN1aEgMJDl0H9J/Y1TizKKpkeXG27NaxXsU1YXlvqNqlzaSCSJuhHh6GpGKrTTJWqE4r2KXivYobDoaldYYnlkOERSzHyArMJfaTdyy3/u8aJHssHOvwDfLHzPTb+1ar0GT4VhXHt/bX+u3Bso4Y4s45o0A7TG3MfMk/lSM7ddlHjpcuit1vV77UX94u7iaUv0Ln9B0H0qpUNMwBOSaevz8C+Q6VN0Cza7uo8KeRSM+NSN0rLoxt0hy01DW7Rezh1G7iQDZRIcYqNe3mpzn/ALm9uJf9UhrQLvRorq3VSAjqMK4H/NqEtV02Wyk5LheUn4T4EelBDIpjcuB4/wCA0VOd69ipc0fKem1JRFbbxpgkjctexUtocCm3iOMjpXjaGOm9PxTFT1pHZ8wPoM0T6fwFrGpaJb6pprW9wJQT2Ikw43x47fnWpN9ASqtk7gXiKTStSRXcm2lIWVP3+YraQARkdKwzTeCuJWvEjbS5YxkZd2UKPXOa3K2iMNvFETzFECk+eBiqcLaVMhzJfArFexSsV6mWDQP8cam2l8O3EkTFZpvwYiDuC3iPkMmsBuHzIzZ64x8vCj/2ua01xqg0yJj2dqg5sHrI2/5DH3oBmQM8mDkqAKlyyuRZgjUbFTkNdLkZ+XlRdwbDiM7D4v3obt4mfUSqoJPwXOD4DlO9FnCh5LSJmGOYA4qbK9UX+OvZMKp4ZPd+ZPAVRXFo2qo0UveK9CTupo00uWHA7QA/OqfjKwuH/wC80dIo51HVdiw/Q/Wpkq2mVylemjMNSsDazvFIMMp8DsarzH3sAnNWOtXV/PNy3lskcq7EqnLmoUEDjvNmq43WznzSvR1ebGGpLluXYVKnQhAcVBEoMmH2Ga2jDqK5Y5XGQRW1+yVi3BVsCoAWSQA+feNZRa2wmtbhkcB1hkcD/SpJ/StQ9jM3a8JSR5z2N0648shT+9OwvZN5C9Q5xXcUvFcxVVkVCMU1dzpaWs1zL8EKF2+QGaeob9ot37lwdqDZw0qCFfXmIH6ZoG6QxK9GHapePqN5c3svxSyFzv4sc/ptUGPIE2Rvj96e7MtMM45A3T5bU/dWotL2eEnmBgjkyP6kVv3qQuWtC7YypeZgP/kgcMfTG/6UR6BMvuMOCNkUdelUelAFuZh3TBIM/QVM0WbFnHsDyg/Q5pU1ZRidUG9jdnZc7+YPWrvuSRjtHOPKgW0vuQZ2OD0q0W9kkhYq2FAzmppRosUk9k69TTLdi3JHzNsS4BNRp+E7bUI1m0eU7j/xzLygn+k1B0u0e/vO0uFyB8CsdvmaJH430fR5Gt7uFhdR7EMDgV6DlF6NyKMlsCuIeHdR0mBWvbVo1PRgQw+4oWmtlLdPWtT4h4ss9XsiWwVddh4VnF0qhwVBAzjBqmGTlZHlx8aZHgYWME8ijJeFo/8AcCv71pXsNkY6ZqsZHdWdGHzK/wCBWYag/ZxIo6sc/QVoXsmvbbSNP1ee4fumWNFAIJY8pO1Pg6dsjzL1ZrVdoL//AGx99AaFVtwxDj+ID51ZQ8Z6RImZJJImzjlZM/pTVmg/kk4sGpr/AIit3e6Cz8z7lSRhR5BTQxxbxRearp4tLojkWUOVC4+EeNF0mqpc2tu9laPfNId5OchAAcEn0z86zniO4F5qc7iJIow/LhTt3evz6CpYt/kt+jxp0VO8YTm2ZYSx28f+GpWsTpcahLNGMA2kK49VjRT+YqLeDLOFzzMFQZHmabduae5K7qFwCfQ/4owhyzmMCW7t8LFkJ+mP7U/pkwTmTyxt5+FQY8rbo2N174BHXerDV7eOx1BHhYdjcLzqufhz1HyzQsKLZYoWdgAT6DyqfeXiWemgtjL9BVJaS9/B/Kpd7LFKIxLglem9Bx2O5+roLuDbuJrFpeRedj8TyAA/emOMLaPVLbmPuPbKMIyyqH+XrTMOn6Nc2qJPbNE+B+JbyGMkfoT8xVJqnDtzZTMLKdb2M7qebEmPVfOgik3aY1qXGmrKWaz1OxtwZI5Y4CcZG4z6UhJlYqCTgbnNduY7yOXs5IWTHhICKj3rFHw+AxGO75U9L8kku9DV2xlmRge66930GSP2o/8AZHwy3E8l/E0ksUEbIZJEx4g7bj0rP5Gza2+CMqWXp6g9frWuewjWEsrHVrRIiZzIshYOB3SMD7EH71oDO61wbf2uojSkZ2LgkO45hIMjGMY8qqvdbK1/BnVnkTZmwwz9jWja3e++mfUI7eZ1jDQyFMsUyA2Bjpswoctou0i5ntbiRs7nJjx6YqTK23SApIe4hW24V0i3trUN2ixMFIOOdseP1Oax6Vme4WHJKg8zH06k/pRfxPrl/qiQWl+iteQkpzRrgyZx1A2z8vPpQ8+jXyXgszbSJeTHswjggj6VRDG46HzyLJTXRFmhZ1jnht3lG8sgRSeUdAfl0qJhY4JD4nA2/OtK0HQNS0DQOIdS1jntIhZiKKJlHNK2MqRn6fnQ/wAH8IS8VXosBM1vDHGTJOUyokx3FJ9T+QNMqhYKIMxMSM4hDYHln/NO3jrcWNjIebmjBif5bEEf
11-08 14:54:31.673  1132  1132 D SearchTargetUtil: layoutType=short_icon_row resultType=131072 packageName=com.google.android.googlequicksearchbox extras=Bundle{suggestion_type=33,suggest_truncate_start=false,is_answer=false,is_entity=false,is_personal=false,suggest_raw_text=texas abortion laws,input_query=android.app.search.Query@bed6a6b,group_id=web10900614,response_id=27197f39-003f-4a4b-98e5-78b1b97a137a,support_query_builder=false,} searchAction=texas abortion laws searchActionExtras=Bundle{learn_more_url=https://support.google.com/websearch/answer/106230?hl=106230,suggestion_action_text=Report this,should_start_for_result=true,allow_pinning=true,skip_logging_in_target_handler=true,suggestion_action_rpc=2,}ParentID: null targetID: 0bd8f09f-0946-4655-ade8-8e579bf985cf
11-08 14:54:31.673  1132  1132 D SearchTargetUtil: layoutType=short_icon_row resultType=131072 packageName=com.google.android.googlequicksearchbox extras=Bundle{suggestion_type=33,suggest_truncate_start=false,is_answer=false,is_entity=false,is_personal=false,suggest_raw_text=luce mascot catholic church,input_query=android.app.search.Query@bed6a6b,group_id=web10900614,response_id=27197f39-003f-4a4b-98e5-78b1b97a137a,support_query_builder=false,} searchAction=luce mascot catholic church searchActionExtras=Bundle{learn_more_url=https://support.google.com/websearch/answer/106230?hl=106230,suggestion_action_text=Report this,should_start_for_result=true,allow_pinning=true,skip_logging_in_target_handler=true,suggestion_action_rpc=2,}ParentID: null targetID: 443284d3-92f6-4d6a-aa85-803cd7b65ac0
11-08 14:54:31.673  1132  1132 D SearchTargetUtil: layoutType=short_icon_row resultType=131072 packageName=com.google.android.googlequicksearchbox extras=Bundle{suggestion_type=33,suggest_truncate_start=false,is_answer=false,is_entity=false,is_personal=false,suggest_raw_text=denver weather forecast snow totals,input_query=android.app.search.Query@bed6a6b,group_id=web10900614,response_id=27197f39-003f-4a4b-98e5-78b1b97a137a,support_query_builder=false,} searchAction=denver weather forecast snow totals searchActionExtras=Bundle{learn_more_url=https://support.google.com/websearch/answer/106230?hl=106230,suggestion_action_text=Report this,should_start_for_result=true,allow_pinning=true,skip_logging_in_target_handler=true,suggestion_action_rpc=2,}ParentID: null targetID: c37a73ba-9ada-4abb-87c4-9767e036331c
11-08 14:54:31.673  1132  1132 D SearchTargetUtil: layoutType=short_icon_row resultType=131072 packageName=com.google.android.googlequicksearchbox extras=Bundle{suggestion_type=33,suggest_truncate_start=false,is_answer=false,is_entity=false,is_personal=false,suggest_raw_text=russian north korea,input_query=android.app.search.Query@bed6a6b,group_id=web10900614,response_id=27197f39-003f-4a4b-98e5-78b1b97a137a,support_query_builder=false,} searchAction=russian north korea searchActionExtras=Bundle{learn_more_url=https://support.google.com/websearch/answer/106230?hl=106230,suggestion_action_text=Report this,should_start_for_result=true,allow_pinning=true,skip_logging_in_target_handler=true,suggestion_action_rpc=2,}ParentID: null targetID: b19854d8-ab1d-4a68-aad0-01b0b219d335
11-08 14:54:31.677  1132  1132 D SearchTargetUtil: layoutType=short_icon_row resultType=131072 packageName=com.google.android.googlequicksearchbox extras=Bundle{suggestion_type=33,suggest_truncate_start=false,is_answer=false,is_entity=false,is_personal=false,suggest_raw_text=florida qb lagway injury update,input_query=android.app.search.Query@bed6a6b,group_id=web10900614,response_id=27197f39-003f-4a4b-98e5-78b1b97a137a,support_query_builder=false,} searchAction=florida qb lagway injury update searchActionExtras=Bundle{learn_more_url=https://support.google.com/websearch/answer/106230?hl=106230,suggestion_action_text=Report this,should_start_for_result=true,allow_pinning=true,skip_logging_in_target_handler=true,suggestion_action_rpc=2,}ParentID: null targetID: 3f2d880a-cfc8-42b1-b5d2-aaba0986a595
11-08 14:54:31.677  1132  1132 D SearchTargetUtil: layoutType=short_icon_row resultType=131072 packageName=com.google.android.googlequicksearchbox extras=Bundle{suggestion_type=33,suggest_truncate_start=false,is_answer=false,is_entity=false,is_personal=false,suggest_raw_text=north korea fires missiles,input_query=android.app.search.Query@bed6a6b,group_id=web10900614,response_id=27197f39-003f-4a4b-98e5-78b1b97a137a,support_query_builder=false,} searchAction=north korea fires missiles searchActionExtras=Bundle{learn_more_url=https://support.google.com/websearch/answer/106230?hl=106230,suggestion_action_text=Report this,should_start_for_result=true,allow_pinning=true,skip_logging_in_target_handler=true,suggestion_action_rpc=2,}ParentID: null targetID: 12d780b8-6dca-4484-97d9-ca7a594be34f
11-08 14:54:31.679  1132  1132 D SearchTargetUtil: layoutType=short_icon_row resultType=131072 packageName=com.google.android.googlequicksearchbox extras=Bundle{suggestion_type=33,suggest_truncate_start=false,is_answer=false,is_entity=false,is_personal=false,suggest_raw_text=sarah cunningham missing artist,input_query=android.app.search.Query@bed6a6b,group_id=web10900614,response_id=27197f39-003f-4a4b-98e5-78b1b97a137a,support_query_builder=false,} searchAction=sarah cunningham missing artist searchActionExtras=Bundle{learn_more_url=https://support.google.com/websearch/answer/106230?hl=106230,suggestion_action_text=Report this,should_start_for_result=true,allow_pinning=true,skip_logging_in_target_handler=true,suggestion_action_rpc=2,}ParentID: null targetID: 19e6d952-6211-48da-9873-0615808f9e44
11-08 14:54:31.679  1132  1132 D SearchTargetUtil: layoutType=short_icon_row resultType=131072 packageName=com.google.android.googlequicksearchbox extras=Bundle{suggestion_type=33,suggest_truncate_start=false,is_answer=false,is_entity=false,is_personal=false,suggest_raw_text=veterans day meals,input_query=android.app.search.Query@bed6a6b,group_id=web10900614,response_id=27197f39-003f-4a4b-98e5-78b1b97a137a,support_query_builder=false,} searchAction=veterans day meals searchActionExtras=Bundle{learn_more_url=https://support.google.com/websearch/answer/106230?hl=106230,suggestion_action_text=Report this,should_start_for_result=true,allow_pinning=true,skip_logging_in_target_handler=true,suggestion_action_rpc=2,}ParentID: null targetID: 47c22ebb-e1d5-4f6c-8a97-ed8de02219bf
11-08 14:54:31.680  1132  1132 D SearchTargetUtil: layoutType=short_icon_row resultType=131072 packageName=com.google.android.googlequicksearchbox extras=Bundle{suggestion_type=33,suggest_truncate_start=false,is_answer=false,is_entity=false,is_personal=false,suggest_raw_text=us election green party,input_query=android.app.search.Query@bed6a6b,group_id=web10900614,response_id=27197f39-003f-4a4b-98e5-78b1b97a137a,support_query_builder=false,} searchAction=us election green party searchActionExtras=Bundle{learn_more_url=https://support.google.com/websearch/answer/106230?hl=106230,suggestion_action_text=Report this,should_start_for_result=true,allow_pinning=true,skip_logging_in_target_handler=true,suggestion_action_rpc=2,}ParentID: null targetID: 4810f18d-0b68-4637-b122-3b6f2d0ed857
11-08 14:54:31.680  1132  1132 D SearchTargetUtil: layoutType=short_icon_row resultType=131072 packageName=com.google.android.googlequicksearchbox extras=Bundle{suggestion_type=33,suggest_truncate_start=false,is_answer=false,is_entity=false,is_personal=false,suggest_raw_text=israeli defense minister yoav gallant,input_query=android.app.search.Query@bed6a6b,group_id=web10900614,response_id=27197f39-003f-4a4b-98e5-78b1b97a137a,support_query_builder=false,} searchAction=israeli defense minister yoav gallant searchActionExtras=Bundle{learn_more_url=https://support.google.com/websearch/answer/106230?hl=106230,suggestion_action_text=Report this,should_start_for_result=true,allow_pinning=true,skip_logging_in_target_handler=true,suggestion_action_rpc=2,}ParentID: null targetID: 09b62f2a-21ad-47c0-8b87-a334fa9a8cbc
11-08 14:54:31.680  1132  1132 D SearchTargetUtil: layoutType=short_icon_row resultType=131072 packageName=com.google.android.googlequicksearchbox extras=Bundle{suggestion_type=33,suggest_truncate_start=false,is_answer=false,is_entity=false,is_personal=false,suggest_raw_text=keon coleman injury,input_query=android.app.search.Query@bed6a6b,group_id=web10900614,response_id=27197f39-003f-4a4b-98e5-78b1b97a137a,support_query_builder=false,} searchAction=keon coleman injury searchActionExtras=Bundle{learn_more_url=https://support.google.com/websearch/answer/106230?hl=106230,suggestion_action_text=Report this,should_start_for_result=true,allow_pinning=true,skip_logging_in_target_handler=true,suggestion_action_rpc=2,}ParentID: null targetID: 3df03b02-1026-4f23-954a-95aa7f7c2a7c
11-08 14:54:31.680  1132  1132 D SearchTargetUtil: layoutType=short_icon_row resultType=131072 packageName=com.google.android.googlequicksearchbox extras=Bundle{suggestion_type=33,suggest_truncate_start=false,is_answer=false,is_entity=false,is_personal=false,suggest_raw_text=presidential election results,input_query=android.app.search.Query@bed6a6b,group_id=web10900614,response_id=27197f39-003f-4a4b-98e5-78b1b97a137a,support_query_builder=false,} searchAction=presidential election results searchActionExtras=Bundle{learn_more_url=https://support.google.com/websearch/answer/106230?hl=106230,suggestion_action_text=Report this,should_start_for_result=true,allow_pinning=true,skip_logging_in_target_handler=true,suggestion_action_rpc=2,}ParentID: null targetID: c7be76f2-6451-4887-9586-1f36568cade8
11-08 14:54:31.680  1132  1132 D SearchTargetUtil: layoutType=short_icon_row resultType=131072 packageName=com.google.android.googlequicksearchbox extras=Bundle{suggestion_type=33,suggest_truncate_start=false,is_answer=false,is_entity=false,is_personal=false,suggest_raw_text=flash flooding missouri,input_query=android.app.search.Query@bed6a6b,group_id=web10900614,response_id=27197f39-003f-4a4b-98e5-78b1b97a137a,support_query_builder=false,} searchAction=flash flooding missouri searchActionExtras=Bundle{learn_more_url=https://support.google.com/websearch/answer/106230?hl=106230,suggestion_action_text=Report this,should_start_for_result=true,allow_pinning=true,skip_logging_in_target_handler=true,suggestion_action_rpc=2,}ParentID: null targetID: 7d7cd50d-3d61-4c87-85b2-0537845e1c55
11-08 14:54:31.744 10815 10815 D AnonymousAuthActivity: User already signed in
11-08 14:54:31.796 10815 10815 D LifecycleMonitor: Lifecycle status change: com.example.titans_project.MainActivity@adf38ab in: CREATED
11-08 14:54:31.796 10815 10815 V ActivityScenario: Update currentActivityStage to CREATED, currentActivity=com.example.titans_project.MainActivity@adf38ab
11-08 14:54:31.798 10815 10815 D LifecycleMonitor: Lifecycle status change: com.example.titans_project.MainActivity@adf38ab in: STARTED
11-08 14:54:31.798 10815 10815 V ActivityScenario: Update currentActivityStage to STARTED, currentActivity=com.example.titans_project.MainActivity@adf38ab
11-08 14:54:31.806 10815 10815 D LifecycleMonitor: Lifecycle status change: com.example.titans_project.MainActivity@adf38ab in: RESUMED
11-08 14:54:31.806 10815 10815 V ActivityScenario: Update currentActivityStage to RESUMED, currentActivity=com.example.titans_project.MainActivity@adf38ab
11-08 14:54:31.812 10875 10875 D VRI[InstrumentationActivityInvoker$EmptyActivity]: visibilityChanged oldVisibility=true newVisibility=false
11-08 14:54:31.851   589   745 D InetDiagMessage: Destroyed 0 sockets, proto=IPPROTO_TCP, family=AF_INET, states=14
11-08 14:54:31.852   589   745 D InetDiagMessage: Destroyed 0 sockets, proto=IPPROTO_TCP, family=AF_INET6, states=14
11-08 14:54:31.852   589   745 D InetDiagMessage: Destroyed live tcp sockets for uids={10102} in 2ms
11-08 14:54:31.853 10815 10815 D AnonymousAuthActivity: Event(Orange Monkey, null) fetched
11-08 14:54:31.854 10815 10815 D AnonymousAuthActivity: Event(fakeEventTitle, null) fetched
11-08 14:54:31.854 10815 10815 D AnonymousAuthActivity: Event(testEventTitle, null) fetched
11-08 14:54:31.989   589   612 W ziparchive: Unable to open '/data/app/~~bqoH5gK_9gQY_DuYSu6FYA==/com.example.titans_project-QUvj1pCANrfHS8AXEmjJHA==/base.dm': No such file or directory
11-08 14:54:31.991   589   612 I ActivityTaskManager: Displayed com.example.titans_project/.MainActivity for user 0: +449ms
11-08 14:54:32.014 10875 10875 W WindowOnBackDispatcher: sendCancelIfRunning: isInProgress=false callback=android.view.ViewRootImpl$$ExternalSyntheticLambda11@33203c4
11-08 14:54:32.016   589  1807 W InputManager-JNI: Input channel object '7885ccd com.example.titans_project.test/androidx.test.core.app.InstrumentationActivityInvoker$EmptyActivity (client)' was disposed without first being removed with the input manager!
11-08 14:54:32.028   589   710 I ImeTracker: com.example.titans_project:18d5e6e3: onRequestHide at ORIGIN_SERVER reason HIDE_UNSPECIFIED_WINDOW fromUser false
11-08 14:54:32.030   589   710 I ImeTracker: com.example.titans_project:18d5e6e3: onCancelled at PHASE_SERVER_SHOULD_HIDE
11-08 14:54:32.036  1251  1251 I GoogleInputMethodService: GoogleInputMethodService.onFinishInput():3157
11-08 14:54:32.040  1251  1251 I GoogleInputMethodService: GoogleInputMethodService.updateDeviceLockedStatus():2248 repeatCheckTimes = 0, locked = false
11-08 14:54:32.048  1251  1251 I GoogleInputMethodService: GoogleInputMethodService.onStartInput():1986 onStartInput(EditorInfo{EditorInfo{packageName=com.example.titans_project, inputType=0, inputTypeString=NULL, enableLearning=false, autoCorrection=false, autoComplete=false, imeOptions=0, privateImeOptions=null, actionName=UNSPECIFIED, actionLabel=null, initialSelStart=-1, initialSelEnd=-1, initialCapsMode=0, label=null, fieldId=0, fieldName=null, extras=null, hintText=null, hintLocales=[]}}, false)
11-08 14:54:32.049  1251  1251 I GoogleInputMethodService: GoogleInputMethodService.updateDeviceLockedStatus():2248 repeatCheckTimes = 1, locked = false
11-08 14:54:32.049  1251  1251 I AndroidIME: InputBundleManager.loadActiveInputBundleId():450 loadActiveInputBundleId: und-Latn-x-password, password
11-08 14:54:32.074  1251  1251 W NotificationCenter: NotificationCenter$ListenerData.notifyOnExecutor():672 Heavy notify work detected on UI thread: |kga->jjc| takes 21ms
11-08 14:54:32.082  1132  1132 I TopTaskTracker: onTaskRemoved: taskId=213
11-08 14:54:32.083  1132  1132 I TopTaskTracker: onTaskRemoved: taskId=213
11-08 14:54:32.140   589   745 D InetDiagMessage: Destroyed 0 sockets, proto=IPPROTO_TCP, family=AF_INET, states=14
11-08 14:54:32.143   589   745 D InetDiagMessage: Destroyed 0 sockets, proto=IPPROTO_TCP, family=AF_INET6, states=14
11-08 14:54:32.144   589   745 D InetDiagMessage: Destroyed live tcp sockets for uids={10142} in 6ms
11-08 14:54:32.151  1132  1132 D VRI[NexusLauncherActivity]: visibilityChanged oldVisibility=true newVisibility=false
11-08 14:54:32.155  1132  1132 D NexusLauncherModelDelegate: notifySmartspaceEvent: SmartspaceTargetEvent{mSmartspaceTarget=null, mSmartspaceActionId='null', mEventType=7}
11-08 14:54:32.168 10815 10831 W SurfaceComposerClient: Sync transaction timed out waiting for commit callback.
11-08 14:54:32.176 10815 10815 I ViewInteraction: Performing 'single click' action on view view.getId() is <2131231126/com.example.titans_project:id/profile_button>
11-08 14:54:32.185  1132  1132 D BaseDepthController: setSurface:
11-08 14:54:32.185  1132  1132 D BaseDepthController: 	mWaitingOnSurfaceValidity: false
11-08 14:54:32.185  1132  1132 D BaseDepthController: 	mSurface: null
11-08 14:54:32.185  1132  1132 D BaseDepthController: mSurface is null and mCurrentBlur is: 0
11-08 14:54:32.186  1132  1132 D StateManager: goToState - fromState: Normal, toState: Normal, partial trace:
11-08 14:54:32.186  1132  1132 D StateManager: 	at com.android.launcher3.statemanager.StateManager.moveToRestState(go/retraceme 2855a437b73635ce9cad76b9289087e631bbb67fc90008a0da13d343a00e5041:4)
11-08 14:54:32.186  1132  1132 D StateManager: 	at com.android.launcher3.statemanager.StateManager.moveToRestState(go/retraceme 2855a437b73635ce9cad76b9289087e631bbb67fc90008a0da13d343a00e5041:1)
11-08 14:54:32.186  1132  1132 D StateManager: 	at com.android.launcher3.statemanager.StatefulActivity.onStop(go/retraceme 2855a437b73635ce9cad76b9289087e631bbb67fc90008a0da13d343a00e5041:34)
11-08 14:54:32.186  1132  1132 D StatsLog: LAUNCHER_ONSTOP
11-08 14:54:32.189  1132  1132 D StatsLog: LAUNCHER_GOOGLE_SEARCH_RESTORE_LIST_SIZE_AFTER_ACTIVITY_RESTART
11-08 14:54:32.195  1132  1634 D OneSearchSuggestProvider: Shut down the binder channel
11-08 14:54:32.196  1132  1145 I IPCThreadState: oneway function results for code 2 on binder at 0x7134c0d4f1e0 will be dropped but finished with status UNKNOWN_TRANSACTION
11-08 14:54:32.283   841  1038 W WindowOnBackDispatcher: sendCancelIfRunning: isInProgress=false callback=android.view.ViewRootImpl$$ExternalSyntheticLambda11@db43ff0
11-08 14:54:32.287   589  1383 W InputManager-JNI: Input channel object 'e2d8fb7 Splash Screen com.example.titans_project (client)' was disposed without first being removed with the input manager!
11-08 14:54:32.369   436  7080 D audioserver: logFgsApiBegin: FGS Logger Transaction failed, -129
11-08 14:54:32.369   589   607 W AS.PlaybackActivityMon: No piid assigned for invalid/internal port id 15
11-08 14:54:32.374   589   889 V GrammaticalInflectionUtils: AttributionSource: android.content.AttributionSource@269cd2af does not have READ_SYSTEM_GRAMMATICAL_GENDER permission.
11-08 14:54:32.377   436   541 D AudioFlinger: mixer(0x79f1966e58e0) throttle end: throttle time(38)
11-08 14:54:32.397 10815 10815 D LifecycleMonitor: Lifecycle status change: com.example.titans_project.MainActivity@adf38ab in: PAUSED
11-08 14:54:32.398 10815 10815 V ActivityScenario: Update currentActivityStage to PAUSED, currentActivity=com.example.titans_project.MainActivity@adf38ab
11-08 14:54:32.401   445   445 I BpBinder: onLastStrongRef automatically unlinking death recipients:
11-08 14:54:32.460 10815 10815 D LifecycleMonitor: Lifecycle status change: com.example.titans_project.ProfileView@26aee27 in: PRE_ON_CREATE
11-08 14:54:32.460 10815 10815 V ActivityScenario: Activity lifecycle changed event received but ignored because the intent does not match. startActivityIntent=Intent { act=android.intent.action.MAIN cat=[android.intent.category.LAUNCHER] flg=0x10008000 cmp=com.example.titans_project/.MainActivity }, activity.getIntent()=Intent { cmp=com.example.titans_project/.ProfileView }, activity=com.example.titans_project.ProfileView@26aee27
11-08 14:54:32.536   436   541 D audioserver: logFgsApiEnd: FGS Logger Transaction failed, -129
11-08 14:54:32.579   841  1073 D EGL_emulation: app_time_stats: avg=219.65ms min=16.72ms max=1938.44ms count=10
11-08 14:54:32.662   589   602 I system_server: NativeAlloc concurrent mark compact GC freed 19MB AllocSpace bytes, 32(992KB) LOS objects, 44% free, 30MB/54MB, paused 1.839ms,8.571ms total 259.931ms
11-08 14:54:32.673   589   604 W system_server: ApkAssets: Deleting an ApkAssets object '<empty> and /system_ext/app/AccessibilityMenu/AccessibilityMenu.apk' with 1 weak references
11-08 14:54:32.673   589   604 W system_server: ApkAssets: Deleting an ApkAssets object '/product/overlay/AccessibilityMenu__sdk_gphone64_x86_64__auto_generated_rro_product.apk' with 1 weak references
11-08 14:54:32.673   589   604 W system_server: ApkAssets: Deleting an ApkAssets object '<empty> and /product/app/talkback/talkback.apk' with 1 weak references
11-08 14:54:32.674   589   604 W system_server: ApkAssets: Deleting an ApkAssets object '/vendor/overlay/EmulatorTalkBackOverlay/EmulatorTalkBackOverlay.apk' with 1 weak references
11-08 14:54:32.675   589   604 W system_server: ApkAssets: Deleting an ApkAssets object '<empty> and /product/app/LatinIMEGooglePrebuilt/LatinIMEGooglePrebuilt.apk' with 1 weak references
11-08 14:54:32.676   589   604 W system_server: ApkAssets: Deleting an ApkAssets object '<empty> and /product/app/GoogleTTS/GoogleTTS.apk' with 1 weak references
11-08 14:54:32.677   589   604 W system_server: ApkAssets: Deleting an ApkAssets object '<empty> and /system/priv-app/InputDevices/InputDevices.apk' with 1 weak references
11-08 14:54:32.677   589   604 W system_server: ApkAssets: Deleting an ApkAssets object '<empty> and /data/app/~~4HWBWauerLNSQZwl_bBw1w==/com.google.android.gms--q-pkihPRoSPUmDjOyoRPQ==/base.apk' with 1 weak references
11-08 14:54:32.678   589   604 W system_server: ApkAssets: Deleting an ApkAssets object '<empty> and /data/app/~~4HWBWauerLNSQZwl_bBw1w==/com.google.android.gms--q-pkihPRoSPUmDjOyoRPQ==/split_CronetDynamite_installtime.apk' with 1 weak references
11-08 14:54:32.678   589   604 W system_server: ApkAssets: Deleting an ApkAssets object '<empty> and /data/app/~~4HWBWauerLNSQZwl_bBw1w==/com.google.android.gms--q-pkihPRoSPUmDjOyoRPQ==/split_DynamiteModulesA_installtime.apk' with 1 weak references
11-08 14:54:32.679   589   604 W system_server: ApkAssets: Deleting an ApkAssets object '<empty> and /data/app/~~4HWBWauerLNSQZwl_bBw1w==/com.google.android.gms--q-pkihPRoSPUmDjOyoRPQ==/split_DynamiteModulesC_installtime.apk' with 1 weak references
11-08 14:54:32.679   589   604 W system_server: ApkAssets: Deleting an ApkAssets object '<empty> and /data/app/~~4HWBWauerLNSQZwl_bBw1w==/com.google.android.gms--q-pkihPRoSPUmDjOyoRPQ==/split_GoogleCertificates_installtime.apk' with 1 weak references
11-08 14:54:32.679   589   604 W system_server: ApkAssets: Deleting an ApkAssets object '<empty> and /data/app/~~4HWBWauerLNSQZwl_bBw1w==/com.google.android.gms--q-pkihPRoSPUmDjOyoRPQ==/split_MapsDynamite_installtime.apk' with 1 weak references
11-08 14:54:32.679   589   604 W system_server: ApkAssets: Deleting an ApkAssets object '<empty> and /data/app/~~4HWBWauerLNSQZwl_bBw1w==/com.google.android.gms--q-pkihPRoSPUmDjOyoRPQ==/split_MeasurementDynamite_installtime.apk' with 1 weak references
11-08 14:54:32.679   589   604 W system_server: ApkAssets: Deleting an ApkAssets object '<empty> and /data/app/~~4HWBWauerLNSQZwl_bBw1w==/com.google.android.gms--q-pkihPRoSPUmDjOyoRPQ==/split_config.en.apk' with 1 weak references
11-08 14:54:32.679   589   604 W system_server: ApkAssets: Deleting an ApkAssets object '<empty> and /data/app/~~4HWBWauerLNSQZwl_bBw1w==/com.google.android.gms--q-pkihPRoSPUmDjOyoRPQ==/split_config.xxhdpi.apk' with 1 weak references
11-08 14:54:32.680   589   604 W system_server: ApkAssets: Deleting an ApkAssets object '<empty> and /product/app/PrebuiltGmail/PrebuiltGmail.apk' with 1 weak references
11-08 14:54:32.681   589   604 W system_server: ApkAssets: Deleting an ApkAssets object '<empty> and /product/app/Drive/Drive.apk' with 1 weak references
11-08 14:54:32.681   589   604 W system_server: ApkAssets: Deleting an ApkAssets object '<empty> and /product/app/CalendarGooglePrebuilt/CalendarGooglePrebuilt.apk' with 1 weak references
11-08 14:54:32.682   589   604 W system_server: ApkAssets: Deleting an ApkAssets object '<empty> and /product/priv-app/Velvet/Velvet.apk' with 1 weak references
11-08 14:54:32.688   589   604 W System  : A resource failed to call release.
11-08 14:54:32.689   589   604 W System  : A resource failed to call HardwareBuffer.close.
11-08 14:54:32.689   589   604 W System  : A resource failed to call release.
11-08 14:54:32.690   589   604 W System  : A resource failed to call HardwareBuffer.close.
11-08 14:54:32.690   589   604 W System  : A resource failed to call release.
11-08 14:54:32.691   589   604 W System  : A resource failed to call release.
11-08 14:54:32.691   589   604 W System  : A resource failed to call release.
11-08 14:54:32.723 10815 10815 D LifecycleMonitor: Lifecycle status change: com.example.titans_project.ProfileView@26aee27 in: CREATED
11-08 14:54:32.723 10815 10815 V ActivityScenario: Activity lifecycle changed event received but ignored because the intent does not match. startActivityIntent=Intent { act=android.intent.action.MAIN cat=[android.intent.category.LAUNCHER] flg=0x10008000 cmp=com.example.titans_project/.MainActivity }, activity.getIntent()=Intent { cmp=com.example.titans_project/.ProfileView }, activity=com.example.titans_project.ProfileView@26aee27
11-08 14:54:32.724 10815 10815 D LifecycleMonitor: Lifecycle status change: com.example.titans_project.ProfileView@26aee27 in: STARTED
11-08 14:54:32.725 10815 10815 V ActivityScenario: Activity lifecycle changed event received but ignored because the intent does not match. startActivityIntent=Intent { act=android.intent.action.MAIN cat=[android.intent.category.LAUNCHER] flg=0x10008000 cmp=com.example.titans_project/.MainActivity }, activity.getIntent()=Intent { cmp=com.example.titans_project/.ProfileView }, activity=com.example.titans_project.ProfileView@26aee27
11-08 14:54:32.729 10815 10815 D LifecycleMonitor: Lifecycle status change: com.example.titans_project.ProfileView@26aee27 in: RESUMED
11-08 14:54:32.729 10815 10815 V ActivityScenario: Activity lifecycle changed event received but ignored because the intent does not match. startActivityIntent=Intent { act=android.intent.action.MAIN cat=[android.intent.category.LAUNCHER] flg=0x10008000 cmp=com.example.titans_project/.MainActivity }, activity.getIntent()=Intent { cmp=com.example.titans_project/.ProfileView }, activity=com.example.titans_project.ProfileView@26aee27
11-08 14:54:32.812   589  1383 W InputManager-JNI: Input channel object '805a140 Toast (client)' was disposed without first being removed with the input manager!
11-08 14:54:32.999 10815 10833 D EGL_emulation: app_time_stats: avg=18.74ms min=2.50ms max=91.72ms count=44
11-08 14:54:33.011   589   612 I ActivityTaskManager: Displayed com.example.titans_project/.ProfileView for user 0: +636ms
11-08 14:54:33.068 10815 10815 D Firestore: Document exists. Data: {full_name=Sho, Applicate Events={}, My Events={event name=1}, phone_number=, facility=, notifications=false, email=}
11-08 14:54:33.108  1251  1251 W AndroidSpellCheckerService: AndroidSpellCheckerService.initialize():73 initialize...
11-08 14:54:33.108  1251  1251 I ShortcutsDataManager: ShortcutsDataManager.onContentChanged():72 onContentChanged()
11-08 14:54:33.108  1251  1251 I ContactsDataManager: ContactsDataManager.onContentChanged():159 onContentChanged()
11-08 14:54:33.109  1251  1251 W AndroidSpellCheckerService: AndroidSpellCheckerService.initialize():83 initialize...done
11-08 14:54:33.118  1251  1264 I AndroidSpellCheckerService: AndroidSpellCheckerService.createSession():139 com.google.android.keyboard.client.delight5.LanguageIdentifier@b85a0a9 is created
11-08 14:54:33.220 10815 10815 I AssistStructure: Flattened final assist data: 3860 bytes, containing 1 windows, 18 views
11-08 14:54:33.346   589   710 I ImeTracker: com.example.titans_project:4b166057: onRequestHide at ORIGIN_SERVER reason HIDE_UNSPECIFIED_WINDOW fromUser false
11-08 14:54:33.346   589   710 I ImeTracker: com.example.titans_project:4b166057: onCancelled at PHASE_SERVER_SHOULD_HIDE
11-08 14:54:33.348  1251  1251 I GoogleInputMethodService: GoogleInputMethodService.onFinishInput():3157
11-08 14:54:33.352  1251  1251 I GoogleInputMethodService: GoogleInputMethodService.updateDeviceLockedStatus():2248 repeatCheckTimes = 0, locked = false
11-08 14:54:33.353  1251  1251 I GoogleInputMethodService: GoogleInputMethodService.onStartInput():1986 onStartInput(EditorInfo{EditorInfo{packageName=com.example.titans_project, inputType=0, inputTypeString=NULL, enableLearning=false, autoCorrection=false, autoComplete=false, imeOptions=0, privateImeOptions=null, actionName=UNSPECIFIED, actionLabel=null, initialSelStart=-1, initialSelEnd=-1, initialCapsMode=0, label=null, fieldId=0, fieldName=null, extras=null, hintText=null, hintLocales=[]}}, false)
11-08 14:54:33.355  1251  1251 I GoogleInputMethodService: GoogleInputMethodService.updateDeviceLockedStatus():2248 repeatCheckTimes = 1, locked = false
11-08 14:54:33.356  1251  1251 I AndroidIME: InputBundleManager.loadActiveInputBundleId():450 loadActiveInputBundleId: und-Latn-x-password, password
11-08 14:54:33.361  1251  1251 I ShortcutsDataManager: AbstractContentDataManager.startImportContentTask():240 startImportContentTask()
11-08 14:54:33.364  1251  1859 I ShortcutsDataManager: AbstractContentDataManager$ImportContentTask.doInBackground():255 doInBackground()
11-08 14:54:33.365  1251  1859 I PersonalDictionaryDataHandler: PersonalDictionaryDataHandler.beginProcess():114 LanguageTags = [en-US]
11-08 14:54:33.398  1251  1859 I ShortcutsDataManager: AbstractContentDataManager.importRecords():345 importRecords() : Success : Count = 0
11-08 14:54:33.400  1251  1859 I ShortcutsDataManager: AbstractContentDataManager.importContentData():295 importContentData() : Ending import process
11-08 14:54:33.403  1251  1857 I Delight5Decoder: Delight5DecoderWrapper.unloadLanguageModel():943 unloadLanguageModel() : 4, version [n/a]
11-08 14:54:33.465  1251  1859 I PersonalLanguageModelUpdater: PersonalLanguageModelUpdater$UpdateOperation.performInternal():165 run() : Added 0 words and 0 shortcuts
11-08 14:54:33.465  1251  1859 I DynamicLanguageModelOperation: DynamicLanguageModelOperation.perform():43 perform() : 4 : dxm : Completed
11-08 14:54:33.467  1251  1857 I Delight5Decoder: Delight5DecoderWrapper.loadLanguageModel():730 loadLanguageModel() : 4, version [n/a]
11-08 14:54:33.468  1251  1857 I Delight5Decoder: Delight5DecoderWrapper.loadLanguageModel():771 Loaded dynamic LM 4.en
11-08 14:54:33.475  1251  1251 I ShortcutsDataManager: AbstractContentDataManager$ImportContentTask.onPostExecute():266 onPostExecute() : Result = [2,0]
11-08 14:54:33.476  1251  1251 I ShortcutsDataManager: ShortcutsDataManager.onImportFinished():82 onImportFinished() : Result = 2 : Count = 0
11-08 14:54:33.521   589   745 D InetDiagMessage: Destroyed 0 sockets, proto=IPPROTO_TCP, family=AF_INET, states=14
11-08 14:54:33.528   589   745 D InetDiagMessage: Destroyed 0 sockets, proto=IPPROTO_TCP, family=AF_INET6, states=14
11-08 14:54:33.528   589   745 D InetDiagMessage: Destroyed live tcp sockets for uids={10143} in 8ms
11-08 14:54:33.529   589   745 D InetDiagMessage: Destroyed 0 sockets, proto=IPPROTO_TCP, family=AF_INET, states=14
11-08 14:54:33.529   589   745 D InetDiagMessage: Destroyed 0 sockets, proto=IPPROTO_TCP, family=AF_INET6, states=14
11-08 14:54:33.529   589   745 D InetDiagMessage: Destroyed live tcp sockets for uids={20143} in 1ms
11-08 14:54:33.668 10815 10820 W .titans_project: Cleared Reference was only reachable from finalizer (only reported once)
11-08 14:54:33.720 10815 10815 D VRI[MainActivity]: visibilityChanged oldVisibility=true newVisibility=false
11-08 14:54:33.731 10815 10815 D LifecycleMonitor: Lifecycle status change: com.example.titans_project.MainActivity@adf38ab in: STOPPED
11-08 14:54:33.731 10815 10815 V ActivityScenario: Update currentActivityStage to STOPPED, currentActivity=com.example.titans_project.MainActivity@adf38ab
11-08 14:54:33.747 10815 10815 I ViewInteraction: Checking 'MatchesViewAssertion{viewMatcher=(view has effective visibility <VISIBLE> and view.getGlobalVisibleRect() to return non-empty rectangle)}' assertion on view an instance of android.widget.TextView and view.getText() with or without transformation to match: is "Profile"
11-08 14:54:33.766   589   607 V GrammaticalInflectionUtils: AttributionSource: android.content.AttributionSource@328ebf08 does not have READ_SYSTEM_GRAMMATICAL_GENDER permission.
11-08 14:54:33.782  1132  1132 I TopTaskTracker: onTaskMovedToFront: (moved taskInfo to front) taskId=215, baseIntent=Intent { act=android.intent.action.MAIN cat=[android.intent.category.LAUNCHER] flg=0x10000000 cmp=com.example.titans_project.test/androidx.test.core.app.InstrumentationActivityInvoker$EmptyActivity }
11-08 14:54:33.783 10815 10815 D LifecycleMonitor: Lifecycle status change: com.example.titans_project.ProfileView@26aee27 in: PAUSED
11-08 14:54:33.784 10815 10815 V ActivityScenario: Activity lifecycle changed event received but ignored because the intent does not match. startActivityIntent=Intent { act=android.intent.action.MAIN cat=[android.intent.category.LAUNCHER] flg=0x10008000 cmp=com.example.titans_project/.MainActivity }, activity.getIntent()=Intent { cmp=com.example.titans_project/.ProfileView }, activity=com.example.titans_project.ProfileView@26aee27
11-08 14:54:33.784   445   445 I BpBinder: onLastStrongRef automatically unlinking death recipients:
11-08 14:54:33.874 10875 10890 I EGL_emulation: Opening libGLESv1_CM_emulation.so
11-08 14:54:33.875 10875 10890 I EGL_emulation: Opening libGLESv2_emulation.so
11-08 14:54:33.980 10875 10890 W HWUI    : Failed to choose config with EGL_SWAP_BEHAVIOR_PRESERVED, retrying without...
11-08 14:54:33.981 10875 10890 W HWUI    : Failed to initialize 101010-2 format, error = EGL_SUCCESS
11-08 14:54:33.985 10815 10815 D LifecycleMonitor: Lifecycle status change: com.example.titans_project.MainActivity@adf38ab in: DESTROYED
11-08 14:54:33.986 10815 10815 V ActivityScenario: Update currentActivityStage to DESTROYED, currentActivity=null
11-08 14:54:33.986 10815 10815 W WindowOnBackDispatcher: sendCancelIfRunning: isInProgress=false callback=android.view.ViewRootImpl$$ExternalSyntheticLambda11@16d564f
11-08 14:54:34.076   589  1807 W InputManager-JNI: Input channel object '4cc96cb com.example.titans_project/com.example.titans_project.MainActivity (client)' was disposed without first being removed with the input manager!
11-08 14:54:34.119  1132  1139 W s.nexuslauncher: ApkAssets: Deleting an ApkAssets object '<empty> and /data/app/~~bqoH5gK_9gQY_DuYSu6FYA==/com.example.titans_project-QUvj1pCANrfHS8AXEmjJHA==/base.apk' with 1 weak references
11-08 14:54:34.121  1132  1139 W System  : A resource failed to call release.
11-08 14:54:34.122  1132  1139 W System  : A resource failed to call release.
11-08 14:54:34.122  1132  1139 W System  : A resource failed to call release.
11-08 14:54:34.123  1132  1139 W System  : A resource failed to call release.
11-08 14:54:34.123  1132  1139 W System  : A resource failed to call release.
11-08 14:54:34.123  1132  1139 W System  : A resource failed to call release.
11-08 14:54:34.132 10815 10831 I TestRunner: finished: testProfilePage(com.example.titans_project.MainActivityTest)
