11-08 15:43:16.622 13737 13753 I TestRunner: started: testProfileSave(com.example.titans_project.MainActivityTest)
11-08 15:43:16.648 13737 13753 W Settings: Setting always_finish_activities has moved from android.provider.Settings.System to android.provider.Settings.Global, returning read-only value.
11-08 15:43:16.653   589   745 D InetDiagMessage: Destroyed 0 sockets, proto=IPPROTO_TCP, family=AF_INET, states=14
11-08 15:43:16.654   589   745 D InetDiagMessage: Destroyed 0 sockets, proto=IPPROTO_TCP, family=AF_INET6, states=14
11-08 15:43:16.654   589   745 D InetDiagMessage: Destroyed live tcp sockets for uids={10154} in 1ms
11-08 15:43:16.685   589  1807 V GrammaticalInflectionUtils: AttributionSource: android.content.AttributionSource@3e80ab61 does not have READ_SYSTEM_GRAMMATICAL_GENDER permission.
11-08 15:43:16.711  1132  1132 W SplitSelectStateCtor: Missing session instanceIds
11-08 15:43:16.711  1132  1132 D StatsLog: LAUNCHER_SPLIT_SELECTION_EXIT_INTERRUPTED
11-08 15:43:16.721  1132  1132 I TopTaskTracker: onTaskMovedToFront: (moved taskInfo to front) taskId=231, baseIntent=Intent { act=android.intent.action.MAIN cat=[android.intent.category.LAUNCHER] flg=0x10008000 cmp=com.example.titans_project/.MainActivity }
11-08 15:43:16.734   445   445 I BpBinder: onLastStrongRef automatically unlinking death recipients:
11-08 15:43:16.814  1132  1547 D EGL_emulation: app_time_stats: avg=126.36ms min=7.01ms max=2585.74ms count=23
11-08 15:43:16.928 13737 13737 D AppCompatDelegate: Checking for metadata for AppLocalesMetadataHolderService : Service not found
11-08 15:43:16.946 13737 13737 D LifecycleMonitor: Lifecycle status change: com.example.titans_project.MainActivity@cd683d6 in: PRE_ON_CREATE
11-08 15:43:16.947 13737 13737 V ActivityScenario: Activity lifecycle changed event received but ignored because the reported transition was not ON_CREATE while the last known transition was PRE_ON_CREATE
11-08 15:43:16.953  1132  1547 D EGL_emulation: app_time_stats: avg=1218.31ms min=4.27ms max=12967.70ms count=11
11-08 15:43:16.960   841  1073 D EGL_emulation: app_time_stats: avg=1829.97ms min=1829.97ms max=1829.97ms count=1
11-08 15:43:16.968 13551 13567 I AidlLazyServiceRegistrar: Process has 0 (of 2 available) client(s) in use after notification android.system.virtualizationmaintenance has clients: 0
11-08 15:43:16.968 13551 13567 I AidlLazyServiceRegistrar: Trying to shut down the service. No clients in use for any service in process.
11-08 15:43:16.981 13551 13567 I AidlLazyServiceRegistrar: Unregistered all clients and exiting
11-08 15:43:17.157 13737 13737 W .titans_project: Accessing hidden method Landroid/view/ViewGroup;->makeOptionalFitsSystemWindows()V (unsupported, reflection, allowed)
11-08 15:43:17.211  1132  1132 D VRI[NexusLauncherActivity]: visibilityChanged oldVisibility=true newVisibility=false
11-08 15:43:17.221  1132  1132 D NexusLauncherModelDelegate: notifySmartspaceEvent: SmartspaceTargetEvent{mSmartspaceTarget=null, mSmartspaceActionId='null', mEventType=7}
11-08 15:43:17.417 13737 13737 D CompatChangeReporter: Compat change id reported: 3400644; UID 10223; state: ENABLED
11-08 15:43:17.548 13737 13741 I .titans_project: Compiler allocated 4219KB to compile void android.widget.TextView.<init>(android.content.Context, android.util.AttributeSet, int, int)
11-08 15:43:17.558 13737 13764 W System  : Ignoring header X-Firebase-Locale because its value was null.
11-08 15:43:17.603 13737 13764 D TrafficStats: tagSocket(113) with statsTag=0xffffffff, statsUid=-1
11-08 15:43:17.640   589  1813 D ConnectivityService: requestNetwork for uid/pid:10223/13737 activeRequest: null callbackRequest: 361 [NetworkRequest [ REQUEST id=362, [ Capabilities: INTERNET&NOT_RESTRICTED&TRUSTED&NOT_VCN_MANAGED&NOT_BANDWIDTH_CONSTRAINED Uid: 10223 RequestorUid: 10223 RequestorPkg: com.example.titans_project UnderlyingNetworks: Null] ]] callback flags: 0 order: 2147483647 isUidTracked: false
11-08 15:43:17.643   589   738 D WifiNetworkFactory: got request NetworkRequest [ REQUEST id=362, [ Capabilities: INTERNET&NOT_RESTRICTED&TRUSTED&NOT_VCN_MANAGED&NOT_BANDWIDTH_CONSTRAINED Uid: 10223 RequestorUid: 10223 RequestorPkg: com.example.titans_project UnderlyingNetworks: Null] ]
11-08 15:43:17.647   589   738 D UntrustedWifiNetworkFactory: got request NetworkRequest [ REQUEST id=362, [ Capabilities: INTERNET&NOT_RESTRICTED&TRUSTED&NOT_VCN_MANAGED&NOT_BANDWIDTH_CONSTRAINED Uid: 10223 RequestorUid: 10223 RequestorPkg: com.example.titans_project UnderlyingNetworks: Null] ]
11-08 15:43:17.647   589   738 D OemPaidWifiNetworkFactory: got request NetworkRequest [ REQUEST id=362, [ Capabilities: INTERNET&NOT_RESTRICTED&TRUSTED&NOT_VCN_MANAGED&NOT_BANDWIDTH_CONSTRAINED Uid: 10223 RequestorUid: 10223 RequestorPkg: com.example.titans_project UnderlyingNetworks: Null] ]
11-08 15:43:17.647   589   745 D ConnectivityService: NetReassign [362 : null → 104] [c 0] [a 2] [i 4]
11-08 15:43:17.647   589   738 D MultiInternetWifiNetworkFactory: got request NetworkRequest [ REQUEST id=362, [ Capabilities: INTERNET&NOT_RESTRICTED&TRUSTED&NOT_VCN_MANAGED&NOT_BANDWIDTH_CONSTRAINED Uid: 10223 RequestorUid: 10223 RequestorPkg: com.example.titans_project UnderlyingNetworks: Null] ]
11-08 15:43:17.662 13737 13770 W DynamiteModule: Local module descriptor class for com.google.android.gms.providerinstaller.dynamite not found.
11-08 15:43:17.682  1081  1095 W ProviderHelper: Unknown dynamite feature providerinstaller.dynamite
11-08 15:43:17.687 13737 13770 I DynamiteModule: Considering local module com.google.android.gms.providerinstaller.dynamite:0 and remote module com.google.android.gms.providerinstaller.dynamite:0
11-08 15:43:17.689 13737 13770 W ProviderInstaller: Failed to load providerinstaller module: No acceptable module com.google.android.gms.providerinstaller.dynamite found. Local version is 0 and remote version is 0.
11-08 15:43:17.694 13737 13770 D ApplicationLoaders: Returning zygote-cached class loader: /system/framework/org.apache.http.legacy.jar
11-08 15:43:17.701   589   745 W IPCThreadState: Sending oneway calls to frozen process.
11-08 15:43:17.702   589   745 W IPCThreadState: Sending oneway calls to frozen process.
11-08 15:43:17.708 13737 13737 D LifecycleMonitor: Lifecycle status change: com.example.titans_project.MainActivity@cd683d6 in: CREATED
11-08 15:43:17.708 13737 13737 V ActivityScenario: Update currentActivityStage to CREATED, currentActivity=com.example.titans_project.MainActivity@cd683d6
11-08 15:43:17.709  1406  1855 I BugleRcsEngine: Connected state: [1], networkType: [WIFI] [CONTEXT thread_id=58 ]
11-08 15:43:17.712  1406  2295 I BugleRcsEngine: handleMessage processing message:[NOTIFY_UPTIME_IGNORE_STATE_CHANGED] with [non-null]:RcsEngineImpl reference [CONTEXT log_prefix="RcsEngineImpl[DUAL_REG]:[3746f072-2d6c]>Handler" thread_id=64 ]
11-08 15:43:17.719  1081  1095 I ChimeraSrvcProxy: NullBinder for android.net.action.RECOMMEND_NETWORKS triggering remote TransactionTooLargeException due to Service without Chimera impl
11-08 15:43:17.720  1081  1095 W .gms.persistent: Large reply transaction of 1056768 bytes, interface descriptor , code 1
11-08 15:43:17.730 12098 12133 I Bugle   : BroadcastReceiverAsyncWorkTracker: Acknowledging broadcast of buoi@855a65
11-08 15:43:17.736 12098 12133 I Bugle   : BroadcastReceiverAsyncWorkTracker: Acknowledging broadcast of buoi@855a65
11-08 15:43:17.741 13737 13737 D LifecycleMonitor: Lifecycle status change: com.example.titans_project.MainActivity@cd683d6 in: STARTED
11-08 15:43:17.741 13737 13737 V ActivityScenario: Update currentActivityStage to STARTED, currentActivity=com.example.titans_project.MainActivity@cd683d6
11-08 15:43:17.747 13737 13737 D LifecycleMonitor: Lifecycle status change: com.example.titans_project.MainActivity@cd683d6 in: RESUMED
11-08 15:43:17.747 13737 13737 V ActivityScenario: Update currentActivityStage to RESUMED, currentActivity=com.example.titans_project.MainActivity@cd683d6
11-08 15:43:17.749 13737 13770 D nativeloader: Configuring clns-10 for other apk /system/framework/com.android.media.remotedisplay.jar. target_sdk_version=35, uses_libraries=ALL, library_path=/data/app/~~4HWBWauerLNSQZwl_bBw1w==/com.google.android.gms--q-pkihPRoSPUmDjOyoRPQ==/lib/x86_64:/data/app/~~4HWBWauerLNSQZwl_bBw1w==/com.google.android.gms--q-pkihPRoSPUmDjOyoRPQ==/base.apk!/lib/x86_64, permitted_path=/data:/mnt/expand:/data/user/0/com.google.android.gms
11-08 15:43:17.752  1406  2295 I BugleRcsEngine: No RCS Configuration was found in Bugle for simID: redacted-pii:sim_id[chars:20,last3:897] [CONTEXT log_prefix="ProvisioningEngineDataRetriever" thread_id=64 ]
11-08 15:43:17.769 13737 13770 D nativeloader: Configuring clns-11 for other apk /system/framework/com.android.location.provider.jar. target_sdk_version=35, uses_libraries=ALL, library_path=/data/app/~~4HWBWauerLNSQZwl_bBw1w==/com.google.android.gms--q-pkihPRoSPUmDjOyoRPQ==/lib/x86_64:/data/app/~~4HWBWauerLNSQZwl_bBw1w==/com.google.android.gms--q-pkihPRoSPUmDjOyoRPQ==/base.apk!/lib/x86_64, permitted_path=/data:/mnt/expand:/data/user/0/com.google.android.gms
11-08 15:43:17.777 13737 13737 W HWUI    : Unknown dataspace 0
11-08 15:43:17.783 13737 13770 D ApplicationLoaders: Returning zygote-cached class loader: /system_ext/framework/androidx.window.extensions.jar
11-08 15:43:17.784 13737 13770 D ApplicationLoaders: Returning zygote-cached class loader: /system_ext/framework/androidx.window.sidecar.jar
11-08 15:43:17.788 13737 13770 W .titans_project: Loading /data/app/~~4HWBWauerLNSQZwl_bBw1w==/com.google.android.gms--q-pkihPRoSPUmDjOyoRPQ==/oat/x86_64/base.odex non-executable as it requires an image which we failed to load
11-08 15:43:17.809 13737 13770 D nativeloader: Configuring clns-12 for other apk /data/app/~~4HWBWauerLNSQZwl_bBw1w==/com.google.android.gms--q-pkihPRoSPUmDjOyoRPQ==/base.apk. target_sdk_version=35, uses_libraries=, library_path=/data/app/~~4HWBWauerLNSQZwl_bBw1w==/com.google.android.gms--q-pkihPRoSPUmDjOyoRPQ==/lib/x86_64:/data/app/~~4HWBWauerLNSQZwl_bBw1w==/com.google.android.gms--q-pkihPRoSPUmDjOyoRPQ==/base.apk!/lib/x86_64, permitted_path=/data:/mnt/expand:/data/user/0/com.google.android.gms
11-08 15:43:17.822 13737 13770 W ProviderInstaller: Failed to report request stats: com.google.android.gms.common.security.ProviderInstallerImpl.reportRequestStats [class android.content.Context, long, long]
11-08 15:43:17.857   445  1091 W ServiceManagerCppClient: Permission failure: android.permission.ACCESS_SURFACE_FLINGER from uid=10223 pid=0
11-08 15:43:17.858   445  1091 D PermissionCache: checking android.permission.ACCESS_SURFACE_FLINGER for uid=10223 => denied (676 us)
11-08 15:43:17.858   445  1091 W ServiceManagerCppClient: Permission failure: android.permission.ROTATE_SURFACE_FLINGER from uid=10223 pid=0
11-08 15:43:17.858   445  1091 D PermissionCache: checking android.permission.ROTATE_SURFACE_FLINGER for uid=10223 => denied (864 us)
11-08 15:43:17.859   445  1091 W ServiceManagerCppClient: Permission failure: android.permission.INTERNAL_SYSTEM_WINDOW from uid=10223 pid=0
11-08 15:43:17.859   445  1091 D PermissionCache: checking android.permission.INTERNAL_SYSTEM_WINDOW for uid=10223 => denied (196 us)
11-08 15:43:17.859   445  1223 W ServiceManagerCppClient: Permission failure: android.permission.INTERNAL_SYSTEM_WINDOW from uid=10223 pid=13737
11-08 15:43:17.860   445  1223 D PermissionCache: checking android.permission.INTERNAL_SYSTEM_WINDOW for uid=10223 => denied (1440 us)
11-08 15:43:17.864 13737 13756 I EGL_emulation: Opening libGLESv1_CM_emulation.so
11-08 15:43:17.865 13737 13756 I EGL_emulation: Opening libGLESv2_emulation.so
11-08 15:43:17.922 13737 13756 W HWUI    : Failed to choose config with EGL_SWAP_BEHAVIOR_PRESERVED, retrying without...
11-08 15:43:17.925 13737 13756 W HWUI    : Failed to initialize 101010-2 format, error = EGL_SUCCESS
11-08 15:43:18.006 13737 13770 D nativeloader: Load /data/app/~~4HWBWauerLNSQZwl_bBw1w==/com.google.android.gms--q-pkihPRoSPUmDjOyoRPQ==/base.apk!/lib/x86_64/libconscrypt_gmscore_jni.so using ns clns-12 from class loader (caller=/data/app/~~4HWBWauerLNSQZwl_bBw1w==/com.google.android.gms--q-pkihPRoSPUmDjOyoRPQ==/base.apk!classes3.dex): ok
11-08 15:43:18.009 13737 13770 V NativeCrypto: Registering com/google/android/gms/org/conscrypt/NativeCrypto's 305 native methods...
11-08 15:43:18.081 13737 13775 W .titans_project: Accessing hidden method Ldalvik/system/VMStack;->getStackClass2()Ljava/lang/Class; (unsupported, reflection, allowed)
11-08 15:43:18.114 13737 13775 I ejky.a  : Unable to retrieve flag snapshot for com.google.android.gms.providerinstaller#com.google.android.gms, using defaults.
11-08 15:43:18.131 13737 13770 W .titans_project: Accessing hidden method Ljava/security/spec/ECParameterSpec;->getCurveName()Ljava/lang/String; (unsupported, reflection, allowed)
11-08 15:43:18.196 13737 13770 I ProviderInstaller: Installed default security provider GmsCore_OpenSSL
11-08 15:43:18.449   589  1807 D ConnectivityService: requestNetwork for uid/pid:10223/13737 activeRequest: null callbackRequest: 363 [NetworkRequest [ REQUEST id=364, [ Capabilities: INTERNET&NOT_RESTRICTED&TRUSTED&NOT_VCN_MANAGED&NOT_BANDWIDTH_CONSTRAINED Uid: 10223 RequestorUid: 10223 RequestorPkg: com.example.titans_project UnderlyingNetworks: Null] ]] callback flags: 0 order: 2147483647 isUidTracked: false
11-08 15:43:18.450   589   738 D WifiNetworkFactory: got request NetworkRequest [ REQUEST id=364, [ Capabilities: INTERNET&NOT_RESTRICTED&TRUSTED&NOT_VCN_MANAGED&NOT_BANDWIDTH_CONSTRAINED Uid: 10223 RequestorUid: 10223 RequestorPkg: com.example.titans_project UnderlyingNetworks: Null] ]
11-08 15:43:18.450   589   738 D UntrustedWifiNetworkFactory: got request NetworkRequest [ REQUEST id=364, [ Capabilities: INTERNET&NOT_RESTRICTED&TRUSTED&NOT_VCN_MANAGED&NOT_BANDWIDTH_CONSTRAINED Uid: 10223 RequestorUid: 10223 RequestorPkg: com.example.titans_project UnderlyingNetworks: Null] ]
11-08 15:43:18.450   589   745 D ConnectivityService: NetReassign [364 : null → 104] [c 0] [a 0] [i 1]
11-08 15:43:18.450   589   738 D OemPaidWifiNetworkFactory: got request NetworkRequest [ REQUEST id=364, [ Capabilities: INTERNET&NOT_RESTRICTED&TRUSTED&NOT_VCN_MANAGED&NOT_BANDWIDTH_CONSTRAINED Uid: 10223 RequestorUid: 10223 RequestorPkg: com.example.titans_project UnderlyingNetworks: Null] ]
11-08 15:43:18.450   589   738 D MultiInternetWifiNetworkFactory: got request NetworkRequest [ REQUEST id=364, [ Capabilities: INTERNET&NOT_RESTRICTED&TRUSTED&NOT_VCN_MANAGED&NOT_BANDWIDTH_CONSTRAINED Uid: 10223 RequestorUid: 10223 RequestorPkg: com.example.titans_project UnderlyingNetworks: Null] ]
11-08 15:43:18.590 13737 13764 W System  : Ignoring header X-Firebase-Locale because its value was null.
11-08 15:43:18.602 13737 13782 D TrafficStats: tagSocket(137) with statsTag=0xffffffff, statsUid=-1
11-08 15:43:18.612 13737 13764 D TrafficStats: tagSocket(138) with statsTag=0xffffffff, statsUid=-1
11-08 15:43:18.647 13737 13782 W .titans_project: Accessing hidden field Ljava/net/Socket;->impl:Ljava/net/SocketImpl; (unsupported, reflection, allowed)
11-08 15:43:18.748 13737 13782 W .titans_project: Accessing hidden method Ljava/security/spec/ECParameterSpec;->setCurveName(Ljava/lang/String;)V (unsupported, reflection, allowed)
11-08 15:43:18.912 13737 13772 E SurfaceSyncGroup: Failed to receive transaction ready in 1000ms. Marking SurfaceSyncGroup(wmsSync-VRI[MainActivity]#0) as ready
11-08 15:43:18.915   589  1807 W ServiceManagerCppClient: Permission failure: android.permission.ACCESS_SURFACE_FLINGER from uid=10223 pid=0
11-08 15:43:18.916   589  1807 D PermissionCache: checking android.permission.ACCESS_SURFACE_FLINGER for uid=10223 => denied (522 us)
11-08 15:43:18.916   589  1807 W ServiceManagerCppClient: Permission failure: android.permission.ROTATE_SURFACE_FLINGER from uid=10223 pid=0
11-08 15:43:18.916   589  1807 D PermissionCache: checking android.permission.ROTATE_SURFACE_FLINGER for uid=10223 => denied (102 us)
11-08 15:43:18.916   589  1807 W ServiceManagerCppClient: Permission failure: android.permission.INTERNAL_SYSTEM_WINDOW from uid=10223 pid=0
11-08 15:43:18.916   589  1807 D PermissionCache: checking android.permission.INTERNAL_SYSTEM_WINDOW for uid=10223 => denied (65 us)
11-08 15:43:18.920   589   612 W ziparchive: Unable to open '/data/app/~~zQV8uvMXHkwcN9drER7cVA==/com.example.titans_project-k8pr3yZOfUnsrEQj5U_IXw==/base.dm': No such file or directory
11-08 15:43:18.925   589   612 I ActivityTaskManager: Displayed com.example.titans_project/.MainActivity for user 0: +2s243ms
11-08 15:43:18.929 13737 13772 E SurfaceSyncGroup: Failed to receive transaction ready in 1000ms. Marking SurfaceSyncGroup(VRI[MainActivity]#1) as ready
11-08 15:43:18.985  1389  1762 I BistoHotwordHelper: (REDACTED) getHotwordActive::active query: %s, watch: %s, devices connected: %s
11-08 15:43:19.079 13737 13764 D FirebaseAuth: Notifying id token listeners about user ( K3IcIXDbcefJBx3bvjHNbQzB2jE3 ).
11-08 15:43:19.082 13737 13764 D FirebaseAuth: Notifying auth state listeners about user ( K3IcIXDbcefJBx3bvjHNbQzB2jE3 ).
11-08 15:43:19.218 13737 13769 W Firestore: (25.1.1) [Firestore]: Listen for Query(target=Query(events order by __name__);limitType=LIMIT_TO_FIRST) failed: Status{code=PERMISSION_DENIED, description=Missing or insufficient permissions., cause=null}
11-08 15:43:19.661 13737 13741 I .titans_project: Compiler allocated 5174KB to compile void android.view.ViewRootImpl.performTraversals()
11-08 15:43:20.348  1251  1693 I VoiceInputManagerWrapper: VoiceInputManagerWrapper.shutdownVoiceInternal():140 shutdownVoiceInternal()
11-08 15:43:20.739   841  1038 I Choreographer: Skipped 107 frames!  The application may be doing too much work on its main thread.
11-08 15:43:20.817   589   745 W IPCThreadState: Sending oneway calls to frozen process.
11-08 15:43:20.823  1406  1855 I BugleRcsEngine: Connected state: [1], networkType: [WIFI] [CONTEXT thread_id=58 ]
11-08 15:43:20.826   841  1038 W WindowOnBackDispatcher: sendCancelIfRunning: isInProgress=false callback=android.view.ViewRootImpl$$ExternalSyntheticLambda11@1e4c548
11-08 15:43:20.829  1406  2295 I BugleRcsEngine: handleMessage processing message:[NOTIFY_UPTIME_IGNORE_STATE_CHANGED] with [non-null]:RcsEngineImpl reference [CONTEXT log_prefix="RcsEngineImpl[DUAL_REG]:[3746f072-2d6c]>Handler" thread_id=64 ]
11-08 15:43:20.831   589  1638 W InputManager-JNI: Input channel object 'a358f4d Splash Screen com.example.titans_project (client)' was disposed without first being removed with the input manager!
11-08 15:43:20.831   589   745 W IPCThreadState: Sending oneway calls to frozen process.
11-08 15:43:20.838  1406  2295 I BugleRcsEngine: No RCS Configuration was found in Bugle for simID: redacted-pii:sim_id[chars:20,last3:897] [CONTEXT log_prefix="ProvisioningEngineDataRetriever" thread_id=64 ]
11-08 15:43:20.838  1132  1132 D BaseDepthController: setSurface:
11-08 15:43:20.838  1132  1132 D BaseDepthController: 	mWaitingOnSurfaceValidity: false
11-08 15:43:20.838  1132  1132 D BaseDepthController: 	mSurface: null
11-08 15:43:20.839  1132  1132 D BaseDepthController: mSurface is null and mCurrentBlur is: 0
11-08 15:43:20.841  1132  1132 D StateManager: goToState - fromState: Normal, toState: Normal, partial trace:
11-08 15:43:20.841  1132  1132 D StateManager: 	at com.android.launcher3.statemanager.StateManager.moveToRestState(go/retraceme 2855a437b73635ce9cad76b9289087e631bbb67fc90008a0da13d343a00e5041:4)
11-08 15:43:20.841  1132  1132 D StateManager: 	at com.android.launcher3.statemanager.StateManager.moveToRestState(go/retraceme 2855a437b73635ce9cad76b9289087e631bbb67fc90008a0da13d343a00e5041:1)
11-08 15:43:20.841  1132  1132 D StateManager: 	at com.android.launcher3.statemanager.StatefulActivity.onStop(go/retraceme 2855a437b73635ce9cad76b9289087e631bbb67fc90008a0da13d343a00e5041:34)
11-08 15:43:20.843  1132  1132 D StatsLog: LAUNCHER_ONSTOP
11-08 15:43:20.845  1132  1634 D OneSearchSuggestProvider: Shut down the binder channel
11-08 15:43:20.846  1132  1132 D StatsLog: LAUNCHER_GOOGLE_SEARCH_RESTORE_LIST_SIZE_AFTER_ACTIVITY_RESTART
11-08 15:43:20.847  1132  3641 I IPCThreadState: oneway function results for code 2 on binder at 0x7134c0d4d470 will be dropped but finished with status UNKNOWN_TRANSACTION
11-08 15:43:20.889   159   159 I hwservicemanager: getTransport: Cannot find entry android.hardware.graphics.mapper@4.0::IMapper/default in either framework or device VINTF manifest.
11-08 15:43:20.892 13737 13756 I Gralloc4: mapper 4.x is not supported
11-08 15:43:20.909  1081  1436 I ChimeraSrvcProxy: NullBinder for android.net.action.RECOMMEND_NETWORKS triggering remote TransactionTooLargeException due to Service without Chimera impl
11-08 15:43:20.909  1081  1436 W .gms.persistent: Large reply transaction of 1056768 bytes, interface descriptor , code 1
11-08 15:43:21.147 13737 13737 I Choreographer: Skipped 198 frames!  The application may be doing too much work on its main thread.
11-08 15:43:21.169 13737 13737 D AnonymousAuthActivity: signInAnonymously:success
11-08 15:43:21.170 13737 13748 I HWUI    : Davey! duration=3319ms; Flags=1, FrameTimelineVsyncId=314789, IntendedVsync=13827253812920, Vsync=13827253812920, InputEventId=0, HandleInputStart=13827263133400, AnimationStart=13827263159800, PerformTraversalsStart=13827263199000, DrawStart=13830411427300, FrameDeadline=13827270479586, FrameInterval=13827263115600, FrameStartTime=16666666, SyncQueued=13830462505600, SyncStart=13830494088700, IssueDrawCommandsStart=13830495510400, SwapBuffers=13830594113100, FrameCompleted=13830604587500, DequeueBufferDuration=71300, QueueBufferDuration=631500, GpuCompleted=13830604587500, SwapBuffersCompleted=13830598394100, DisplayPresentTime=0, CommandSubmissionCompleted=13830594113100,
11-08 15:43:21.196  1081  1436 I FontLog : (REDACTED) Received query %s, URI %s
11-08 15:43:21.196  1081  1436 I FontLog : (REDACTED) Query [%s] resolved to %s
11-08 15:43:21.197  1081  1436 I FontLog : (REDACTED) Fetch %s end status %s
11-08 15:43:21.200 13737 13774 E GoogleApiManager: Failed to get service from broker.
11-08 15:43:21.200 13737 13774 E GoogleApiManager: java.lang.SecurityException: Unknown calling package name 'com.google.android.gms'.
11-08 15:43:21.200 13737 13774 E GoogleApiManager: 	at android.os.Parcel.createExceptionOrNull(Parcel.java:3242)
11-08 15:43:21.200 13737 13774 E GoogleApiManager: 	at android.os.Parcel.createException(Parcel.java:3226)
11-08 15:43:21.200 13737 13774 E GoogleApiManager: 	at android.os.Parcel.readException(Parcel.java:3209)
11-08 15:43:21.200 13737 13774 E GoogleApiManager: 	at android.os.Parcel.readException(Parcel.java:3151)
11-08 15:43:21.200 13737 13774 E GoogleApiManager: 	at amxe.a(:com.google.android.gms@244337038@24.43.37 (260800-693941914):36)
11-08 15:43:21.200 13737 13774 E GoogleApiManager: 	at amvl.z(:com.google.android.gms@244337038@24.43.37 (260800-693941914):143)
11-08 15:43:21.200 13737 13774 E GoogleApiManager: 	at amcs.run(:com.google.android.gms@244337038@24.43.37 (260800-693941914):54)
11-08 15:43:21.200 13737 13774 E GoogleApiManager: 	at android.os.Handler.handleCallback(Handler.java:959)
11-08 15:43:21.200 13737 13774 E GoogleApiManager: 	at android.os.Handler.dispatchMessage(Handler.java:100)
11-08 15:43:21.200 13737 13774 E GoogleApiManager: 	at bskq.mC(:com.google.android.gms@244337038@24.43.37 (260800-693941914):1)
11-08 15:43:21.200 13737 13774 E GoogleApiManager: 	at bskq.dispatchMessage(:com.google.android.gms@244337038@24.43.37 (260800-693941914):5)
11-08 15:43:21.200 13737 13774 E GoogleApiManager: 	at android.os.Looper.loopOnce(Looper.java:232)
11-08 15:43:21.200 13737 13774 E GoogleApiManager: 	at android.os.Looper.loop(Looper.java:317)
11-08 15:43:21.200 13737 13774 E GoogleApiManager: 	at android.os.HandlerThread.run(HandlerThread.java:85)
11-08 15:43:21.211  1081  1095 I FontLog : (REDACTED) Pulling font file for id = %d, cache size = %d
11-08 15:43:21.221  1081  1095 I FontLog : (REDACTED) Pulling font file for id = %d, cache size = %d
11-08 15:43:21.236 13737 13773 W CondFlagRegistrar: Failed to register com.google.android.gms.providerinstaller#com.google.android.gms
11-08 15:43:21.236 13737 13773 W CondFlagRegistrar: ejlj: 17: 17: API: Phenotype.API is not available on this device. Connection failed with: ConnectionResult{statusCode=DEVELOPER_ERROR, resolution=null, message=null}
11-08 15:43:21.236 13737 13773 W CondFlagRegistrar: 	at ejll.a(:com.google.android.gms@244337038@24.43.37 (260800-693941914):13)
11-08 15:43:21.236 13737 13773 W CondFlagRegistrar: 	at fcqn.d(:com.google.android.gms@244337038@24.43.37 (260800-693941914):3)
11-08 15:43:21.236 13737 13773 W CondFlagRegistrar: 	at fcqp.run(:com.google.android.gms@244337038@24.43.37 (260800-693941914):130)
11-08 15:43:21.236 13737 13773 W CondFlagRegistrar: 	at fcsi.execute(:com.google.android.gms@244337038@24.43.37 (260800-693941914):1)
11-08 15:43:21.236 13737 13773 W CondFlagRegistrar: 	at fcqq.h(:com.google.android.gms@244337038@24.43.37 (260800-693941914):1)
11-08 15:43:21.236 13737 13773 W CondFlagRegistrar: 	at fcqq.l(:com.google.android.gms@244337038@24.43.37 (260800-693941914):101)
11-08 15:43:21.236 13737 13773 W CondFlagRegistrar: 	at fcqq.p(:com.google.android.gms@244337038@24.43.37 (260800-693941914):19)
11-08 15:43:21.236 13737 13773 W CondFlagRegistrar: 	at ebqt.hE(:com.google.android.gms@244337038@24.43.37 (260800-693941914):35)
11-08 15:43:21.236 13737 13773 W CondFlagRegistrar: 	at drdz.run(:com.google.android.gms@244337038@24.43.37 (260800-693941914):14)
11-08 15:43:21.236 13737 13773 W CondFlagRegistrar: 	at fcsi.execute(:com.google.android.gms@244337038@24.43.37 (260800-693941914):1)
11-08 15:43:21.236 13737 13773 W CondFlagRegistrar: 	at drea.b(:com.google.android.gms@244337038@24.43.37 (260800-693941914):18)
11-08 15:43:21.236 13737 13773 W CondFlagRegistrar: 	at drep.b(:com.google.android.gms@244337038@24.43.37 (260800-693941914):36)
11-08 15:43:21.236 13737 13773 W CondFlagRegistrar: 	at drer.c(:com.google.android.gms@244337038@24.43.37 (260800-693941914):26)
11-08 15:43:21.236 13737 13773 W CondFlagRegistrar: 	at amaa.c(:com.google.android.gms@244337038@24.43.37 (260800-693941914):9)
11-08 15:43:21.236 13737 13773 W CondFlagRegistrar: 	at amcq.q(:com.google.android.gms@244337038@24.43.37 (260800-693941914):48)
11-08 15:43:21.236 13737 13773 W CondFlagRegistrar: 	at amcq.d(:com.google.android.gms@244337038@24.43.37 (260800-693941914):10)
11-08 15:43:21.236 13737 13773 W CondFlagRegistrar: 	at amcq.g(:com.google.android.gms@244337038@24.43.37 (260800-693941914):211)
11-08 15:43:21.236 13737 13773 W CondFlagRegistrar: 	at amcq.onConnectionFailed(:com.google.android.gms@244337038@24.43.37 (260800-693941914):2)
11-08 15:43:21.236 13737 13773 W CondFlagRegistrar: 	at amcs.run(:com.google.android.gms@244337038@24.43.37 (260800-693941914):82)
11-08 15:43:21.236 13737 13773 W CondFlagRegistrar: 	at android.os.Handler.handleCallback(Handler.java:959)
11-08 15:43:21.236 13737 13773 W CondFlagRegistrar: 	at android.os.Handler.dispatchMessage(Handler.java:100)
11-08 15:43:21.236 13737 13773 W CondFlagRegistrar: 	at bskq.mC(:com.google.android.gms@244337038@24.43.37 (260800-693941914):1)
11-08 15:43:21.236 13737 13773 W CondFlagRegistrar: 	at bskq.dispatchMessage(:com.google.android.gms@244337038@24.43.37 (260800-693941914):5)
11-08 15:43:21.236 13737 13773 W CondFlagRegistrar: 	at android.os.Looper.loopOnce(Looper.java:232)
11-08 15:43:21.236 13737 13773 W CondFlagRegistrar: 	at android.os.Looper.loop(Looper.java:317)
11-08 15:43:21.236 13737 13773 W CondFlagRegistrar: 	at android.os.HandlerThread.run(HandlerThread.java:85)
11-08 15:43:21.236 13737 13773 W CondFlagRegistrar: Caused by: alys: 17: API: Phenotype.API is not available on this device. Connection failed with: ConnectionResult{statusCode=DEVELOPER_ERROR, resolution=null, message=null}
11-08 15:43:21.236 13737 13773 W CondFlagRegistrar: 	at amux.a(:com.google.android.gms@244337038@24.43.37 (260800-693941914):15)
11-08 15:43:21.236 13737 13773 W CondFlagRegistrar: 	at amad.a(:com.google.android.gms@244337038@24.43.37 (260800-693941914):1)
11-08 15:43:21.236 13737 13773 W CondFlagRegistrar: 	at amaa.c(:com.google.android.gms@244337038@24.43.37 (260800-693941914):5)
11-08 15:43:21.236 13737 13773 W CondFlagRegistrar: 	... 12 more
11-08 15:43:21.240 13737 13737 E AnonymousAuthActivity: Error fetching events: PERMISSION_DENIED: Missing or insufficient permissions.
11-08 15:43:21.245   589   710 I ImeTracker: com.example.titans_project:6eaf38d9: onRequestHide at ORIGIN_SERVER reason HIDE_UNSPECIFIED_WINDOW fromUser false
11-08 15:43:21.246   589   710 I ImeTracker: com.example.titans_project:6eaf38d9: onCancelled at PHASE_SERVER_SHOULD_HIDE
11-08 15:43:21.255  1251  1251 I GoogleInputMethodService: GoogleInputMethodService.onFinishInput():3157
11-08 15:43:21.261  1522  1522 D BoundBrokerSvc: onUnbind: Intent { act=com.google.android.gms.feedback.internal.IFeedbackService dat=chimera-action:/... cmp=com.google.android.gms/.chimera.GmsBoundBrokerService }
11-08 15:43:21.263  1251  1251 I GoogleInputMethodService: GoogleInputMethodService.updateDeviceLockedStatus():2248 repeatCheckTimes = 0, locked = false
11-08 15:43:21.263  1251  1251 I GoogleInputMethodService: GoogleInputMethodService.onStartInput():1986 onStartInput(EditorInfo{EditorInfo{packageName=com.example.titans_project, inputType=0, inputTypeString=NULL, enableLearning=false, autoCorrection=false, autoComplete=false, imeOptions=0, privateImeOptions=null, actionName=UNSPECIFIED, actionLabel=null, initialSelStart=-1, initialSelEnd=-1, initialCapsMode=0, label=null, fieldId=0, fieldName=null, extras=null, hintText=null, hintLocales=[]}}, false)
11-08 15:43:21.265  1251  1251 I GoogleInputMethodService: GoogleInputMethodService.updateDeviceLockedStatus():2248 repeatCheckTimes = 1, locked = false
11-08 15:43:21.266  1251  1251 I AndroidIME: InputBundleManager.loadActiveInputBundleId():450 loadActiveInputBundleId: und-Latn-x-password, password
11-08 15:43:21.426 13737 13753 W FileTestStorage: Output properties is not supported.
11-08 15:43:21.432 13737 13753 E AndroidXTracer: enableTracing failed. You may need to upgrade your androidx.tracing:tracing version
11-08 15:43:21.432 13737 13753 E AndroidXTracer: java.lang.NoSuchMethodError: No static method forceEnableAppTracing()V in class Landroidx/tracing/Trace; or its super classes (declaration of 'androidx.tracing.Trace' appears in /data/app/~~zQV8uvMXHkwcN9drER7cVA==/com.example.titans_project-k8pr3yZOfUnsrEQj5U_IXw==/base.apk)
11-08 15:43:21.432 13737 13753 E AndroidXTracer: 	at androidx.test.platform.tracing.AndroidXTracer.enableTracing(AndroidXTracer.java:57)
11-08 15:43:21.432 13737 13753 E AndroidXTracer: 	at androidx.test.platform.tracing.Tracing.<init>(Tracing.java:53)
11-08 15:43:21.432 13737 13753 E AndroidXTracer: 	at androidx.test.platform.tracing.Tracing.<clinit>(Tracing.java:49)
11-08 15:43:21.432 13737 13753 E AndroidXTracer: 	at androidx.test.espresso.base.BaseLayerModule.providesTracing(BaseLayerModule.java:190)
11-08 15:43:21.432 13737 13753 E AndroidXTracer: 	at androidx.test.espresso.base.BaseLayerModule_ProvidesTracingFactory.providesTracing(BaseLayerModule_ProvidesTracingFactory.java:37)
11-08 15:43:21.432 13737 13753 E AndroidXTracer: 	at androidx.test.espresso.base.BaseLayerModule_ProvidesTracingFactory.get(BaseLayerModule_ProvidesTracingFactory.java:29)
11-08 15:43:21.432 13737 13753 E AndroidXTracer: 	at androidx.test.espresso.base.BaseLayerModule_ProvidesTracingFactory.get(BaseLayerModule_ProvidesTracingFactory.java:11)
11-08 15:43:21.432 13737 13753 E AndroidXTracer: 	at androidx.test.espresso.core.internal.deps.dagger.internal.DoubleCheck.get(DoubleCheck.java:47)
11-08 15:43:21.432 13737 13753 E AndroidXTracer: 	at androidx.test.espresso.base.IdlingResourceRegistry_Factory.get(IdlingResourceRegistry_Factory.java:34)
11-08 15:43:21.432 13737 13753 E AndroidXTracer: 	at androidx.test.espresso.base.IdlingResourceRegistry_Factory.get(IdlingResourceRegistry_Factory.java:12)
11-08 15:43:21.432 13737 13753 E AndroidXTracer: 	at androidx.test.espresso.core.internal.deps.dagger.internal.DoubleCheck.get(DoubleCheck.java:47)
11-08 15:43:21.432 13737 13753 E AndroidXTracer: 	at androidx.test.espresso.DaggerBaseLayerComponent$BaseLayerComponentImpl.idlingResourceRegistry(DaggerBaseLayerComponent.java:275)
11-08 15:43:21.432 13737 13753 E AndroidXTracer: 	at androidx.test.espresso.Espresso.<clinit>(Espresso.java:64)
11-08 15:43:21.432 13737 13753 E AndroidXTracer: 	at com.example.titans_project.MainActivityTest.testProfileSave(MainActivityTest.java:75)
11-08 15:43:21.432 13737 13753 E AndroidXTracer: 	at java.lang.reflect.Method.invoke(Native Method)
11-08 15:43:21.432 13737 13753 E AndroidXTracer: 	at org.junit.runners.model.FrameworkMethod$1.runReflectiveCall(FrameworkMethod.java:59)
11-08 15:43:21.432 13737 13753 E AndroidXTracer: 	at org.junit.internal.runners.model.ReflectiveCallable.run(ReflectiveCallable.java:12)
11-08 15:43:21.432 13737 13753 E AndroidXTracer: 	at org.junit.runners.model.FrameworkMethod.invokeExplosively(FrameworkMethod.java:56)
11-08 15:43:21.432 13737 13753 E AndroidXTracer: 	at org.junit.internal.runners.statements.InvokeMethod.evaluate(InvokeMethod.java:17)
11-08 15:43:21.432 13737 13753 E AndroidXTracer: 	at org.junit.rules.ExternalResource$1.evaluate(ExternalResource.java:54)
11-08 15:43:21.432 13737 13753 E AndroidXTracer: 	at org.junit.runners.ParentRunner$3.evaluate(ParentRunner.java:306)
11-08 15:43:21.432 13737 13753 E AndroidXTracer: 	at org.junit.runners.BlockJUnit4ClassRunner$1.evaluate(BlockJUnit4ClassRunner.java:100)
11-08 15:43:21.432 13737 13753 E AndroidXTracer: 	at org.junit.runners.ParentRunner.runLeaf(ParentRunner.java:366)
11-08 15:43:21.432 13737 13753 E AndroidXTracer: 	at org.junit.runners.BlockJUnit4ClassRunner.runChild(BlockJUnit4ClassRunner.java:103)
11-08 15:43:21.432 13737 13753 E AndroidXTracer: 	at org.junit.runners.BlockJUnit4ClassRunner.runChild(BlockJUnit4ClassRunner.java:63)
11-08 15:43:21.432 13737 13753 E AndroidXTracer: 	at org.junit.runners.ParentRunner$4.run(ParentRunner.java:331)
11-08 15:43:21.432 13737 13753 E AndroidXTracer: 	at org.junit.runners.ParentRunner$1.schedule(ParentRunner.java:79)
11-08 15:43:21.432 13737 13753 E AndroidXTracer: 	at org.junit.runners.ParentRunner.runChildren(ParentRunner.java:329)
11-08 15:43:21.432 13737 13753 E AndroidXTracer: 	at org.junit.runners.ParentRunner.access$100(ParentRunner.java:66)
11-08 15:43:21.432 13737 13753 E AndroidXTracer: 	at org.junit.runners.ParentRunner$2.evaluate(ParentRunner.java:293)
11-08 15:43:21.432 13737 13753 E AndroidXTracer: 	at org.junit.runners.ParentRunner$3.evaluate(ParentRunner.java:306)
11-08 15:43:21.432 13737 13753 E AndroidXTracer: 	at org.junit.runners.ParentRunner.run(ParentRunner.java:413)
11-08 15:43:21.432 13737 13753 E AndroidXTracer: 	at androidx.test.ext.junit.runners.AndroidJUnit4.run(AndroidJUnit4.java:162)
11-08 15:43:21.432 13737 13753 E AndroidXTracer: 	at org.junit.runners.Suite.runChild(Suite.java:128)
11-08 15:43:21.432 13737 13753 E AndroidXTracer: 	at org.junit.runners.Suite.runChild(Suite.java:27)
11-08 15:43:21.432 13737 13753 E AndroidXTracer: 	at org.junit.runners.ParentRunner$4.run(ParentRunner.java:331)
11-08 15:43:21.432 13737 13753 E AndroidXTracer: 	at org.junit.runners.ParentRunner$1.schedule(ParentRunner.java:79)
11-08 15:43:21.432 13737 13753 E AndroidXTracer: 	at org.junit.runners.ParentRunner.runChildren(ParentRunner.java:329)
11-08 15:43:21.432 13737 13753 E AndroidXTracer: 	at org.junit.runners.ParentRunner.access$100(ParentRunner.java:66)
11-08 15:43:21.432 13737 13753 E AndroidXTracer: 	at org.junit.runners.ParentRunner$2.evaluate(ParentRunner.java:293)
11-08 15:43:21.432 13737 13753 E AndroidXTracer: 	at org.junit.runners.ParentRunner$3.evaluate(ParentRunner.java:306)
11-08 15:43:21.432 13737 13753 E AndroidXTracer: 	at org.junit.runners.ParentRunner.run(ParentRunner.java:413)
11-08 15:43:21.432 13737 13753 E AndroidXTracer: 	at org.junit.runner.JUnitCore.run(JUnitCore.java:137)
11-08 15:43:21.432 13737 13753 E AndroidXTracer: 	at org.junit.runner.JUnitCore.run(JUnitCore.java:115)
11-08 15:43:21.432 13737 13753 E AndroidXTracer: 	at androidx.test.internal.runner.TestExecutor.execute(TestExecutor.java:68)
11-08 15:43:21.432 13737 13753 E AndroidXTracer: 	at androidx.test.internal.runner.TestExecutor.execute(TestExecutor.java:59)
11-08 15:43:21.432 13737 13753 E AndroidXTracer: 	at androidx.test.runner.AndroidJUnitRunner.onStart(AndroidJUnitRunner.java:463)
11-08 15:43:21.432 13737 13753 E AndroidXTracer: 	at android.app.Instrumentation$InstrumentationThread.run(Instrumentation.java:2594)
11-08 15:43:21.432 13737 13753 I Tracing : Tracer added: class androidx.test.platform.tracing.AndroidXTracer
11-08 15:43:21.448 13737 13753 D CompatChangeReporter: Compat change id reported: 247079863; UID 10223; state: ENABLED
11-08 15:43:21.487 13737 13753 D EventInjectionStrategy: Creating injection strategy with input manager.
11-08 15:43:21.487 13737 13753 W .titans_project: Accessing hidden method Landroid/hardware/input/InputManager;->getInstance()Landroid/hardware/input/InputManager; (unsupported, reflection, allowed)
11-08 15:43:21.490 13737 13753 W .titans_project: Accessing hidden method Landroid/hardware/input/InputManager;->injectInputEvent(Landroid/view/InputEvent;I)Z (unsupported, reflection, allowed)
11-08 15:43:21.490 13737 13753 W .titans_project: Accessing hidden field Landroid/hardware/input/InputManager;->INJECT_INPUT_EVENT_MODE_WAIT_FOR_FINISH:I (unsupported, reflection, allowed)
11-08 15:43:21.521 13737 13753 W .titans_project: Accessing hidden method Landroid/view/ViewConfiguration;->getDoubleTapMinTime()I (unsupported, reflection, allowed)
11-08 15:43:21.535 13737 13737 W .titans_project: Accessing hidden method Landroid/os/MessageQueue;->next()Landroid/os/Message; (unsupported, reflection, allowed)
11-08 15:43:21.535 13737 13737 W .titans_project: Accessing hidden field Landroid/os/MessageQueue;->mMessages:Landroid/os/Message; (unsupported, reflection, allowed)
11-08 15:43:21.535 13737 13737 W .titans_project: Accessing hidden method Landroid/os/Message;->recycleUnchecked()V (unsupported, reflection, allowed)
11-08 15:43:21.551 13737 13737 I ViewInteraction: Performing 'single click' action on view view.getId() is <2131231139/com.example.titans_project:id/profile_button>
11-08 15:43:21.758   589  1795 V GrammaticalInflectionUtils: AttributionSource: android.content.AttributionSource@3e80ab61 does not have READ_SYSTEM_GRAMMATICAL_GENDER permission.
11-08 15:43:21.760   436  7080 D audioserver: logFgsApiBegin: FGS Logger Transaction failed, -129
11-08 15:43:21.760   589  1815 W AS.PlaybackActivityMon: No piid assigned for invalid/internal port id 15
11-08 15:43:21.776 13737 13737 D LifecycleMonitor: Lifecycle status change: com.example.titans_project.MainActivity@cd683d6 in: PAUSED
11-08 15:43:21.777 13737 13737 V ActivityScenario: Update currentActivityStage to PAUSED, currentActivity=com.example.titans_project.MainActivity@cd683d6
11-08 15:43:21.784   445   445 I BpBinder: onLastStrongRef automatically unlinking death recipients:
11-08 15:43:21.807 13737 13737 D LifecycleMonitor: Lifecycle status change: com.example.titans_project.ProfileView@a46496b in: PRE_ON_CREATE
11-08 15:43:21.808 13737 13737 V ActivityScenario: Activity lifecycle changed event received but ignored because the intent does not match. startActivityIntent=Intent { act=android.intent.action.MAIN cat=[android.intent.category.LAUNCHER] flg=0x10008000 cmp=com.example.titans_project/.MainActivity }, activity.getIntent()=Intent { cmp=com.example.titans_project/.ProfileView }, activity=com.example.titans_project.ProfileView@a46496b
11-08 15:43:21.926   436   541 D audioserver: logFgsApiEnd: FGS Logger Transaction failed, -129
11-08 15:43:22.131 13737 13737 D LifecycleMonitor: Lifecycle status change: com.example.titans_project.ProfileView@a46496b in: CREATED
11-08 15:43:22.131 13737 13737 V ActivityScenario: Activity lifecycle changed event received but ignored because the intent does not match. startActivityIntent=Intent { act=android.intent.action.MAIN cat=[android.intent.category.LAUNCHER] flg=0x10008000 cmp=com.example.titans_project/.MainActivity }, activity.getIntent()=Intent { cmp=com.example.titans_project/.ProfileView }, activity=com.example.titans_project.ProfileView@a46496b
11-08 15:43:22.133 13737 13737 D LifecycleMonitor: Lifecycle status change: com.example.titans_project.ProfileView@a46496b in: STARTED
11-08 15:43:22.134 13737 13737 V ActivityScenario: Activity lifecycle changed event received but ignored because the intent does not match. startActivityIntent=Intent { act=android.intent.action.MAIN cat=[android.intent.category.LAUNCHER] flg=0x10008000 cmp=com.example.titans_project/.MainActivity }, activity.getIntent()=Intent { cmp=com.example.titans_project/.ProfileView }, activity=com.example.titans_project.ProfileView@a46496b
11-08 15:43:22.136 13737 13737 D LifecycleMonitor: Lifecycle status change: com.example.titans_project.ProfileView@a46496b in: RESUMED
11-08 15:43:22.137 13737 13737 V ActivityScenario: Activity lifecycle changed event received but ignored because the intent does not match. startActivityIntent=Intent { act=android.intent.action.MAIN cat=[android.intent.category.LAUNCHER] flg=0x10008000 cmp=com.example.titans_project/.MainActivity }, activity.getIntent()=Intent { cmp=com.example.titans_project/.ProfileView }, activity=com.example.titans_project.ProfileView@a46496b
11-08 15:43:22.165 13737 13756 D EGL_emulation: app_time_stats: avg=27.94ms min=3.25ms max=276.65ms count=31
11-08 15:43:22.249  1522  1533 W gle.android.gms: ApkAssets: Deleting an ApkAssets object '<empty> and /data/app/~~zQV8uvMXHkwcN9drER7cVA==/com.example.titans_project-k8pr3yZOfUnsrEQj5U_IXw==/base.apk' with 1 weak references
11-08 15:43:22.262   589   738 D WifiConfigStore: Writing to stores completed in 40 ms.
11-08 15:43:22.594   589   612 I ActivityTaskManager: Displayed com.example.titans_project/.ProfileView for user 0: +825ms
11-08 15:43:22.714 13737 13737 D Firestore: Document exists. Data: {full_name=, Events={}, phone_number=, facility=, email=, notifications=false}
11-08 15:43:22.740 13737 13798 D ProfileInstaller: Installing profile for com.example.titans_project
11-08 15:43:23.041   589   710 I ImeTracker: com.example.titans_project:f535a045: onRequestHide at ORIGIN_SERVER reason HIDE_UNSPECIFIED_WINDOW fromUser false
11-08 15:43:23.041   589   710 I ImeTracker: com.example.titans_project:f535a045: onCancelled at PHASE_SERVER_SHOULD_HIDE
11-08 15:43:23.043  1251  1251 I GoogleInputMethodService: GoogleInputMethodService.onFinishInput():3157
11-08 15:43:23.049  1251  1251 I GoogleInputMethodService: GoogleInputMethodService.updateDeviceLockedStatus():2248 repeatCheckTimes = 0, locked = false
11-08 15:43:23.049  1251  1251 I GoogleInputMethodService: GoogleInputMethodService.onStartInput():1986 onStartInput(EditorInfo{EditorInfo{packageName=com.example.titans_project, inputType=0, inputTypeString=NULL, enableLearning=false, autoCorrection=false, autoComplete=false, imeOptions=0, privateImeOptions=null, actionName=UNSPECIFIED, actionLabel=null, initialSelStart=-1, initialSelEnd=-1, initialCapsMode=0, label=null, fieldId=0, fieldName=null, extras=null, hintText=null, hintLocales=[]}}, false)
11-08 15:43:23.051  1251  1251 I GoogleInputMethodService: GoogleInputMethodService.updateDeviceLockedStatus():2248 repeatCheckTimes = 1, locked = false
11-08 15:43:23.051  1251  1251 I AndroidIME: InputBundleManager.loadActiveInputBundleId():450 loadActiveInputBundleId: und-Latn-x-password, password
11-08 15:43:23.082 13737 13737 I ViewInteraction: Performing 'type text(Sho H)' action on view view.getId() is <2131230931/com.example.titans_project:id/edit_text_full_name>
11-08 15:43:23.194 13737 13737 I ImeTracker: com.example.titans_project:aefd8f30: onRequestShow at ORIGIN_CLIENT reason SHOW_SOFT_INPUT fromUser true
11-08 15:43:23.197 13737 13737 D InputMethodManager: showSoftInput() view=androidx.appcompat.widget.AppCompatEditText{4eb506 VFED..CL. .F.P..ID 52,827-1028,945 #7f0800d3 app:id/edit_text_full_name aid=1073741824} flags=0 reason=SHOW_SOFT_INPUT
11-08 15:43:23.206  1251  1251 I GoogleInputMethodService: GoogleInputMethodService.onFinishInput():3157
11-08 15:43:23.213  1251  1251 I GoogleInputMethodService: GoogleInputMethodService.updateDeviceLockedStatus():2248 repeatCheckTimes = 0, locked = false
11-08 15:43:23.218  1251  1251 I DeviceIntelligenceExtension: DeviceIntelligenceExtension.getInlineSuggestionsRequest():304 Inline suggestions disabled in stylus mode or vertical PK/Voice toolbar
11-08 15:43:23.221  1251  1251 I GoogleInputMethodService: GoogleInputMethodService.onStartInput():1986 onStartInput(EditorInfo{EditorInfo{packageName=com.example.titans_project, inputType=20001, inputTypeString=Normal, enableLearning=true, autoCorrection=true, autoComplete=true, imeOptions=48000005, privateImeOptions=null, actionName=NEXT, actionLabel=null, initialSelStart=0, initialSelEnd=0, initialCapsMode=0, label=null, fieldId=2131230931, fieldName=null, extras=Bundle[mParcelledData.dataSize=404], hintText=non-empty, hintLocales=[]}}, false)
11-08 15:43:23.223  1251  1251 I GoogleInputMethodService: GoogleInputMethodService.updateDeviceLockedStatus():2248 repeatCheckTimes = 1, locked = false
11-08 15:43:23.225  1251  1251 I AndroidIME: InputBundleManager.loadActiveInputBundleId():450 loadActiveInputBundleId: en-US, ime_english_united_states
11-08 15:43:23.240 13737 13737 I AssistStructure: Flattened final assist data: 3860 bytes, containing 1 windows, 18 views
11-08 15:43:23.251  1251  1251 I StylusModule: StylusModule.onUpdateToolType():770 Update tool type = 2
11-08 15:43:23.253  1251  1251 I GoogleInputMethodService: GoogleInputMethodService.onStartInputView():2098 onStartInputView(EditorInfo{EditorInfo{packageName=com.example.titans_project, inputType=20001, inputTypeString=Normal, enableLearning=true, autoCorrection=true, autoComplete=true, imeOptions=48000005, privateImeOptions=null, actionName=NEXT, actionLabel=null, initialSelStart=0, initialSelEnd=0, initialCapsMode=0, label=null, fieldId=2131230931, fieldName=null, extras=Bundle[{android.support.text.emoji.emojiCompat_metadataVersion=9, androidx.core.view.inputmethod.EditorInfoCompat.STYLUS_HANDWRITING_ENABLED=true, android.support.text.emoji.emojiCompat_replaceAll=false}], hintText=non-empty, hintLocales=[]}}, false)
11-08 15:43:23.254  1251  1251 I GoogleInputMethodService: GoogleInputMethodService.updateDeviceLockedStatus():2248 repeatCheckTimes = 1, locked = false
11-08 15:43:23.257  1251  1251 I KeyboardHeightUtil: KeyboardHeightUtil.getOemKeyboardHeightRatio():206 systemKeyboardHeightRatio:1.000000.
11-08 15:43:23.257  1251  1251 I AndroidIME: AbstractIme.onActivate():89 LatinIme.onActivate() : EditorInfo = EditorInfo{packageName=com.example.titans_project, inputType=20001, inputTypeString=Normal, enableLearning=true, autoCorrection=true, autoComplete=true, imeOptions=48000005, privateImeOptions=null, actionName=NEXT, actionLabel=null, initialSelStart=0, initialSelEnd=0, initialCapsMode=0, label=null, fieldId=2131230931, fieldName=null, extras=Bundle[{android.support.text.emoji.emojiCompat_metadataVersion=9, androidx.core.view.inputmethod.EditorInfoCompat.STYLUS_HANDWRITING_ENABLED=true, android.support.text.emoji.emojiCompat_replaceAll=false}], hintText=non-empty, hintLocales=[]}, IncognitoMode = false, DeviceLocked = false
11-08 15:43:23.260  1251  1251 I Delight5Facilitator: Delight5Facilitator.initializeForIme():747 initializeForIme() : Locale = [en_US], layout = qwerty
11-08 15:43:23.261  1251  1251 I VoiceInputHandler: VoiceInputHandler.onActivateIme():99 registering TalkbackStateListener
11-08 15:43:23.262  1251  1251 I VoiceInputManagerWrapper: VoiceInputManagerWrapper.cancelShutdown():102 cancelShutdown()
11-08 15:43:23.263  1251  1251 I VoiceInputManagerWrapper: VoiceInputManagerWrapper.syncLanguagePacks():114 syncLanguagePacks()
11-08 15:43:23.264  1251  1251 I LatinIme: LatinIme.updateEnableInlineSuggestionsOnDecoderSideFlags():1174 inline flag updated to:false
11-08 15:43:23.266  1251  6460 I SpeechFactory: SpeechRecognitionFactory.maybeScheduleAutoPackDownloadForFallback():200 maybeScheduleAutoPackDownloadForFallback()
11-08 15:43:23.267  1251  6460 I FallbackOnDeviceRecognitionProvider: FallbackOnDeviceRecognitionProvider.maybeScheduleAutoPackDownload():197 maybeScheduleAutoPackDownload() for language tag en-US
11-08 15:43:23.274  1251  1251 I InputBundle: InputBundle.consumeEvent():884 Skip consuming an event as keyboard status is 0
11-08 15:43:23.277  1251  1251 I KeyboardWrapper: KeyboardWrapper.activateKeyboard():575 activateKeyboard(): type=accessory, status=0, imeDef=ktt{stringId=ime_english_united_states, language=en-US, languageTag=en-US, processedConditions={enable_number_row=false, device=phone}, className=com.google.android.apps.inputmethod.libs.latin5.LatinIme, label=0, keyEventInterpreter=null, inlineComposing=true, autoCapital=true, announceAutoSelectedCandidate=true, statusIcon=0, primeKeyboardType=SOFT, indicatorIcon=0, indicatorLabel=US, displayAppCompletions=true, extraValues=ktl{}, processors=kvl@7209277, unacceptableMetaKeys=4098, languageSpecificSettings=0, asciiCapable=true, alwaysShowSuggestions=false, useAsciiPasswordKeyboard=false, secondaryIme=null, keyboardGroupDef=kut@b56f466, phenotypeFlagId=0, localizationLanguageTag=null, supportsInlineSuggestion=true, supportsAccessPoints=true}
