11-21 19:35:10.949  1651  2762 I SystemUpdate: [Installation,ReceiverIntentOperation] Received intent: Intent { act=com.google.android.gms.update.BASE_MODULE_INIT cat=[targeted_intent_op_prefix:.update.control.ReceiverIntentOperation] cmp=com.google.android.gms/.chimera.GmsIntentOperationService }.
11-21 19:35:10.951  1149  1149 D StatsLog: LAUNCHER_ALLAPPS_COUNT
11-21 19:35:10.961  2926  2959 D WM-GreedyScheduler: Cancelling work ID c5a6dd1f-71a7-4251-91c5-eb408bb872aa
11-21 19:35:10.977  2926  2959 D WM-SystemJobScheduler: Scheduling work ID 72e6ced1-572c-444e-8a2d-cf9de3bba4cdJob ID 13
11-21 19:35:10.983   369   369 D Zygote  : Forked child process 2980
11-21 19:35:10.992  2980  2980 I ns_project.test: Late-enabling -Xcheck:jni
11-21 19:35:10.996  1651  1651 D BoundBrokerSvc: onUnbind: Intent { act=com.google.android.mobstore.service.START pkg=com.google.android.gms }
11-21 19:35:11.003  2711  2962 E GoogleApiManager: Failed to get service from broker.
11-21 19:35:11.003  2711  2962 E GoogleApiManager: java.lang.SecurityException: Unknown calling package name 'com.google.android.gms'.
11-21 19:35:11.003  2711  2962 E GoogleApiManager: 	at android.os.Parcel.createExceptionOrNull(Parcel.java:3242)
11-21 19:35:11.003  2711  2962 E GoogleApiManager: 	at android.os.Parcel.createException(Parcel.java:3226)
11-21 19:35:11.003  2711  2962 E GoogleApiManager: 	at android.os.Parcel.readException(Parcel.java:3209)
11-21 19:35:11.003  2711  2962 E GoogleApiManager: 	at android.os.Parcel.readException(Parcel.java:3151)
11-21 19:35:11.003  2711  2962 E GoogleApiManager: 	at amxe.a(:com.google.android.gms@244337038@24.43.37 (260800-693941914):36)
11-21 19:35:11.003  2711  2962 E GoogleApiManager: 	at amvl.z(:com.google.android.gms@244337038@24.43.37 (260800-693941914):143)
11-21 19:35:11.003  2711  2962 E GoogleApiManager: 	at amcs.run(:com.google.android.gms@244337038@24.43.37 (260800-693941914):54)
11-21 19:35:11.003  2711  2962 E GoogleApiManager: 	at android.os.Handler.handleCallback(Handler.java:959)
11-21 19:35:11.003  2711  2962 E GoogleApiManager: 	at android.os.Handler.dispatchMessage(Handler.java:100)
11-21 19:35:11.003  2711  2962 E GoogleApiManager: 	at bskq.mC(:com.google.android.gms@244337038@24.43.37 (260800-693941914):1)
11-21 19:35:11.003  2711  2962 E GoogleApiManager: 	at bskq.dispatchMessage(:com.google.android.gms@244337038@24.43.37 (260800-693941914):5)
11-21 19:35:11.003  2711  2962 E GoogleApiManager: 	at android.os.Looper.loopOnce(Looper.java:232)
11-21 19:35:11.003  2711  2962 E GoogleApiManager: 	at android.os.Looper.loop(Looper.java:317)
11-21 19:35:11.003  2711  2962 E GoogleApiManager: 	at android.os.HandlerThread.run(HandlerThread.java:85)
11-21 19:35:11.008  2711  2960 W CondFlagRegistrar: Failed to register com.google.android.gms.providerinstaller#com.google.android.gms
11-21 19:35:11.008  2711  2960 W CondFlagRegistrar: ejlj: 17: 17: API: Phenotype.API is not available on this device. Connection failed with: ConnectionResult{statusCode=DEVELOPER_ERROR, resolution=null, message=null}
11-21 19:35:11.008  2711  2960 W CondFlagRegistrar: 	at ejll.a(:com.google.android.gms@244337038@24.43.37 (260800-693941914):13)
11-21 19:35:11.008  2711  2960 W CondFlagRegistrar: 	at fcqn.d(:com.google.android.gms@244337038@24.43.37 (260800-693941914):3)
11-21 19:35:11.008  2711  2960 W CondFlagRegistrar: 	at fcqp.run(:com.google.android.gms@244337038@24.43.37 (260800-693941914):130)
11-21 19:35:11.008  2711  2960 W CondFlagRegistrar: 	at fcsi.execute(:com.google.android.gms@244337038@24.43.37 (260800-693941914):1)
11-21 19:35:11.008  2711  2960 W CondFlagRegistrar: 	at fcqq.h(:com.google.android.gms@244337038@24.43.37 (260800-693941914):1)
11-21 19:35:11.008  2711  2960 W CondFlagRegistrar: 	at fcqq.l(:com.google.android.gms@244337038@24.43.37 (260800-693941914):101)
11-21 19:35:11.008  2711  2960 W CondFlagRegistrar: 	at fcqq.p(:com.google.android.gms@244337038@24.43.37 (260800-693941914):19)
11-21 19:35:11.008  2711  2960 W CondFlagRegistrar: 	at ebqt.hE(:com.google.android.gms@244337038@24.43.37 (260800-693941914):35)
11-21 19:35:11.008  2711  2960 W CondFlagRegistrar: 	at drdz.run(:com.google.android.gms@244337038@24.43.37 (260800-693941914):14)
11-21 19:35:11.008  2711  2960 W CondFlagRegistrar: 	at fcsi.execute(:com.google.android.gms@244337038@24.43.37 (260800-693941914):1)
11-21 19:35:11.008  2711  2960 W CondFlagRegistrar: 	at drea.b(:com.google.android.gms@244337038@24.43.37 (260800-693941914):18)
11-21 19:35:11.008  2711  2960 W CondFlagRegistrar: 	at drep.b(:com.google.android.gms@244337038@24.43.37 (260800-693941914):36)
11-21 19:35:11.008  2711  2960 W CondFlagRegistrar: 	at drer.c(:com.google.android.gms@244337038@24.43.37 (260800-693941914):26)
11-21 19:35:11.008  2711  2960 W CondFlagRegistrar: 	at amaa.c(:com.google.android.gms@244337038@24.43.37 (260800-693941914):9)
11-21 19:35:11.008  2711  2960 W CondFlagRegistrar: 	at amcq.q(:com.google.android.gms@244337038@24.43.37 (260800-693941914):48)
11-21 19:35:11.008  2711  2960 W CondFlagRegistrar: 	at amcq.d(:com.google.android.gms@244337038@24.43.37 (260800-693941914):10)
11-21 19:35:11.008  2711  2960 W CondFlagRegistrar: 	at amcq.g(:com.google.android.gms@244337038@24.43.37 (260800-693941914):211)
11-21 19:35:11.008  2711  2960 W CondFlagRegistrar: 	at amcq.onConnectionFailed(:com.google.android.gms@244337038@24.43.37 (260800-693941914):2)
11-21 19:35:11.008  2711  2960 W CondFlagRegistrar: 	at amcs.run(:com.google.android.gms@244337038@24.43.37 (260800-693941914):82)
11-21 19:35:11.008  2711  2960 W CondFlagRegistrar: 	at android.os.Handler.handleCallback(Handler.java:959)
11-21 19:35:11.008  2711  2960 W CondFlagRegistrar: 	at android.os.Handler.dispatchMessage(Handler.java:100)
11-21 19:35:11.008  2711  2960 W CondFlagRegistrar: 	at bskq.mC(:com.google.android.gms@244337038@24.43.37 (260800-693941914):1)
11-21 19:35:11.008  2711  2960 W CondFlagRegistrar: 	at bskq.dispatchMessage(:com.google.android.gms@244337038@24.43.37 (260800-693941914):5)
11-21 19:35:11.008  2711  2960 W CondFlagRegistrar: 	at android.os.Looper.loopOnce(Looper.java:232)
11-21 19:35:11.008  2711  2960 W CondFlagRegistrar: 	at android.os.Looper.loop(Looper.java:317)
11-21 19:35:11.008  2711  2960 W CondFlagRegistrar: 	at android.os.HandlerThread.run(HandlerThread.java:85)
11-21 19:35:11.008  2711  2960 W CondFlagRegistrar: Caused by: alys: 17: API: Phenotype.API is not available on this device. Connection failed with: ConnectionResult{statusCode=DEVELOPER_ERROR, resolution=null, message=null}
11-21 19:35:11.008  2711  2960 W CondFlagRegistrar: 	at amux.a(:com.google.android.gms@244337038@24.43.37 (260800-693941914):15)
11-21 19:35:11.008  2711  2960 W CondFlagRegistrar: 	at amad.a(:com.google.android.gms@244337038@24.43.37 (260800-693941914):1)
11-21 19:35:11.008  2711  2960 W CondFlagRegistrar: 	at amaa.c(:com.google.android.gms@244337038@24.43.37 (260800-693941914):5)
11-21 19:35:11.008  2711  2960 W CondFlagRegistrar: 	... 12 more
11-21 19:35:11.028  1103  2789 I NearbyPresence: (REDACTED) %s verified [!=] new request %s does not equal to the old request %s
11-21 19:35:11.029  2926  2926 D WM-RescheduleReceiver: Received intent Intent { act=android.intent.action.BOOT_COMPLETED flg=0x89000010 cmp=com.google.android.rkpdapp/androidx.work.impl.background.systemalarm.RescheduleReceiver (has extras) }
11-21 19:35:11.030  1103  2789 I NearbyPresence: NetworkMonitorImpl started. [CONTEXT service_id=317 ]
11-21 19:35:11.034   582   759 D ConnectivityService: NetReassign [no changes] [c 0] [a 1] [i 0]
11-21 19:35:11.035  1103  2789 I NearbyPresence: (REDACTED) Scheduled Presence server sync periodic task with period %s seconds.
11-21 19:35:11.040  1103  2582 I NearbyPresence: (REDACTED) NetworkMonitorImpl onAvailable %s
11-21 19:35:11.040  1103  2582 I NearbyPresence: (REDACTED) NetworkMonitorImpl onLinkPropertiesChanged %s
11-21 19:35:11.042  1845  1845 D CompatChangeReporter: Compat change id reported: 311402873; UID 10093; state: ENABLED
11-21 19:35:11.043  1845  1845 D CompatChangeReporter: Compat change id reported: 323349338; UID 10093; state: ENABLED
11-21 19:35:11.041  1103  2789 I NearbyPresence: (REDACTED) %s verified [==] new request %s equals to the old request
11-21 19:35:11.044  1651  2551 I Auth    : [WorkAccount] update authenticator enabled for boot or update
11-21 19:35:11.046  1103  1273 I Multidevice: (REDACTED) [byvh] Multidevice Sync Response: %s
11-21 19:35:11.062  2964  2964 D nativeloader: InitLlndkLibrariesProduct: libEGL.so:libGLESv1_CM.so:libGLESv2.so:libGLESv3.so:libRS.so:libandroid_net.so:libapexsupport.so:libbinder_ndk.so:libc.so:libcgrouprc.so:libclang_rt.asan-x86_64-android.so:libcom.android.tethering.connectivity_native.so:libdl.so:libft2.so:liblog.so:libm.so:libmediandk.so:libnativewindow.so:libneuralnetworks.so:libselinux.so:libsync.so:libvendorsupport.so:libvndksupport.so:libvulkan.so
11-21 19:35:11.062  2964  2964 D nativeloader: Configuring product-clns-7 for unbundled product apk /product/priv-app/ConfigUpdater/ConfigUpdater.apk. target_sdk_version=30, uses_libraries=, library_path=/product/priv-app/ConfigUpdater/lib/x86_64:/product/lib64:/system/product/lib64, permitted_path=/data:/mnt/expand:/data/user/0/com.google.android.configupdater:/product/lib64:/system/product/lib64
11-21 19:35:11.063  2964  2964 D nativeloader: InitVndkspLibrariesProduct: VNDK is deprecated with product
11-21 19:35:11.073  1651  2463 I Icing   : Indexing com.google.android.gms-apps from com.google.android.gms
11-21 19:35:11.074  2980  2980 I ns_project.test: Using CollectorTypeCMC GC.
11-21 19:35:11.074  1651  2463 I Icing   : Indexing done com.google.android.gms-apps
11-21 19:35:11.074  2980  2980 W ns_project.test: Unexpected CPU variant for x86: x86_64.
11-21 19:35:11.074  2980  2980 W ns_project.test: Known variants: atom, sandybridge, silvermont, goldmont, goldmont-plus, goldmont-without-sha-xsaves, tremont, kabylake, default
11-21 19:35:11.075  2964  2964 V GraphicsEnvironment: Currently set values for:
11-21 19:35:11.075  2964  2964 V GraphicsEnvironment:   angle_gl_driver_selection_pkgs=[]
11-21 19:35:11.075  2964  2964 V GraphicsEnvironment:   angle_gl_driver_selection_values=[]
11-21 19:35:11.075  2964  2964 V GraphicsEnvironment: Global.Settings values are invalid: number of packages: 0, number of values: 0
11-21 19:35:11.075  2964  2964 V GraphicsEnvironment: Neither updatable production driver nor prerelease driver is supported.
11-21 19:35:11.084  1103  1103 D BoundBrokerSvc: onBind: Intent { act=com.google.android.gms.nearby.connection.service.START pkg=com.google.android.gms }
11-21 19:35:11.084  1103  1103 D BoundBrokerSvc: Loading bound service for intent: Intent { act=com.google.android.gms.nearby.connection.service.START pkg=com.google.android.gms }
11-21 19:35:11.088  1651  1651 D BoundBrokerSvc: onBind: Intent { act=com.google.android.gms.auth.service.START pkg=com.google.android.gms }
11-21 19:35:11.088  1651  1651 D BoundBrokerSvc: Loading bound service for intent: Intent { act=com.google.android.gms.auth.service.START pkg=com.google.android.gms }
11-21 19:35:11.089  2980  2980 D nativeloader: Load libframework-connectivity-tiramisu-jni.so using APEX ns com_android_tethering for caller /apex/com.android.tethering/javalib/framework-connectivity-t.jar: ok
11-21 19:35:11.104  1103  1103 D BoundBrokerSvc: onBind: Intent { act=com.google.android.gms.auth.account.workaccount.START dat=chimera-action:/... cmp=com.google.android.gms/.chimera.PersistentApiService }
11-21 19:35:11.104  1103  1103 D BoundBrokerSvc: Loading bound service for intent: Intent { act=com.google.android.gms.auth.account.workaccount.START dat=chimera-action:/... cmp=com.google.android.gms/.chimera.PersistentApiService }
11-21 19:35:11.112  1651  2807 W SystemServiceRegistry: No service published for: persistent_data_block
11-21 19:35:11.114   448   457 I adbd    : jdwp connection from 2980
11-21 19:35:11.123  1651  2806 I Auth    : [FRP,FrpUpdateIntentOperation] Intent received: Intent { act=com.google.android.gms.auth.FRP_CONFIG_CHANGED cat=[targeted_intent_op_prefix:.auth.frp.FrpUpdateIntentOperation] cmp=com.google.android.gms/.chimera.GmsIntentOperationService }
11-21 19:35:11.131  1651  2806 I Auth    : [FRP,FrpUpdateIntentOperation] FRP is not supported for this device / user
11-21 19:35:11.135  1103  1260 I NearbyConnections: Client 73653069 requested setting downloads directory to null.
11-21 19:35:11.135  1103  1260 I NearbyConnections: Client 73653069 with package name 0p:com.google.android.gms.nearby.presence and sdk version 244337000 has connected, downloads dir is set to null.
11-21 19:35:11.136  1103  1260 I NearbyConnections: Add DeviceProvider of type 2.
11-21 19:35:11.136  1103  1260 I NearbyConnections: Successfully register device provider for endpointType 2 by client 73653069
11-21 19:35:11.142  2552  2552 D LifecycleMonitor: Lifecycle status change: com.example.titans_project.BrowseContentView@9ec7dd2 in: STOPPED
11-21 19:35:11.142  2552  2552 V ActivityScenario: Activity lifecycle changed event received but ignored because the intent does not match. startActivityIntent=Intent { act=android.intent.action.MAIN cat=[android.intent.category.LAUNCHER] flg=0x10008000 cmp=com.example.titans_project/.MainActivity }, activity.getIntent()=Intent { cmp=com.example.titans_project/.BrowseContentView }, activity=com.example.titans_project.BrowseContentView@9ec7dd2
11-21 19:35:11.151  2552  2552 D LifecycleMonitor: Lifecycle status change: com.example.titans_project.BrowseContentView@9ec7dd2 in: DESTROYED
11-21 19:35:11.151  2552  2552 V ActivityScenario: Activity lifecycle changed event received but ignored because the intent does not match. startActivityIntent=Intent { act=android.intent.action.MAIN cat=[android.intent.category.LAUNCHER] flg=0x10008000 cmp=com.example.titans_project/.MainActivity }, activity.getIntent()=Intent { cmp=com.example.titans_project/.BrowseContentView }, activity=com.example.titans_project.BrowseContentView@9ec7dd2
11-21 19:35:11.151  2552  2552 W WindowOnBackDispatcher: sendCancelIfRunning: isInProgress=false callback=android.view.ViewRootImpl$$ExternalSyntheticLambda11@d21ab65
11-21 19:35:11.158   582   995 W InputManager-JNI: Input channel object 'ed3cd0c com.example.titans_project/com.example.titans_project.BrowseContentView (client)' was disposed without first being removed with the input manager!
11-21 19:35:11.164  1651  2060 I SystemUpdate: [Execution,InstallationEventIntentOperation] Handling event of type 1.
11-21 19:35:11.174   855   855 D PowerNotificationWarningsGoogleImpl: onReceive: android.intent.action.BOOT_COMPLETED
11-21 19:35:11.176   855   855 D IncompatibleChargerNotification: dispatchIntent: android.intent.action.BOOT_COMPLETED
11-21 19:35:11.180  1103  1583 I Auth    : [WorkAccountServiceImpl] init work authenticator
11-21 19:35:11.182  2926  2959 D WM-GreedyScheduler: Starting tracking for 72e6ced1-572c-444e-8a2d-cf9de3bba4cd
11-21 19:35:11.186  2926  2959 D WM-SystemJobScheduler: Scheduling work ID ab220930-c5be-4bd7-b71a-09d25762e821Job ID 14
11-21 19:35:11.210   855   855 D ControlsListingControllerImpl: ServiceConfig reloaded, count: 0
11-21 19:35:11.219   855   855 D ControlsListingControllerImpl: ServiceConfig reloaded, count: 0
11-21 19:35:11.230   855   855 D ControlsListingControllerImpl: ServiceConfig reloaded, count: 0
11-21 19:35:11.246  2980  2980 D CompatChangeReporter: Compat change id reported: 242716250; UID 10212; state: ENABLED
11-21 19:35:11.292  1651  2551 I SystemUpdate: [Execution,InstallationIntentOperation] Received intent: Intent { act=com.google.android.gms.update.INSTALL_UPDATE cat=[targeted_intent_op_prefix:.update.execution.InstallationIntentOperation] cmp=com.google.android.gms/.chimera.GmsIntentOperationService (has extras) }.
11-21 19:35:11.294  2980  2980 D ApplicationLoaders: Returning zygote-cached class loader: /system/framework/android.test.base.jar
11-21 19:35:11.298   582   638 V GrammaticalInflectionUtils: AttributionSource: android.content.AttributionSource@730be0d2 does not have READ_SYSTEM_GRAMMATICAL_GENDER permission.
11-21 19:35:11.311  2980  2980 D nativeloader: Configuring clns-7 for other apk /system/framework/android.test.mock.jar. target_sdk_version=34, uses_libraries=ALL, library_path=/data/app/~~nHdxPu7WuTuKdiVHvHCOpg==/com.example.titans_project.test-wcyILS7USOyjebiFw9hM8Q==/lib/x86_64, permitted_path=/data:/mnt/expand:/data/user/0/com.example.titans_project.test
11-21 19:35:11.312  2980  2980 D ApplicationLoaders: Returning zygote-cached class loader: /system/framework/android.test.base.jar
11-21 19:35:11.319  2980  2980 D nativeloader: Configuring clns-8 for other apk /system/framework/android.test.runner.jar. target_sdk_version=34, uses_libraries=ALL, library_path=/data/app/~~nHdxPu7WuTuKdiVHvHCOpg==/com.example.titans_project.test-wcyILS7USOyjebiFw9hM8Q==/lib/x86_64, permitted_path=/data:/mnt/expand:/data/user/0/com.example.titans_project.test
11-21 19:35:11.320  2980  2980 W ziparchive: Unable to open '/data/app/~~nHdxPu7WuTuKdiVHvHCOpg==/com.example.titans_project.test-wcyILS7USOyjebiFw9hM8Q==/base.dm': No such file or directory
11-21 19:35:11.320  2980  2980 W ziparchive: Unable to open '/data/app/~~nHdxPu7WuTuKdiVHvHCOpg==/com.example.titans_project.test-wcyILS7USOyjebiFw9hM8Q==/base.dm': No such file or directory
11-21 19:35:11.319   369   369 D Zygote  : Forked child process 2994
11-21 19:35:11.336  2980  2980 D nativeloader: Configuring clns-9 for other apk /data/app/~~nHdxPu7WuTuKdiVHvHCOpg==/com.example.titans_project.test-wcyILS7USOyjebiFw9hM8Q==/base.apk. target_sdk_version=34, uses_libraries=, library_path=/data/app/~~nHdxPu7WuTuKdiVHvHCOpg==/com.example.titans_project.test-wcyILS7USOyjebiFw9hM8Q==/lib/x86_64, permitted_path=/data:/mnt/expand:/data/user/0/com.example.titans_project.test
11-21 19:35:11.343  1651  2551 I SystemUpdate: [Execution,ExecutionManager] Action finished-execution executed for 0.00 seconds.
11-21 19:35:11.348  1651  2807 I adservices: Register privacy sandbox mendel properties by handle intent
11-21 19:35:11.362  2994  2994 I ederatedcompute: Using CollectorTypeCMC GC.
11-21 19:35:11.363  2980  2980 V GraphicsEnvironment: Currently set values for:
11-21 19:35:11.363  2980  2980 V GraphicsEnvironment:   angle_gl_driver_selection_pkgs=[]
11-21 19:35:11.363  2980  2980 V GraphicsEnvironment:   angle_gl_driver_selection_values=[]
11-21 19:35:11.363  2980  2980 V GraphicsEnvironment: Global.Settings values are invalid: number of packages: 0, number of values: 0
11-21 19:35:11.363  2980  2980 V GraphicsEnvironment: Neither updatable production driver nor prerelease driver is supported.
11-21 19:35:11.364  2994  2994 W ederatedcompute: Unexpected CPU variant for x86: x86_64.
11-21 19:35:11.364  2994  2994 W ederatedcompute: Known variants: atom, sandybridge, silvermont, goldmont, goldmont-plus, goldmont-without-sha-xsaves, tremont, kabylake, default
11-21 19:35:11.366  2994  2994 E ederatedcompute: Not starting debugger since process cannot load the jdwp agent.
11-21 19:35:11.366  1103  1503 W GLSUser : [DeviceKeyStore] Cannot load key: Device key file not found.
11-21 19:35:11.366  1103  1503 W GLSUser : [DeviceKeyStore] Cannot load key: Device key file not found.
11-21 19:35:11.371  2994  2994 D nativeloader: Load libframework-connectivity-tiramisu-jni.so using APEX ns com_android_tethering for caller /apex/com.android.tethering/javalib/framework-connectivity-t.jar: ok
11-21 19:35:11.398  1103  1503 W GLSUser : [DeviceKeyStore] Cannot load key: Device key file not found.
11-21 19:35:11.399  1103  1503 W GLSUser : [DeviceKeyStore] Cannot load key: Device key file not found.
11-21 19:35:11.404  1651  2772 I DynamiteModule: Considering local module com.google.android.gms.cronet_dynamite:0 and remote module com.google.android.gms.cronet_dynamite:3411
11-21 19:35:11.404  1651  2772 I DynamiteModule: Selected remote version of com.google.android.gms.cronet_dynamite, version >= 3411
11-21 19:35:11.410  1651  2772 W System  : ClassLoader referenced unknown path:
11-21 19:35:11.411  1651  2772 D nativeloader: Configuring clns-10 for other apk . target_sdk_version=35, uses_libraries=, library_path=/data/app/~~4HWBWauerLNSQZwl_bBw1w==/com.google.android.gms--q-pkihPRoSPUmDjOyoRPQ==/lib/x86_64:/data/app/~~4HWBWauerLNSQZwl_bBw1w==/com.google.android.gms--q-pkihPRoSPUmDjOyoRPQ==/base.apk!/lib/x86_64, permitted_path=/data:/mnt/expand:/data/user/0/com.google.android.gms
11-21 19:35:11.472  2552  2552 D VRI[MainActivity]: visibilityChanged oldVisibility=true newVisibility=false
11-21 19:35:11.481  1277  1377 D AccessibilitySourceService: enabled a11y services count 0
11-21 19:35:11.481  1277  1377 D AccessibilitySourceService: a11y source sending 0 issue to sc
11-21 19:35:11.499  2926  2959 D WM-GreedyScheduler: Starting tracking for 72e6ced1-572c-444e-8a2d-cf9de3bba4cd,ab220930-c5be-4bd7-b71a-09d25762e821
11-21 19:35:11.525  1651  2772 D nativeloader: Configuring clns-11 for other apk . target_sdk_version=35, uses_libraries=ALL, library_path=/data/app/~~4HWBWauerLNSQZwl_bBw1w==/com.google.android.gms--q-pkihPRoSPUmDjOyoRPQ==/split_CronetDynamite_installtime.apk!/lib/x86_64:/data/app/~~4HWBWauerLNSQZwl_bBw1w==/com.google.android.gms--q-pkihPRoSPUmDjOyoRPQ==/split_CronetDynamite_installtime.apk!/lib/arm64-v8a, permitted_path=/data:/mnt/expand
11-21 19:35:11.528  1651  2772 D nativeloader: Load /data/app/~~4HWBWauerLNSQZwl_bBw1w==/com.google.android.gms--q-pkihPRoSPUmDjOyoRPQ==/split_CronetDynamite_installtime.apk!/lib/x86_64/libcronet.131.0.6738.0.so using isolated ns clns-11 (caller=/data/app/~~4HWBWauerLNSQZwl_bBw1w==/com.google.android.gms--q-pkihPRoSPUmDjOyoRPQ==/split_CronetDynamite_installtime.apk): ok
11-21 19:35:11.529  2926  2959 D WM-ConstraintTracker: NetworkStateTracker24: initial state = NetworkState(isConnected=true, isValidated=true, isMetered=false, isNotRoaming=true)
11-21 19:35:11.529  2926  2959 D WM-NetworkStateTracker: Registering network callback
11-21 19:35:11.529  1651  2806 I Ads     : Parental control value is stale. Refreshing.
11-21 19:35:11.530   582  1914 D ConnectivityService: requestNetwork for uid/pid:10202/2926 activeRequest: null callbackRequest: 128 [NetworkRequest [ REQUEST id=129, [ Capabilities: INTERNET&NOT_RESTRICTED&TRUSTED&NOT_VCN_MANAGED&NOT_BANDWIDTH_CONSTRAINED Uid: 10202 RequestorUid: 10202 RequestorPkg: com.google.android.rkpdapp UnderlyingNetworks: Null] ]] callback flags: 0 order: 2147483647 isUidTracked: false
11-21 19:35:11.532  2926  2959 D WM-GreedyScheduler: Constraints met: Scheduling work ID WorkGenerationalId(workSpecId=72e6ced1-572c-444e-8a2d-cf9de3bba4cd, generation=0)
11-21 19:35:11.532  2926  2959 D WM-GreedyScheduler: Constraints met: Scheduling work ID WorkGenerationalId(workSpecId=ab220930-c5be-4bd7-b71a-09d25762e821, generation=0)
11-21 19:35:11.534  2926  2959 D WM-Processor: Processor: processing WorkGenerationalId(workSpecId=72e6ced1-572c-444e-8a2d-cf9de3bba4cd, generation=0)
11-21 19:35:11.536  2926  2959 D WM-Processor: Processor: processing WorkGenerationalId(workSpecId=ab220930-c5be-4bd7-b71a-09d25762e821, generation=0)
11-21 19:35:11.537   582   759 D ConnectivityService: NetReassign [129 : null  100] [c 0] [a 5] [i 0]
11-21 19:35:11.539   582   752 D WifiNetworkFactory: got request NetworkRequest [ REQUEST id=129, [ Capabilities: INTERNET&NOT_RESTRICTED&TRUSTED&NOT_VCN_MANAGED&NOT_BANDWIDTH_CONSTRAINED Uid: 10202 RequestorUid: 10202 RequestorPkg: com.google.android.rkpdapp UnderlyingNetworks: Null] ]
11-21 19:35:11.539   582   752 D UntrustedWifiNetworkFactory: got request NetworkRequest [ REQUEST id=129, [ Capabilities: INTERNET&NOT_RESTRICTED&TRUSTED&NOT_VCN_MANAGED&NOT_BANDWIDTH_CONSTRAINED Uid: 10202 RequestorUid: 10202 RequestorPkg: com.google.android.rkpdapp UnderlyingNetworks: Null] ]
11-21 19:35:11.539   582   752 D OemPaidWifiNetworkFactory: got request NetworkRequest [ REQUEST id=129, [ Capabilities: INTERNET&NOT_RESTRICTED&TRUSTED&NOT_VCN_MANAGED&NOT_BANDWIDTH_CONSTRAINED Uid: 10202 RequestorUid: 10202 RequestorPkg: com.google.android.rkpdapp UnderlyingNetworks: Null] ]
11-21 19:35:11.539  2926  2959 D CompatChangeReporter: Compat change id reported: 263076149; UID 10202; state: ENABLED
11-21 19:35:11.539   582   752 D MultiInternetWifiNetworkFactory: got request NetworkRequest [ REQUEST id=129, [ Capabilities: INTERNET&NOT_RESTRICTED&TRUSTED&NOT_VCN_MANAGED&NOT_BANDWIDTH_CONSTRAINED Uid: 10202 RequestorUid: 10202 RequestorPkg: com.google.android.rkpdapp UnderlyingNetworks: Null] ]
11-21 19:35:11.539  2926  3009 D WM-NetworkStateTracker: Network capabilities changed: [ Transports: WIFI Capabilities: NOT_METERED&INTERNET&NOT_RESTRICTED&TRUSTED&NOT_VPN&VALIDATED&NOT_ROAMING&FOREGROUND&NOT_CONGESTED&NOT_SUSPENDED&NOT_VCN_MANAGED&NOT_BANDWIDTH_CONSTRAINED LinkUpBandwidth>=12000Kbps LinkDnBandwidth>=30000Kbps TransportInfo: <SSID: <unknown ssid>, BSSID: 02:00:00:00:00:00, MAC: 02:00:00:00:00:00, IP: /10.0.2.16, Security type: 0, Supplicant state: COMPLETED, Wi-Fi standard: legacy, RSSI: -50, Link speed: 1Mbps, Tx Link speed: 1Mbps, Max Supported Tx Link speed: 11Mbps, Rx Link speed: 2Mbps, Max Supported Rx Link speed: 11Mbps, Frequency: 2447MHz, Net ID: -1, Metered hint: false, score: 60, isUsable: true, CarrierMerged: false, SubscriptionId: -1, IsPrimary: -1, Trusted: true, Restricted: false, Ephemeral: false, OEM paid: false, OEM private: false, OSU AP: false, FQDN: <none>, Provider friendly name: <none>, Requesting package name: <none><none>MLO Information: , Is TID-To-Link negotiation supported by the AP: false, AP MLD Address: <none>, AP MLO Link Id: <none>, AP MLO Affiliated links: <none>, Vendor Data: <none>> SignalStrength: -50 UnderlyingNetworks: Null]
11-21 19:35:11.542  2926  2926 D WM-WorkerWrapper: Starting work for com.android.rkpdapp.provisioner.PeriodicProvisioner
11-21 19:35:11.545  2926  3011 I RkpdPeriodicProvisioner: Waking up; checking provisioning state.
11-21 19:35:11.549  2926  2926 D WM-WorkerWrapper: Starting work for com.android.rkpdapp.provisioner.WidevineProvisioner
11-21 19:35:11.560   582  1921 D SafetySourceDataValidat: No cert check requested for package com.google.android.permissioncontroller
11-21 19:35:11.590  2926  3011 D CompatChangeReporter: Compat change id reported: 247079863; UID 10202; state: ENABLED
11-21 19:35:11.591  2926  3011 V RkpdServerInterface: Requesting data from server. Attempt 1
11-21 19:35:11.591   582  1860 D SafetySourceDataValidat: No cert check requested for package com.google.android.permissioncontroller
11-21 19:35:11.602   582   999 D SafetySourceDataValidat: No cert check requested for package com.google.android.permissioncontroller
11-21 19:35:11.608  1651  2576 I Icing   : Removing corpus key com.google.android.deskclock-internal.3p:Alarm_cross_device for package com.google.android.deskclock
11-21 19:35:11.609  2994  2994 D nativeloader: Configuring clns-shared-7 for other apk /apex/com.android.ondevicepersonalization/app/FederatedComputeGoogle@350820260/FederatedComputeGoogle.apk. target_sdk_version=35, uses_libraries=, library_path=/apex/com.android.ondevicepersonalization/app/FederatedComputeGoogle@350820260/lib/x86_64:/system/lib64:/system_ext/lib64, permitted_path=/data:/mnt/expand:/data/user/0/com.google.android.federatedcompute:/apex/com.android.ondevicepersonalization/app/FederatedComputeGoogle@350820260:/system/lib64:/system_ext/lib64
11-21 19:35:11.611   582  1089 D SafetySourceDataValidat: No cert check requested for package com.google.android.permissioncontroller
11-21 19:35:11.622  2926  3011 D TrafficStats: tagSocket(91) with statsTag=0x1, statsUid=-1
11-21 19:35:11.632  2964  2964 E ConfigUpdater: ignoring update request
11-21 19:35:11.648  1103  2536 I Fitness : (REDACTED) OnPackageChangedOperation got intent: %s
11-21 19:35:11.655  1277  1277 D SafetyLabelChangesJobService: Received broadcast with intent action 'android.intent.action.BOOT_COMPLETED'
11-21 19:35:11.658  2926  3012 I DrmHalHidl: No hidl drm factories found
11-21 19:35:11.662  1651  2807 I adservices: Schedule privacy sandbox mendel properties daily job
11-21 19:35:11.671   160   160 I hwservicemanager: getTransport: Cannot find entry android.hardware.drm@1.0::IDrmFactory/default in either framework or device VINTF manifest.
11-21 19:35:11.673  2926  3012 E DrmHalHidl: Failed to find passthrough drm factories
11-21 19:35:11.677  2994  2994 D nativeloader: InitApexLibraries:
11-21 19:35:11.677  2994  2994 D nativeloader:   com_android_adservices: libhpke_jni.so:libtflite_support_classifiers_native.so
11-21 19:35:11.677  2994  2994 D nativeloader:   com_android_appsearch: libicing.so
11-21 19:35:11.677  2994  2994 D nativeloader:   com_android_art: libartservice.so
11-21 19:35:11.677  2994  2994 D nativeloader:   com_android_btservices: libbluetooth_jni.so
11-21 19:35:11.677  2994  2994 D nativeloader:   com_android_conscrypt: libjavacrypto.so
11-21 19:35:11.677  2994  2994 D nativeloader:   com_android_mediaprovider: libpdfclient.so
11-21 19:35:11.677  2994  2994 D nativeloader:   com_android_nfcservices: libnfc_nci_jni.so
11-21 19:35:11.677  2994  2994 D nativeloader:   com_android_ondevicepersonalization: libfcp_cpp_dep_jni.so:libfcp_hpke_jni.so
11-21 19:35:11.677  2994  2994 D nativeloader:   com_android_os_statsd: libstats_jni.so
11-21 19:35:11.677  2994  2994 D nativeloader:   com_android_tethering: libandroid_net_connectivity_com_android_net_module_util_jni.so:libcrypto.so:libframework-connectivity-jni.so:libframework-connectivity-tiramisu-jni.so:libmainlinecronet.121.0.6167.71.so:libservice-connectivity.so:libservice-thread-jni.so:libssl.so
11-21 19:35:11.677  2994  2994 D nativeloader:   com_android_uwb: libuwb_uci_jni_rust.so
11-21 19:35:11.677  2994  2994 D nativeloader:   com_android_virt: libvirtualizationservice_jni.so:libvirtualmachine_jni.so
11-21 19:35:11.678  2994  2994 D CompatChangeReporter: Compat change id reported: 202956589; UID 10204; state: ENABLED
11-21 19:35:11.684   369   369 D Zygote  : Forked child process 3022
11-21 19:35:11.685  2964  2964 E ConfigUpdater: ignoring update request
11-21 19:35:11.715  2964  2964 E ConfigUpdater: ignoring update request
11-21 19:35:11.716  1651  2772 I cr_CronetLibraryLoader: Cronet version: 131.0.6738.0, arch: x86_64
11-21 19:35:11.718   582  3026 W HWUI    : Failed to choose config with EGL_SWAP_BEHAVIOR_PRESERVED, retrying without...
11-21 19:35:11.718   582  3026 W HWUI    : Failed to initialize 101010-2 format, error = EGL_SUCCESS
11-21 19:35:11.719  2994  2994 V GraphicsEnvironment: Currently set values for:
11-21 19:35:11.719  2994  2994 V GraphicsEnvironment:   angle_gl_driver_selection_pkgs=[]
11-21 19:35:11.719  2994  2994 V GraphicsEnvironment:   angle_gl_driver_selection_values=[]
11-21 19:35:11.719  2994  2994 V GraphicsEnvironment: Global.Settings values are invalid: number of packages: 0, number of values: 0
11-21 19:35:11.719  2994  2994 V GraphicsEnvironment: Neither updatable production driver nor prerelease driver is supported.
11-21 19:35:11.724  2045  2164 I Bugle   : BugleStartup: Registering SIM change receiver...
11-21 19:35:11.727  2964  2964 E ConfigUpdater: ignoring update request
11-21 19:35:11.732  1651  2059 I Auth    : (REDACTED) [SupervisedAccountIntentOperationV2] onHandleIntent: %s
11-21 19:35:11.733  1651  2762 W Auth    : [PubsubPeriodicSyncherRuntimeInit] Initializing periodic tasks, IntentAction=android.intent.action.BOOT_COMPLETED, InitRuntimeState=2
11-21 19:35:11.735  1651  2806 I Ads     : Initialized AdMob in container 24.43.37 (260800-693941914)
11-21 19:35:11.741   582  1923 D ConnectivityService: requestNetwork for uid/pid:10144/1651 activeRequest: null callbackRequest: 130 [NetworkRequest [ REQUEST id=131, [ Capabilities: INTERNET&NOT_RESTRICTED&TRUSTED&NOT_VCN_MANAGED&NOT_BANDWIDTH_CONSTRAINED Uid: 10144 RequestorUid: 10144 RequestorPkg: com.google.android.gms UnderlyingNetworks: Null] ]] callback flags: 0 order: 2147483647 isUidTracked: false
11-21 19:35:11.750   582   752 D WifiNetworkFactory: got request NetworkRequest [ REQUEST id=131, [ Capabilities: INTERNET&NOT_RESTRICTED&TRUSTED&NOT_VCN_MANAGED&NOT_BANDWIDTH_CONSTRAINED Uid: 10144 RequestorUid: 10144 RequestorPkg: com.google.android.gms UnderlyingNetworks: Null] ]
11-21 19:35:11.751   582   759 D ConnectivityService: NetReassign [131 : null  100] [c 0] [a 1] [i 2]
11-21 19:35:11.751   582   752 D UntrustedWifiNetworkFactory: got request NetworkRequest [ REQUEST id=131, [ Capabilities: INTERNET&NOT_RESTRICTED&TRUSTED&NOT_VCN_MANAGED&NOT_BANDWIDTH_CONSTRAINED Uid: 10144 RequestorUid: 10144 RequestorPkg: com.google.android.gms UnderlyingNetworks: Null] ]
11-21 19:35:11.752   582   752 D OemPaidWifiNetworkFactory: got request NetworkRequest [ REQUEST id=131, [ Capabilities: INTERNET&NOT_RESTRICTED&TRUSTED&NOT_VCN_MANAGED&NOT_BANDWIDTH_CONSTRAINED Uid: 10144 RequestorUid: 10144 RequestorPkg: com.google.android.gms UnderlyingNetworks: Null] ]
11-21 19:35:11.752   582   752 D MultiInternetWifiNetworkFactory: got request NetworkRequest [ REQUEST id=131, [ Capabilities: INTERNET&NOT_RESTRICTED&TRUSTED&NOT_VCN_MANAGED&NOT_BANDWIDTH_CONSTRAINED Uid: 10144 RequestorUid: 10144 RequestorPkg: com.google.android.gms UnderlyingNetworks: Null] ]
11-21 19:35:11.733  3022  3022 I android.vending: Using CollectorTypeCMC GC.
11-21 19:35:11.753  3022  3022 W android.vending: Unexpected CPU variant for x86: x86_64.
11-21 19:35:11.753  3022  3022 W android.vending: Known variants: atom, sandybridge, silvermont, goldmont, goldmont-plus, goldmont-without-sha-xsaves, tremont, kabylake, default
11-21 19:35:11.767  3022  3022 E android.vending: Not starting debugger since process cannot load the jdwp agent.
11-21 19:35:11.772  2980  2980 W HWUI    : Unknown dataspace 0
11-21 19:35:11.774   582   759 D ConnectivityService: NetReassign [no changes] [c 0] [a 0] [i 1]
11-21 19:35:11.778  3022  3022 D nativeloader: Load libframework-connectivity-tiramisu-jni.so using APEX ns com_android_tethering for caller /apex/com.android.tethering/javalib/framework-connectivity-t.jar: ok
11-21 19:35:11.784  2964  2964 E ConfigUpdater: ignoring update request
11-21 19:35:11.786  2964  2964 E ConfigUpdater: ignoring update request
11-21 19:35:11.808  1335  1479 W PowerStateManagerImplKt: <DWB> Stop listening to nest dock changes as it is disabled and ramped down.
11-21 19:35:11.812  1651  2632 W GmsStrictMode: DISK_READ [CONTEXT service_id=256 ]
11-21 19:35:11.812  1651  2632 W GmsStrictMode: android.os.strictmode.DiskReadViolation
11-21 19:35:11.812  1651  2632 W GmsStrictMode: 	at android.os.StrictMode$AndroidBlockGuardPolicy.onReadFromDisk(StrictMode.java:1683)
11-21 19:35:11.812  1651  2632 W GmsStrictMode: 	at libcore.io.BlockGuardOs.access(BlockGuardOs.java:74)
11-21 19:35:11.812  1651  2632 W GmsStrictMode: 	at libcore.io.ForwardingOs.access(ForwardingOs.java:128)
11-21 19:35:11.812  1651  2632 W GmsStrictMode: 	at android.app.ActivityThread$AndroidOs.access(ActivityThread.java:8582)
11-21 19:35:11.812  1651  2632 W GmsStrictMode: 	at java.io.UnixFileSystem.checkAccess(UnixFileSystem.java:332)
11-21 19:35:11.812  1651  2632 W GmsStrictMode: 	at java.io.File.exists(File.java:829)
11-21 19:35:11.812  1651  2632 W GmsStrictMode: 	at android.app.ContextImpl.getDataDir(ContextImpl.java:3271)
11-21 19:35:11.812  1651  2632 W GmsStrictMode: 	at android.app.ContextImpl.getDir(ContextImpl.java:3290)
11-21 19:35:11.812  1651  2632 W GmsStrictMode: 	at android.content.ContextWrapper.getDir(ContextWrapper.java:353)
11-21 19:35:11.812  1651  2632 W GmsStrictMode: 	at android.content.ContextWrapper.getDir(ContextWrapper.java:353)
11-21 19:35:11.812  1651  2632 W GmsStrictMode: 	at blst.b(:com.google.android.gms@244337038@24.43.37 (260800-693941914):14)
11-21 19:35:11.812  1651  2632 W GmsStrictMode: 	at blsq.a(:com.google.android.gms@244337038@24.43.37 (260800-693941914):1)
11-21 19:35:11.812  1651  2632 W GmsStrictMode: 	at exdu.a(:com.google.android.gms@244337038@24.43.37 (260800-693941914):16)
11-21 19:35:11.812  1651  2632 W GmsStrictMode: 	at blst.a(:com.google.android.gms@244337038@24.43.37 (260800-693941914):31)
11-21 19:35:11.812  1651  2632 W GmsStrictMode: 	at blgz.s(:com.google.android.gms@244337038@24.43.37 (260800-693941914):20)
11-21 19:35:11.812  1651  2632 W GmsStrictMode: 	at blgz.i(:com.google.android.gms@244337038@24.43.37 (260800-693941914):309)
11-21 19:35:11.812  1651  2632 W GmsStrictMode: 	at blgz.g(:com.google.android.gms@244337038@24.43.37 (260800-693941914):9)
11-21 19:35:11.812  1651  2632 W GmsStrictMode: 	at blgz.r(:com.google.android.gms@244337038@24.43.37 (260800-693941914):2)
11-21 19:35:11.812  1651  2632 W GmsStrictMode: 	at blme.g(:com.google.android.gms@244337038@24.43.37 (260800-693941914):91)
11-21 19:35:11.812  1651  2632 W GmsStrictMode: 	at blme.o(:com.google.android.gms@244337038@24.43.37 (260800-693941914):3)
11-21 19:35:11.812  1651  2632 W GmsStrictMode: 	at blme.j(:com.google.android.gms@244337038@24.43.37 (260800-693941914):27)
11-21 19:35:11.812  1651  2632 W GmsStrictMode: 	at blme.i(:com.google.android.gms@244337038@24.43.37 (260800-693941914):2)
11-21 19:35:11.812  1651  2632 W GmsStrictMode: 	at rsv.a(:com.google.android.gms@244337038@24.43.37 (260800-693941914):17)
11-21 19:35:11.812  1651  2632 W GmsStrictMode: 	at rsv.i(:com.google.android.gms@244337038@24.43.37 (260800-693941914):156)
11-21 19:35:11.812  1651  2632 W GmsStrictMode: 	at rti.gC(:com.google.android.gms@244337038@24.43.37 (260800-693941914):9)
11-21 19:35:11.812  1651  2632 W GmsStrictMode: 	at dref.run(:com.google.android.gms@244337038@24.43.37 (260800-693941914):18)
11-21 19:35:11.812  1651  2632 W GmsStrictMode: 	at annd.c(:com.google.android.gms@244337038@24.43.37 (260800-693941914):12)
11-21 19:35:11.812  1651  2632 W GmsStrictMode: 	at bbwj.run(:com.google.android.gms@244337038@24.43.37 (260800-693941914):5)
11-21 19:35:11.812  1651  2632 W GmsStrictMode: 	at android.os.Handler.handleCallback(Handler.java:959)
11-21 19:35:11.812  1651  2632 W GmsStrictMode: 	at android.os.Handler.dispatchMessage(Handler.java:100)
11-21 19:35:11.812  1651  2632 W GmsStrictMode: 	at bskq.mC(:com.google.android.gms@244337038@24.43.37 (260800-693941914):1)
11-21 19:35:11.812  1651  2632 W GmsStrictMode: 	at bskq.dispatchMessage(:com.google.android.gms@244337038@24.43.37 (260800-693941914):138)
11-21 19:35:11.812  1651  2632 W GmsStrictMode: 	at android.os.Looper.loopOnce(Looper.java:232)
11-21 19:35:11.812  1651  2632 W GmsStrictMode: 	at android.os.Looper.loop(Looper.java:317)
11-21 19:35:11.812  1651  2632 W GmsStrictMode: 	at android.app.ActivityThread.main(ActivityThread.java:8705)
11-21 19:35:11.812  1651  2632 W GmsStrictMode: 	at java.lang.reflect.Method.invoke(Native Method)
11-21 19:35:11.812  1651  2632 W GmsStrictMode: 	at com.android.internal.os.RuntimeInit$MethodAndArgsCaller.run(RuntimeInit.java:580)
11-21 19:35:11.812  1651  2632 W GmsStrictMode: 	at com.android.internal.os.ZygoteInit.main(ZygoteInit.java:886)
11-21 19:35:11.813  1651  2632 W GmsStrictMode: DISK_READ [CONTEXT service_id=256 ]
11-21 19:35:11.813  1651  2632 W GmsStrictMode: android.os.strictmode.DiskReadViolation
11-21 19:35:11.813  1651  2632 W GmsStrictMode: 	at android.os.StrictMode$AndroidBlockGuardPolicy.onReadFromDisk(StrictMode.java:1683)
11-21 19:35:11.813  1651  2632 W GmsStrictMode: 	at libcore.io.BlockGuardOs.access(BlockGuardOs.java:74)
11-21 19:35:11.813  1651  2632 W GmsStrictMode: 	at libcore.io.ForwardingOs.access(ForwardingOs.java:128)
11-21 19:35:11.813  1651  2632 W GmsStrictMode: 	at android.app.ActivityThread$AndroidOs.access(ActivityThread.java:8582)
11-21 19:35:11.813  1651  2632 W GmsStrictMode: 	at java.io.UnixFileSystem.checkAccess(UnixFileSystem.java:332)
11-21 19:35:11.813  1651  2632 W GmsStrictMode: 	at java.io.File.exists(File.java:829)
11-21 19:35:11.813  1651  2632 W GmsStrictMode: 	at android.app.ContextImpl.getDir(ContextImpl.java:3291)
11-21 19:35:11.813  1651  2632 W GmsStrictMode: 	at android.content.ContextWrapper.getDir(ContextWrapper.java:353)
11-21 19:35:11.813  1651  2632 W GmsStrictMode: 	at android.content.ContextWrapper.getDir(ContextWrapper.java:353)
11-21 19:35:11.813  1651  2632 W GmsStrictMode: 	at blst.b(:com.google.android.gms@244337038@24.43.37 (260800-693941914):14)
11-21 19:35:11.813  1651  2632 W GmsStrictMode: 	at blsq.a(:com.google.android.gms@244337038@24.43.37 (260800-693941914):1)
11-21 19:35:11.813  1651  2632 W GmsStrictMode: 	at exdu.a(:com.google.android.gms@244337038@24.43.37 (260800-693941914):16)
11-21 19:35:11.813  1651  2632 W GmsStrictMode: 	at blst.a(:com.google.android.gms@244337038@24.43.37 (260800-693941914):31)
11-21 19:35:11.813  1651  2632 W GmsStrictMode: 	at blgz.s(:com.google.android.gms@244337038@24.43.37 (260800-693941914):20)
11-21 19:35:11.813  1651  2632 W GmsStrictMode: 	at blgz.i(:com.google.android.gms@244337038@24.43.37 (260800-693941914):309)
11-21 19:35:11.813  1651  2632 W GmsStrictMode: 	at blgz.g(:com.google.android.gms@244337038@24.43.37 (260800-693941914):9)
11-21 19:35:11.813  1651  2632 W GmsStrictMode: 	at blgz.r(:com.google.android.gms@244337038@24.43.37 (260800-693941914):2)
11-21 19:35:11.813  1651  2632 W GmsStrictMode: 	at blme.g(:com.google.android.gms@244337038@24.43.37 (260800-693941914):91)
11-21 19:35:11.813  1651  2632 W GmsStrictMode: 	at blme.o(:com.google.android.gms@244337038@24.43.37 (260800-693941914):3)
11-21 19:35:11.813  1651  2632 W GmsStrictMode: 	at blme.j(:com.google.android.gms@244337038@24.43.37 (260800-693941914):27)
11-21 19:35:11.813  1651  2632 W GmsStrictMode: 	at blme.i(:com.google.android.gms@244337038@24.43.37 (260800-693941914):2)
11-21 19:35:11.813  1651  2632 W GmsStrictMode: 	at rsv.a(:com.google.android.gms@244337038@24.43.37 (260800-693941914):17)
11-21 19:35:11.813  1651  2632 W GmsStrictMode: 	at rsv.i(:com.google.android.gms@244337038@24.43.37 (260800-693941914):156)
11-21 19:35:11.813  1651  2632 W GmsStrictMode: 	at rti.gC(:com.google.android.gms@244337038@24.43.37 (260800-693941914):9)
11-21 19:35:11.813  1651  2632 W GmsStrictMode: 	at dref.run(:com.google.android.gms@244337038@24.43.37 (260800-693941914):18)
11-21 19:35:11.813  1651  2632 W GmsStrictMode: 	at annd.c(:com.google.android.gms@244337038@24.43.37 (260800-693941914):12)
11-21 19:35:11.813  1651  2632 W GmsStrictMode: 	at bbwj.run(:com.google.android.gms@244337038@24.43.37 (260800-693941914):5)
11-21 19:35:11.813  1651  2632 W GmsStrictMode: 	at android.os.Handler.handleCallback(Handler.java:959)
11-21 19:35:11.813  1651  2632 W GmsStrictMode: 	at android.os.Handler.dispatchMessage(Handler.java:100)
11-21 19:35:11.813  1651  2632 W GmsStrictMode: 	at bskq.mC(:com.google.android.gms@244337038@24.43.37 (260800-693941914):1)
11-21 19:35:11.813  1651  2632 W GmsStrictMode: 	at bskq.dispatchMessage(:com.google.android.gms@244337038@24.43.37 (260800-693941914):138)
11-21 19:35:11.813  1651  2632 W GmsStrictMode: 	at android.os.Looper.loopOnce(Looper.java:232)
11-21 19:35:11.813  1651  2632 W GmsStrictMode: 	at android.os.Looper.loop(Looper.java:317)
11-21 19:35:11.813  1651  2632 W GmsStrictMode: 	at android.app.ActivityThread.main(ActivityThread.java:8705)
11-21 19:35:11.813  1651  2632 W GmsStrictMode: 	at java.lang.reflect.Method.invoke(Native Method)
11-21 19:35:11.813  1651  2632 W GmsStrictMode: 	at com.android.internal.os.RuntimeInit$MethodAndArgsCaller.run(RuntimeInit.java:580)
11-21 19:35:11.813  1651  2632 W GmsStrictMode: 	at com.android.internal.os.ZygoteInit.main(ZygoteInit.java:886)
11-21 19:35:11.813  1651  2632 W GmsStrictMode: DISK_READ [CONTEXT service_id=256 ]
11-21 19:35:11.813  1651  2632 W GmsStrictMode: android.os.strictmode.DiskReadViolation
11-21 19:35:11.813  1651  2632 W GmsStrictMode: 	at android.os.StrictMode$AndroidBlockGuardPolicy.onReadFromDisk(StrictMode.java:1683)
11-21 19:35:11.813  1651  2632 W GmsStrictMode: 	at libcore.io.BlockGuardOs.access(BlockGuardOs.java:74)
11-21 19:35:11.813  1651  2632 W GmsStrictMode: 	at libcore.io.ForwardingOs.access(ForwardingOs.java:128)
11-21 19:35:11.813  1651  2632 W GmsStrictMode: 	at android.app.ActivityThread$AndroidOs.access(ActivityThread.java:8582)
11-21 19:35:11.813  1651  2632 W GmsStrictMode: 	at java.io.UnixFileSystem.checkAccess(UnixFileSystem.java:332)
11-21 19:35:11.813  1651  2632 W GmsStrictMode: 	at java.io.File.exists(File.java:829)
11-21 19:35:11.813  1651  2632 W GmsStrictMode: 	at blsq.a(:com.google.android.gms@244337038@24.43.37 (260800-693941914):5)
11-21 19:35:11.813  1651  2632 W GmsStrictMode: 	at exdu.a(:com.google.android.gms@244337038@24.43.37 (260800-693941914):16)
11-21 19:35:11.813  1651  2632 W GmsStrictMode: 	at blst.a(:com.google.android.gms@244337038@24.43.37 (260800-693941914):31)
11-21 19:35:11.813  1651  2632 W GmsStrictMode: 	at blgz.s(:com.google.android.gms@244337038@24.43.37 (260800-693941914):20)
11-21 19:35:11.813  1651  2632 W GmsStrictMode: 	at blgz.i(:com.google.android.gms@244337038@24.43.37 (260800-693941914):309)
11-21 19:35:11.813  1651  2632 W GmsStrictMode: 	at blgz.g(:com.google.android.gms@244337038@24.43.37 (260800-693941914):9)
11-21 19:35:11.813  1651  2632 W GmsStrictMode: 	at blgz.r(:com.google.android.gms@244337038@24.43.37 (260800-693941914):2)
11-21 19:35:11.813  1651  2632 W GmsStrictMode: 	at blme.g(:com.google.android.gms@244337038@24.43.37 (260800-693941914):91)
11-21 19:35:11.813  1651  2632 W GmsStrictMode: 	at blme.o(:com.google.android.gms@244337038@24.43.37 (260800-693941914):3)
11-21 19:35:11.813  1651  2632 W GmsStrictMode: 	at blme.j(:com.google.android.gms@244337038@24.43.37 (260800-693941914):27)
11-21 19:35:11.813  1651  2632 W GmsStrictMode: 	at blme.i(:com.google.android.gms@244337038@24.43.37 (260800-693941914):2)
11-21 19:35:11.813  1651  2632 W GmsStrictMode: 	at rsv.a(:com.google.android.gms@244337038@24.43.37 (260800-693941914):17)
11-21 19:35:11.813  1651  2632 W GmsStrictMode: 	at rsv.i(:com.google.android.gms@244337038@24.43.37 (260800-693941914):156)
11-21 19:35:11.813  1651  2632 W GmsStrictMode: 	at rti.gC(:com.google.android.gms@244337038@24.43.37 (260800-693941914):9)
11-21 19:35:11.813  1651  2632 W GmsStrictMode: 	at dref.run(:com.google.android.gms@244337038@24.43.37 (260800-693941914):18)
11-21 19:35:11.813  1651  2632 W GmsStrictMode: 	at annd.c(:com.google.android.gms@244337038@24.43.37 (260800-693941914):12)
11-21 19:35:11.813  1651  2632 W GmsStrictMode: 	at bbwj.run(:com.google.android.gms@244337038@24.43.37 (260800-693941914):5)
11-21 19:35:11.813  1651  2632 W GmsStrictMode: 	at android.os.Handler.handleCallback(Handler.java:959)
11-21 19:35:11.813  1651  2632 W GmsStrictMode: 	at android.os.Handler.dispatchMessage(Handler.java:100)
11-21 19:35:11.813  1651  2632 W GmsStrictMode: 	at bskq.mC(:com.google.android.gms@244337038@24.43.37 (260800-693941914):1)
11-21 19:35:11.813  1651  2632 W GmsStrictMode: 	at bskq.dispatchMessage(:com.google.android.gms@244337038@24.43.37 (260800-693941914):138)
11-21 19:35:11.813  1651  2632 W GmsStrictMode: 	at android.os.Looper.loopOnce(Looper.java:232)
11-21 19:35:11.813  1651  2632 W GmsStrictMode: 	at android.os.Looper.loop(Looper.java:317)
11-21 19:35:11.813  1651  2632 W GmsStrictMode: 	at android.app.ActivityThread.main(ActivityThread.java:8705)
11-21 19:35:11.813  1651  2632 W GmsStrictMode: 	at java.lang.reflect.Method.invoke(Native Method)
11-21 19:35:11.813  1651  2632 W GmsStrictMode: 	at com.android.internal.os.RuntimeInit$MethodAndArgsCaller.run(RuntimeInit.java:580)
11-21 19:35:11.813  1651  2632 W GmsStrictMode: 	at com.android.internal.os.ZygoteInit.main(ZygoteInit.java:886)
11-21 19:35:11.813  1651  2632 W GmsStrictMode: DISK_READ [CONTEXT service_id=256 ]
11-21 19:35:11.813  1651  2632 W GmsStrictMode: android.os.strictmode.DiskReadViolation
11-21 19:35:11.813  1651  2632 W GmsStrictMode: 	at android.os.StrictMode$AndroidBlockGuardPolicy.onReadFromDisk(StrictMode.java:1683)
11-21 19:35:11.813  1651  2632 W GmsStrictMode: 	at libcore.io.BlockGuardOs.open(BlockGuardOs.java:269)
11-21 19:35:11.813  1651  2632 W GmsStrictMode: 	at libcore.io.ForwardingOs.open(ForwardingOs.java:563)
11-21 19:35:11.813  1651  2632 W GmsStrictMode: 	at android.app.ActivityThread$AndroidOs.open(ActivityThread.java:8591)
11-21 19:35:11.813  1651  2632 W GmsStrictMode: 	at libcore.io.IoBridge.open(IoBridge.java:560)
11-21 19:35:11.813  1651  2632 W GmsStrictMode: 	at java.io.FileInputStream.<init>(FileInputStream.java:179)
11-21 19:35:11.813  1651  2632 W GmsStrictMode: 	at blsq.a(:com.google.android.gms@244337038@24.43.37 (260800-693941914):127)
11-21 19:35:11.813  1651  2632 W GmsStrictMode: 	at exdu.a(:com.google.android.gms@244337038@24.43.37 (260800-693941914):16)
11-21 19:35:11.813  1651  2632 W GmsStrictMode: 	at blst.a(:com.google.android.gms@244337038@24.43.37 (260800-693941914):31)
11-21 19:35:11.813  1651  2632 W GmsStrictMode: 	at blgz.s(:com.google.android.gms@244337038@24.43.37 (260800-693941914):20)
11-21 19:35:11.813  1651  2632 W GmsStrictMode: 	at blgz.i(:com.google.android.gms@244337038@24.43.37 (260800-693941914):309)
11-21 19:35:11.813  1651  2632 W GmsStrictMode: 	at blgz.g(:com.google.android.gms@244337038@24.43.37 (260800-693941914):9)
11-21 19:35:11.813  1651  2632 W GmsStrictMode: 	at blgz.r(:com.google.android.gms@244337038@24.43.37 (260800-693941914):2)
11-21 19:35:11.813  1651  2632 W GmsStrictMode: 	at blme.g(:com.google.android.gms@244337038@24.43.37 (260800-693941914):91)
11-21 19:35:11.813  1651  2632 W GmsStrictMode: 	at blme.o(:com.google.android.gms@244337038@24.43.37 (260800-693941914):3)
11-21 19:35:11.813  1651  2632 W GmsStrictMode: 	at blme.j(:com.google.android.gms@244337038@24.43.37 (260800-693941914):27)
11-21 19:35:11.813  1651  2632 W GmsStrictMode: 	at blme.i(:com.google.android.gms@244337038@24.43.37 (260800-693941914):2)
