11-21 18:13:02.043  8355  8355 D nativeloader: Configuring clns-8 for other apk /system/framework/android.test.runner.jar. target_sdk_version=34, uses_libraries=ALL, library_path=/data/app/~~vwuZ2_jHaDk2BLWmgaAi7w==/com.example.titans_project.test-AvPRq_fxH-HoM1ZNN5Wuog==/lib/x86_64, permitted_path=/data:/mnt/expand:/data/user/0/com.example.titans_project.test
11-21 18:13:02.067  8355  8355 W ziparchive: Unable to open '/data/app/~~vwuZ2_jHaDk2BLWmgaAi7w==/com.example.titans_project.test-AvPRq_fxH-HoM1ZNN5Wuog==/base.dm': No such file or directory
11-21 18:13:02.076  8355  8355 W ziparchive: Unable to open '/data/app/~~vwuZ2_jHaDk2BLWmgaAi7w==/com.example.titans_project.test-AvPRq_fxH-HoM1ZNN5Wuog==/base.dm': No such file or directory
11-21 18:13:02.094   692  1060 D InetDiagMessage: Destroyed 0 sockets, proto=IPPROTO_TCP, family=AF_INET, states=14
11-21 18:13:02.097   692  1060 D InetDiagMessage: Destroyed 0 sockets, proto=IPPROTO_TCP, family=AF_INET6, states=14
11-21 18:13:02.098   692  1060 D InetDiagMessage: Destroyed live tcp sockets for uids={10102} in 4ms
11-21 18:13:02.126  8355  8355 D nativeloader: Configuring clns-9 for other apk /data/app/~~vwuZ2_jHaDk2BLWmgaAi7w==/com.example.titans_project.test-AvPRq_fxH-HoM1ZNN5Wuog==/base.apk. target_sdk_version=34, uses_libraries=, library_path=/data/app/~~vwuZ2_jHaDk2BLWmgaAi7w==/com.example.titans_project.test-AvPRq_fxH-HoM1ZNN5Wuog==/lib/x86_64, permitted_path=/data:/mnt/expand:/data/user/0/com.example.titans_project.test
11-21 18:13:02.179  8355  8355 V GraphicsEnvironment: Currently set values for:
11-21 18:13:02.181  8355  8355 V GraphicsEnvironment:   angle_gl_driver_selection_pkgs=[]
11-21 18:13:02.181  8355  8355 V GraphicsEnvironment:   angle_gl_driver_selection_values=[]
11-21 18:13:02.181  8355  8355 V GraphicsEnvironment: Global.Settings values are invalid: number of packages: 0, number of values: 0
11-21 18:13:02.181  8355  8355 V GraphicsEnvironment: Neither updatable production driver nor prerelease driver is supported.
11-21 18:13:02.511  8292  8292 D VRI[MainActivity]: visibilityChanged oldVisibility=true newVisibility=false
11-21 18:13:02.523   692  1060 D InetDiagMessage: Destroyed 0 sockets, proto=IPPROTO_TCP, family=AF_INET, states=14
11-21 18:13:02.549   692  1060 D InetDiagMessage: Destroyed 2 sockets, proto=IPPROTO_TCP, family=AF_INET6, states=14
11-21 18:13:02.550   692  1060 D InetDiagMessage: Destroyed live tcp sockets for uids={10142} in 30ms
11-21 18:13:02.617  8355  8355 W HWUI    : Unknown dataspace 0
11-21 18:13:02.684   446   524 W ServiceManagerCppClient: Permission failure: android.permission.ACCESS_SURFACE_FLINGER from uid=10257 pid=0
11-21 18:13:02.684   446   524 D PermissionCache: checking android.permission.ACCESS_SURFACE_FLINGER for uid=10257 => denied (799 us)
11-21 18:13:02.686   446   524 W ServiceManagerCppClient: Permission failure: android.permission.ROTATE_SURFACE_FLINGER from uid=10257 pid=0
11-21 18:13:02.686   446   524 D PermissionCache: checking android.permission.ROTATE_SURFACE_FLINGER for uid=10257 => denied (2689 us)
11-21 18:13:02.688   446   456 W ServiceManagerCppClient: Permission failure: android.permission.ACCESS_SURFACE_FLINGER from uid=10257 pid=8355
11-21 18:13:02.688   446   456 D PermissionCache: checking android.permission.ACCESS_SURFACE_FLINGER for uid=10257 => denied (4593 us)
11-21 18:13:02.688   446   524 W ServiceManagerCppClient: Permission failure: android.permission.INTERNAL_SYSTEM_WINDOW from uid=10257 pid=0
11-21 18:13:02.689   446   524 D PermissionCache: checking android.permission.INTERNAL_SYSTEM_WINDOW for uid=10257 => denied (1991 us)
11-21 18:13:02.689   446   456 W ServiceManagerCppClient: Permission failure: android.permission.INTERNAL_SYSTEM_WINDOW from uid=10257 pid=8355
11-21 18:13:02.689   446   456 D PermissionCache: checking android.permission.INTERNAL_SYSTEM_WINDOW for uid=10257 => denied (382 us)
11-21 18:13:02.702  8355  8370 I EGL_emulation: Opening libGLESv1_CM_emulation.so
11-21 18:13:02.710  8355  8370 I EGL_emulation: Opening libGLESv2_emulation.so
11-21 18:13:02.750  8355  8370 W HWUI    : Failed to choose config with EGL_SWAP_BEHAVIOR_PRESERVED, retrying without...
11-21 18:13:02.756  8355  8370 W HWUI    : Failed to initialize 101010-2 format, error = EGL_SUCCESS
11-21 18:13:02.832   158   158 I hwservicemanager: getTransport: Cannot find entry android.hardware.graphics.mapper@4.0::IMapper/default in either framework or device VINTF manifest.
11-21 18:13:02.836  8355  8370 I Gralloc4: mapper 4.x is not supported
11-21 18:13:02.915   692  1900 W ServiceManagerCppClient: Permission failure: android.permission.ACCESS_SURFACE_FLINGER from uid=10257 pid=0
11-21 18:13:02.915   692  1900 D PermissionCache: checking android.permission.ACCESS_SURFACE_FLINGER for uid=10257 => denied (299 us)
11-21 18:13:02.915   692  1900 W ServiceManagerCppClient: Permission failure: android.permission.ROTATE_SURFACE_FLINGER from uid=10257 pid=0
11-21 18:13:02.915   692  1900 D PermissionCache: checking android.permission.ROTATE_SURFACE_FLINGER for uid=10257 => denied (154 us)
11-21 18:13:02.915   692  1900 W ServiceManagerCppClient: Permission failure: android.permission.INTERNAL_SYSTEM_WINDOW from uid=10257 pid=0
11-21 18:13:02.915   692  1900 D PermissionCache: checking android.permission.INTERNAL_SYSTEM_WINDOW for uid=10257 => denied (113 us)
11-21 18:13:02.948   692   758 W ziparchive: Unable to open '/data/app/~~vwuZ2_jHaDk2BLWmgaAi7w==/com.example.titans_project.test-AvPRq_fxH-HoM1ZNN5Wuog==/base.dm': No such file or directory
11-21 18:13:02.953   692   758 I ActivityTaskManager: Displayed com.example.titans_project.test/androidx.test.core.app.InstrumentationActivityInvoker$EmptyActivity for user 0: +1s947ms
11-21 18:13:02.957   446   446 I BpBinder: onLastStrongRef automatically unlinking death recipients:
11-21 18:13:02.968  1412  1412 I TopTaskTracker: onTaskMovedToFront: (moved taskInfo to front) taskId=318, baseIntent=Intent { act=android.intent.action.MAIN cat=[android.intent.category.HOME] flg=0x10000100 cmp=com.google.android.apps.nexuslauncher/.NexusLauncherActivity }
11-21 18:13:02.999  1412  1412 D StatsLog: LAUNCHER_ONRESUME
11-21 18:13:03.009  1412  1412 D NexusLauncherModelDelegate: notifySmartspaceEvent: SmartspaceTargetEvent{mSmartspaceTarget=null, mSmartspaceActionId='null', mEventType=6}
11-21 18:13:03.025   692  1756 W AppSearchIcing: icing-search-engine.cc:321: Error: 5, Message: Document (com.google.android.googlequicksearchbox$OneSearchZeroStateGoogleSuggestions/default, zp) not found.
11-21 18:13:03.041  1412  1967 D OneSearchSuggestProvider: AppSearch 0-state cache not available, fallback to AGA
11-21 18:13:03.041  1412  1967 D OneSearchSuggestProvider: java.util.concurrent.CompletionException: java.util.NoSuchElementException: No value present
11-21 18:13:03.041  1412  1967 D OneSearchSuggestProvider: 	at java.util.concurrent.CompletableFuture.encodeThrowable(CompletableFuture.java:308)
11-21 18:13:03.041  1412  1967 D OneSearchSuggestProvider: 	at java.util.concurrent.CompletableFuture.completeThrowable(CompletableFuture.java:323)
11-21 18:13:03.041  1412  1967 D OneSearchSuggestProvider: 	at java.util.concurrent.CompletableFuture$UniAccept.tryFire(CompletableFuture.java:684)
11-21 18:13:03.041  1412  1967 D OneSearchSuggestProvider: 	at java.util.concurrent.CompletableFuture.postComplete(CompletableFuture.java:486)
11-21 18:13:03.041  1412  1967 D OneSearchSuggestProvider: 	at java.util.concurrent.CompletableFuture.completeExceptionally(CompletableFuture.java:2138)
11-21 18:13:03.041  1412  1967 D OneSearchSuggestProvider: 	at com.google.android.apps.nexuslauncher.allapps.E0.onResult(go/retraceme 2855a437b73635ce9cad76b9289087e631bbb67fc90008a0da13d343a00e5041:67)
11-21 18:13:03.041  1412  1967 D OneSearchSuggestProvider: 	at android.app.appsearch.SearchSessionUtil$1.lambda$onResult$0(go/retraceme 64eee9e9f568ff45978879ad2ff83146f2618ee8a88278736fbdf5fae931976e:144)
11-21 18:13:03.041  1412  1967 D OneSearchSuggestProvider: 	at android.app.appsearch.SearchSessionUtil$1.$r8$lambda$CEk3q8sDAQVhU3rQwVueB8FAj_M(go/retraceme 64eee9e9f568ff45978879ad2ff83146f2618ee8a88278736fbdf5fae931976e:1)
11-21 18:13:03.041  1412  1967 D OneSearchSuggestProvider: 	at android.app.appsearch.SearchSessionUtil$1$$ExternalSyntheticLambda0.run(go/retraceme 64eee9e9f568ff45978879ad2ff83146f2618ee8a88278736fbdf5fae931976e:22)
11-21 18:13:03.041  1412  1967 D OneSearchSuggestProvider: 	at android.os.Handler.handleCallback(Handler.java:959)
11-21 18:13:03.041  1412  1967 D OneSearchSuggestProvider: 	at android.os.Handler.dispatchMessage(Handler.java:100)
11-21 18:13:03.041  1412  1967 D OneSearchSuggestProvider: 	at android.os.Looper.loopOnce(Looper.java:232)
11-21 18:13:03.041  1412  1967 D OneSearchSuggestProvider: 	at android.os.Looper.loop(Looper.java:317)
11-21 18:13:03.041  1412  1967 D OneSearchSuggestProvider: 	at android.os.HandlerThread.run(HandlerThread.java:85)
11-21 18:13:03.041  1412  1967 D OneSearchSuggestProvider: Caused by: java.util.NoSuchElementException: No value present
11-21 18:13:03.041  1412  1967 D OneSearchSuggestProvider: 	at java.util.Optional.get(Optional.java:143)
11-21 18:13:03.041  1412  1967 D OneSearchSuggestProvider: 	at com.google.android.apps.nexuslauncher.allapps.E0.onResult(go/retraceme 2855a437b73635ce9cad76b9289087e631bbb67fc90008a0da13d343a00e5041:28)
11-21 18:13:03.041  1412  1967 D OneSearchSuggestProvider: 	... 8 more
11-21 18:13:03.050  1412  1967 D OneSearchSuggestProvider: Created the binder channel successfully for end point service =com.google.android.apps.search.googleapp.search.suggest.plugins.onesearch.server.OneSearchSuggestService , mChannel=i1{delegate=f{logId=41, target=directaddress:///AndroidComponentAddress%5BIntent%20%7B%20act=grpc.io.action.BIND%20cmp=com.google.android.googlequicksearchbox/com.google.android.apps.search.googleapp.search.suggest.plugins.onesearch.server.OneSearchSuggestService%20%7D%5D}} , mOneSearchConnection=l2.Z@b0bfa2e
11-21 18:13:03.069  1412  1412 D BaseDepthController: setSurface:
11-21 18:13:03.069  1412  1412 D BaseDepthController: 	mWaitingOnSurfaceValidity: false
11-21 18:13:03.069  1412  1412 D BaseDepthController: 	mSurface: Surface(name=com.google.android.apps.nexuslauncher/com.google.android.apps.nexuslauncher.NexusLauncherActivity)/@0x3d708f9
11-21 18:13:03.191  8292  8292 D LifecycleMonitor: Lifecycle status change: com.example.titans_project.BrowseContentView@e78e42b in: STOPPED
11-21 18:13:03.234  1412  1472 D QuickstepModelDelegate: notifyAppTargetEvent action=1 launchLocation=workspace/0/[-1,-1]/[1,1]
11-21 18:13:03.362  8292  8292 V ActivityScenario: Activity lifecycle changed event received but ignored because the intent does not match. startActivityIntent=Intent { act=android.intent.action.MAIN cat=[android.intent.category.LAUNCHER] flg=0x10008000 cmp=com.example.titans_project/.MainActivity }, activity.getIntent()=Intent { cmp=com.example.titans_project/.BrowseContentView }, activity=com.example.titans_project.BrowseContentView@e78e42b
11-21 18:13:03.591   383  3151 D android.hardware.audio@7.1-impl.ranchu: threadLoop: entering standby, frames: 3378240
11-21 18:13:03.729  8292  8292 D LifecycleMonitor: Lifecycle status change: com.example.titans_project.BrowseContentView@e78e42b in: DESTROYED
11-21 18:13:03.730  8292  8292 V ActivityScenario: Activity lifecycle changed event received but ignored because the intent does not match. startActivityIntent=Intent { act=android.intent.action.MAIN cat=[android.intent.category.LAUNCHER] flg=0x10008000 cmp=com.example.titans_project/.MainActivity }, activity.getIntent()=Intent { cmp=com.example.titans_project/.BrowseContentView }, activity=com.example.titans_project.BrowseContentView@e78e42b
11-21 18:13:03.823  8292  8292 W WindowOnBackDispatcher: sendCancelIfRunning: isInProgress=false callback=android.view.ViewRootImpl$$ExternalSyntheticLambda11@9282bc4
11-21 18:13:03.850   692  2318 W InputManager-JNI: Input channel object '4177884 com.example.titans_project/com.example.titans_project.BrowseContentView (client)' was disposed without first being removed with the input manager!
11-21 18:13:03.893  1412  1805 I HWUI    : Davey! duration=734ms; Flags=1, FrameTimelineVsyncId=62347, IntendedVsync=2035494246056, Vsync=2035510912722, InputEventId=0, HandleInputStart=2035513751500, AnimationStart=2035513797600, PerformTraversalsStart=2035513862700, DrawStart=2035629392300, FrameDeadline=2035510912722, FrameInterval=2035513731300, FrameStartTime=16666666, SyncQueued=2035638623600, SyncStart=2035798782800, IssueDrawCommandsStart=2035802522700, SwapBuffers=2035814434400, FrameCompleted=2036388405700, DequeueBufferDuration=59000, QueueBufferDuration=1733100, GpuCompleted=2036388405700, SwapBuffersCompleted=2036382799100, DisplayPresentTime=0, CommandSubmissionCompleted=2035814434400,
11-21 18:13:04.061  8292  8292 D LifecycleMonitor: Lifecycle status change: com.example.titans_project.MainActivity@68b2ce8 in: STOPPED
11-21 18:13:04.089  8292  8292 V ActivityScenario: Update currentActivityStage to STOPPED, currentActivity=com.example.titans_project.MainActivity@68b2ce8
11-21 18:13:04.105  1412  1904 D EGL_emulation: app_time_stats: avg=460.31ms min=4.16ms max=7502.95ms count=17
11-21 18:13:04.121  1691  1871 I AiAiEcho: Predicting[0]:  [CONTEXT sampling_count=5 ]
11-21 18:13:04.122  1691  1871 I AiAiEcho: EchoTargets:
11-21 18:13:04.122  1691  1871 I AiAiEcho: Filtered by AiAi flag check:
11-21 18:13:04.122  1691  1871 I AiAiEcho: [CONTEXT ratelimit_period="10 SECONDS" ]
11-21 18:13:04.122  1691  1871 I AiAiEcho: Ranked targets strategy: SORT, count: 0, ranking metadata:  [CONTEXT ratelimit_period="10 SECONDS" ]
11-21 18:13:04.124  1412  1412 D StateManager: createAtomicAnimation - fromState: Background, toState: Normal, partial trace:
11-21 18:13:04.124  1412  1412 D StateManager: 	at com.android.quickstep.util.WorkspaceRevealAnim.prepareToAnimate(go/retraceme 2855a437b73635ce9cad76b9289087e631bbb67fc90008a0da13d343a00e5041:22)
11-21 18:13:04.124  1412  1412 D StateManager: 	at com.android.quickstep.util.WorkspaceRevealAnim.<init>(go/retraceme 2855a437b73635ce9cad76b9289087e631bbb67fc90008a0da13d343a00e5041:11)
11-21 18:13:04.124  1412  1412 D StateManager: 	at com.android.launcher3.QuickstepTransitionManager.createWallpaperOpenAnimations(go/retraceme 2855a437b73635ce9cad76b9289087e631bbb67fc90008a0da13d343a00e5041:735)
11-21 18:13:04.133  8292  8292 D LifecycleMonitor: Lifecycle status change: com.example.titans_project.MainActivity@68b2ce8 in: DESTROYED
11-21 18:13:04.148  1691  1871 I AiAiEcho: #remoteViewsTwiddler: feature disabled.
11-21 18:13:04.150  1691  1871 I AiAiEcho: #postPredictionTargets: Sending updates to UISurface home with targets# 0 (types=[])
11-21 18:13:04.183  8292  8292 V ActivityScenario: Update currentActivityStage to DESTROYED, currentActivity=null
11-21 18:13:04.185  8292  8309 I TestRunner: finished: testSwitchUserMode(com.example.titans_project.MainActivityTest)
